 ConEmu

 Timestamp is 59b6600f (Mon Sep 11 13:06:07 2017)

 Preferred load address is 10000000

 Start         Length     Name                   Class
 0001:00000000 00000010H .text$di                CODE
 0001:00000010 000207f4H .text$mn                CODE
 0001:00020804 00000329H .text$x                 CODE
 0001:00020b2d 0000002fH .text$yd                CODE
 0002:00000000 0000032cH .idata$5                DATA
 0002:0000032c 00000004H .00cfg                  DATA
 0002:00000330 00000004H .CRT$XCA                DATA
 0002:00000334 00000004H .CRT$XCU                DATA
 0002:00000338 00000004H .CRT$XCZ                DATA
 0002:0000033c 00000004H .CRT$XIA                DATA
 0002:00000340 00000010H .CRT$XIC                DATA
 0002:00000350 00000004H .CRT$XIZ                DATA
 0002:00000354 00000004H .CRT$XLA                DATA
 0002:00000358 00000004H .CRT$XLZ                DATA
 0002:0000035c 00000004H .CRT$XPA                DATA
 0002:00000360 00000008H .CRT$XPX                DATA
 0002:00000368 00000004H .CRT$XPXA               DATA
 0002:0000036c 00000004H .CRT$XPZ                DATA
 0002:00000370 00000004H .CRT$XTA                DATA
 0002:00000374 0000000cH .CRT$XTZ                DATA
 0002:00000378 00000000H .gfids$x                DATA
 0002:00000378 00000000H .gfids$y                DATA
 0002:00000380 00007f90H .rdata                  DATA
 0002:00008310 00000018H .rdata$T                DATA
 0002:00008328 000002e8H .rdata$r                DATA
 0002:00008610 0000005cH .rdata$sxdata           DATA
 0002:0000866c 000003b0H .rdata$zzzdbg           DATA
 0002:00008a1c 00000004H .rtc$IAA                DATA
 0002:00008a20 00000004H .rtc$IZZ                DATA
 0002:00008a24 00000004H .rtc$TAA                DATA
 0002:00008a28 00000004H .rtc$TZZ                DATA
 0002:00008a2c 00000004H .tls                    DATA
 0002:00008a30 00000004H .tls$                   DATA
 0002:00008a34 00000004H .tls$ZZZ                DATA
 0002:00008a38 00000828H .xdata$x                DATA
 0002:00009260 000002e0H .edata                  DATA
 0002:00009540 00000064H .idata$2                DATA
 0002:000095a4 00000014H .idata$3                DATA
 0002:000095b8 0000032cH .idata$4                DATA
 0002:000098e4 00000e6eH .idata$6                DATA
 0003:00000000 00000958H .data                   DATA
 0003:00000958 00000178H .data$r                 DATA
 0003:00000ad0 000099a8H .bss                    DATA
 0004:00000000 000000a0H .rsrc$01                DATA
 0004:000000a0 00000488H .rsrc$02                DATA

  Address         Publics by Value              Rva+Base       Lib:Object

 0000:00000000       __except_list              00000000     <absolute>
 0000:00000000       ___guard_fids_count        00000000     <absolute>
 0000:00000000       ___enclave_config          00000000     <absolute>
 0000:00000000       ___guard_longjmp_count     00000000     <absolute>
 0000:00000000       ___hybrid_code_map_count   00000000     <absolute>
 0000:00000000       ___guard_longjmp_table     00000000     <absolute>
 0000:00000000       ___guard_iat_table         00000000     <absolute>
 0000:00000000       ___guard_iat_count         00000000     <absolute>
 0000:00000000       ___hybrid_code_map         00000000     <absolute>
 0000:00000000       ___hybrid_auxiliary_iat    00000000     <absolute>
 0000:00000000       ___guard_fids_table        00000000     <absolute>
 0000:00000000       ___dynamic_value_reloc_table 00000000     <absolute>
 0000:00000017       ___safe_se_handler_count   00000017     <absolute>
 0000:0000002c       __tls_array                0000002c     <absolute>
 0000:00000100       ___guard_flags             00000100     <absolute>
 0000:00000000       ___ImageBase               10000000     <linker-defined>
 0001:00000010       ?StringCchCopyNW@@YGJPA_WIPB_WI@Z 10001010 f i CEStr.obj
 0001:00000085       ?Empty@CEStr@@QAEXXZ       10001085 f   CEStr.obj
 0001:000000a6       ??1CEStr@@QAE@XZ           100010a6 f   CEStr.obj
 0001:000000de       ?GetLen@CEStr@@QBEHXZ      100010de f   CEStr.obj
 0001:0000010c       ?GetBuffer@CEStr@@QAEPA_WH@Z 1000110c f   CEStr.obj
 0001:00000197       ?AttachInt@CEStr@@AAEPB_WAAPA_W@Z 10001197 f   CEStr.obj
 0001:000001f3       ?IsEmpty@CEStr@@QBE_NXZ    100011f3 f   CEStr.obj
 0001:00000203       ?Set@CEStr@@QAEPB_WPB_WH@Z 10001203 f   CEStr.obj
 0001:00000298       ??0MWow64Disable@@QAE@XZ   10001298 f i CmdLine.obj
 0001:000002de       ??1MWow64Disable@@QAE@XZ   100012de f i CmdLine.obj
 0001:00000325       ?IsFilePath@@YA_NPB_W_N@Z  10001325 f   CmdLine.obj
 0001:0000044f       ?PointToName@@YAPB_WPB_W@Z 1000144f f   CmdLine.obj
 0001:00000484       ?PointToExt@@YAPB_WPB_W@Z  10001484 f   CmdLine.obj
 0001:0000049f       ?SetCommand@CESERVER_REQ_NEWCMD@@QAEXPB_W@Z 1000149f f   Common.obj
 0001:000004f5       ?SetEnvStrings@CESERVER_REQ_NEWCMD@@QAEXPB_WK@Z 100014f5 f   Common.obj
 0001:000005ca       ?IsEnvBlockVariableValid@@YA_NPB_WAAPB_W@Z 100015ca f   Common.obj
 0001:00000614       ?StringCchCopyW@@YGJPA_WIPB_W@Z 10001614 f i ConEmuCheck.obj
 0001:00000678       ?ModuleName@@YAPB_WPB_W@Z  10001678 f   ConEmuCheck.obj
 0001:00000703       ?ExecuteOpenPipe@@YAPAXPB_WAAY0CAI@_W0KKHPAXH@Z 10001703 f   ConEmuCheck.obj
 0001:00000818       ?ExecutePrepareCmd@@YAXPAUCESERVER_REQ@@KI@Z 10001818 f   ConEmuCheck.obj
 0001:00000844       ?ExecutePrepareCmd@@YAXPAUCESERVER_REQ_HDR@@KI@Z 10001844 f   ConEmuCheck.obj
 0001:000008a4       ?ExecuteNewCmd@@YAPAUCESERVER_REQ@@KI@Z 100018a4 f   ConEmuCheck.obj
 0001:000008ee       ?ExecuteNewCmd@@YA_NAAPAUCESERVER_REQ@@AAKKI@Z 100018ee f   ConEmuCheck.obj
 0001:00000951       ?LoadSrvMapping@@YAHPAUHWND__@@AAUCESERVER_CONSOLE_MAPPING_HDR@@@Z 10001951 f   ConEmuCheck.obj
 0001:00000a13       ?ExecuteGuiCmd@@YAPAUCESERVER_REQ@@PAUHWND__@@PAU1@0H@Z 10001a13 f   ConEmuCheck.obj
 0001:00000a8c       ?ExecuteSrvCmd@@YAPAUCESERVER_REQ@@KPAU1@PAUHWND__@@HKH@Z 10001a8c f   ConEmuCheck.obj
 0001:00000b01       ?ExecuteCmd@@YAPAUCESERVER_REQ@@PB_WPAU1@KPAUHWND__@@HKH@Z 10001b01 f   ConEmuCheck.obj
 0001:00000cb1       ?ExecuteFreeResult@@YAXAAPAUCESERVER_REQ@@@Z 10001cb1 f   ConEmuCheck.obj
 0001:00000cc4       ?isConsoleClass@@YA_NPB_W@Z 10001cc4 f   ConEmuCheck.obj
 0001:00000cf5       ?isConsoleWindow@@YA_NPAUHWND__@@@Z 10001cf5 f   ConEmuCheck.obj
 0001:00000db5       ?myGetConsoleWindow@@YAPAUHWND__@@XZ 10001db5 f   ConEmuCheck.obj
 0001:00000e1d       ?GetConEmuHWND@@YAPAUHWND__@@H@Z 10001e1d f   ConEmuCheck.obj
 0001:00000f33       ??1?$MFileMapping@UPanelViewSetMapping@@@@QAE@XZ 10001f33 f i PluginBackground.obj
 0001:00000f33       ??1?$MFileMapping@UConEmuGuiMapping@@@@QAE@XZ 10001f33 f i ConEmuCheck.obj
 0001:00000f33       ??1?$MFileMapping@UCESERVER_CONSOLE_MAPPING_HDR@@@@QAE@XZ 10001f33 f i ConEmuCheck.obj
 0001:00000f3d       ?CloseMap@?$MFileMapping@UCESERVER_CONSOLE_MAPPING_HDR@@@@QAEXXZ 10001f3d f i ConEmuCheck.obj
 0001:00000f3d       ?CloseMap@?$MFileMapping@UConEmuGuiMapping@@@@QAEXXZ 10001f3d f i ConEmuCheck.obj
 0001:00000f3d       ?CloseMap@?$MFileMapping@UPanelViewSetMapping@@@@QAEXXZ 10001f3d f i PluginBackground.obj
 0001:00000f77       ?InitName@?$MFileMapping@UConEmuGuiMapping@@@@QAEPB_WPB_WKK@Z 10001f77 f i ConEmuCheck.obj
 0001:00000fa9       ??0?$MFileMapping@UCESERVER_CONSOLE_MAPPING_HDR@@@@QAE@XZ 10001fa9 f i ConEmuCheck.obj
 0001:00000fcd       ?InitName@?$MFileMapping@UCESERVER_CONSOLE_MAPPING_HDR@@@@QAEPB_WPB_WKK@Z 10001fcd f i ConEmuCheck.obj
 0001:00000fff       ?InternalOpenCreate@?$MFileMapping@UConEmuGuiMapping@@@@IAEPAUConEmuGuiMapping@@HHH@Z 10001fff f i ConEmuCheck.obj
 0001:000010c8       ?InternalOpenCreate@?$MFileMapping@UCESERVER_CONSOLE_MAPPING_HDR@@@@IAEPAUCESERVER_CONSOLE_MAPPING_HDR@@HHH@Z 100020c8 f i ConEmuCheck.obj
 0001:00001191       ??$wcscpy_c@$0CA@@@YAHAAY0CA@_WPB_W@Z 10002191 f i ConEmuCheck.obj
 0001:000011a4       ?StringCchCatW@@YGJPA_WIPB_W@Z 100021a4 f i ConEmuCheckEx.obj
 0001:0000124e       ?IsConEmuExeExist@@YAHPB_WAAY0BAF@_W@Z 1000224e f   ConEmuCheckEx.obj
 0001:000012df       ?FindConEmuBaseDir@@YAHAAY0BAF@_W0PAUHINSTANCE__@@@Z 100022df f   ConEmuCheckEx.obj
 0001:000017d5       ?EvaluateDefaultFontWidth@@YAHHPB_W@Z 100027d5 f   EmergencyShow.obj
 0001:000018c3       ?SetUserFriendlyFont@@YAXPAUHWND__@@HH@Z 100028c3 f   EmergencyShow.obj
 0001:00001c43       ?CorrectConsolePos@@YAXPAUHWND__@@@Z 10002c43 f   EmergencyShow.obj
 0001:00001d23       ?EmergencyShow@@YAXPAUHWND__@@HH@Z 10002d23 f   EmergencyShow.obj
 0001:00001e1a       ?Init@HkFunc@@QAE_NPB_WPAUHINSTANCE__@@@Z 10002e1a f   HkFunc.obj
 0001:00001e93       ?xf_set_tag@@YAXPAXPBDH_N@Z 10002e93 f   Memory.obj
 0001:00001efc       ?xf_malloc@@YAPAXIPBDH@Z   10002efc f   Memory.obj
 0001:00001f51       ?xf_calloc@@YAPAXIIPBDH@Z  10002f51 f   Memory.obj
 0001:00001fa6       ?xf_realloc@@YAPAXPAXIPBDH@Z 10002fa6 f   Memory.obj
 0001:00002023       ?xf_free@@YAXPAXPBDH@Z     10003023 f   Memory.obj
 0001:00002055       ??2@YAPAXI@Z               10003055 f   Memory.obj
 0001:00002079       ??_U@YAPAXI@Z              10003079 f   Memory.obj
 0001:0000208a       ??3@YAXPAX@Z               1000308a f   Memory.obj
 0001:00002096       ?FindMonitorsWorkspace@@YGHPAUHMONITOR__@@PAUHDC__@@PAUtagRECT@@J@Z 10003096 f   Monitors.obj
 0001:000020cf       ?GetAllMonitorsWorkspace@@YA?AUtagRECT@@XZ 100030cf f   Monitors.obj
 0001:0000211f       ??0MToolHelpProcess@@QAE@XZ 1000311f f i MProcess.obj
 0001:0000217f       ??_G?$MToolHelp@UtagPROCESSENTRY32W@@$1?Process32FirstW@@YGHPAXPAU1@@Z$1?Process32NextW@@YGH01@Z@@UAEPAXI@Z 1000317f f i MProcess.obj
 0001:0000217f       ??_GMToolHelpProcess@@UAEPAXI@Z 1000317f f i MProcess.obj
 0001:0000217f       ??_EMToolHelpProcess@@UAEPAXI@Z 1000317f f i * CIL library *:* CIL module *
 0001:0000217f       ??_E?$MToolHelp@UtagPROCESSENTRY32W@@$1?Process32FirstW@@YGHPAXPAU1@@Z$1?Process32NextW@@YGH01@Z@@UAEPAXI@Z 1000317f f i * CIL library *:* CIL module *
 0001:000021a4       ?isTerminalMode@@YA_NXZ    100031a4 f   MProcess.obj
 0001:00002297       ?push_back@?$MArray@UtagPROCESSENTRY32W@@@@QAEHABUtagPROCESSENTRY32W@@@Z 10003297 f i MProcess.obj
 0001:000022ea       ?Find@?$MToolHelp@UtagPROCESSENTRY32W@@$1?Process32FirstW@@YGHPAXPAU1@@Z$1?Process32NextW@@YGH01@Z@@QAE_NP6A_NPAUtagPROCESSENTRY32W@@J@ZJ0@Z 100032ea f i MProcess.obj
 0001:000023a9       ??1?$MToolHelp@UtagPROCESSENTRY32W@@$1?Process32FirstW@@YGHPAXPAU1@@Z$1?Process32NextW@@YGH01@Z@@UAE@XZ 100033a9 f i MProcess.obj
 0001:000023e0       ?Filter@?$MToolHelp@UtagPROCESSENTRY32W@@$1?Process32FirstW@@YGHPAXPAU1@@Z$1?Process32NextW@@YGH01@Z@@MAE_NPAUtagPROCESSENTRY32W@@@Z 100033e0 f i MProcess.obj
 0001:000023e5       ?addsize@?$MArray@UtagPROCESSENTRY32W@@@@QAEXH@Z 100033e5 f i MProcess.obj
 0001:0000246b       ?Close@?$MToolHelp@UtagPROCESSENTRY32W@@$1?Process32FirstW@@YGHPAXPAU1@@Z$1?Process32NextW@@YGH01@Z@@QAEX_N@Z 1000346b f i MProcess.obj
 0001:000024b9       ?getNext@?$MToolHelp@UtagPROCESSENTRY32W@@$1?Process32FirstW@@YGHPAXPAU1@@Z$1?Process32NextW@@YGH01@Z@@IAE_NXZ 100034b9 f i MProcess.obj
 0001:00002557       ??0MSection@@QAE@XZ        10003557 f   MSection.obj
 0001:000025c6       ?AddRef@MSection@@IAEXK@Z  100035c6 f   MSection.obj
 0001:00002632       ?ReleaseRef@MSection@@IAEHK@Z 10003632 f   MSection.obj
 0001:000026a1       ?WaitUnlocked@MSection@@IAEXKK@Z 100036a1 f   MSection.obj
 0001:000026fe       ?MyEnterCriticalSection@MSection@@IAE_NK@Z 100036fe f   MSection.obj
 0001:0000284b       ?Lock@MSection@@IAEHHK@Z   1000384b f   MSection.obj
 0001:00002911       ??1MSectionThread@@QAE@XZ  10003911 f   MSection.obj
 0001:0000293b       ??1MSectionLock@@QAE@XZ    1000393b f   MSection.obj
 0001:00002954       ?Lock@MSectionLock@@QAEHPAVMSection@@HK@Z 10003954 f   MSection.obj
 0001:0000299f       ?Unlock@MSectionLock@@QAEXXZ 1000399f f   MSection.obj
 0001:000029ec       ?Init@MSectionSimple@@QAEXXZ 100039ec f   MSectionSimple.obj
 0001:00002a02       ?Close@MSectionSimple@@QAEXXZ 10003a02 f   MSectionSimple.obj
 0001:00002a18       ?TryEnter@MSectionSimple@@QAE_NXZ 10003a18 f   MSectionSimple.obj
 0001:00002a37       ?LoadAdvApi@MNullDesc@@IAEHXZ 10003a37 f i MSecurity.obj
 0001:00002b8c       ?LocalSecurity@MNullDesc@@QAEPAU_SECURITY_ATTRIBUTES@@XZ 10003b8c f i MSecurity.obj
 0001:00002cb1       ?LocalSecurity@@YAPAU_SECURITY_ATTRIBUTES@@XZ 10003cb1 f   MSecurity.obj
 0001:00002d01       ??_GMNullDesc@@QAEPAXI@Z   10003d01 f i MSecurity.obj
 0001:00002d47       ??1MSetter@@QAE@XZ         10003d47 f   MSetter.obj
 0001:00002d8a       ?lstrdup@@YAPA_WPB_WI@Z    10003d8a f   MStrDup.obj
 0001:00002dd1       ?lstrmerge@@YAPA_WPB_W00000000@Z 10003dd1 f   MStrDup.obj
 0001:00002e9c       ?msprintf@@YAPB_WPA_WIPB_WZZ 10003e9c f   MStrSafe.obj
 0001:000032c8       ?lstrcmpni@@YAHPB_W0H@Z    100042c8 f   MStrSafe.obj
 0001:00003321       ?SetConEmuEnvHWND@@YAXPB_WPAUHWND__@@@Z 10004321 f   SetEnvVar.obj
 0001:0000336a       ?SetConEmuEnvVar@@YAXPAUHWND__@@@Z 1000436a f   SetEnvVar.obj
 0001:000033bc       ?SetConEmuEnvVarChild@@YAXPAUHWND__@@0@Z 100043bc f   SetEnvVar.obj
 0001:000033d8       ??1CEnvStrings@@QAE@XZ     100043d8 f   SetEnvVar.obj
 0001:000033ed       ?apiGetCurrentConsoleFontEx@@YAHPAXHPAUMY_CONSOLE_FONT_INFOEX@@@Z 100043ed f   WConsole.obj
 0001:0000343d       ?apiSetCurrentConsoleFontEx@@YAHPAXHPAUMY_CONSOLE_FONT_INFOEX@@@Z 1000443d f   WConsole.obj
 0001:0000348d       ?apiGetConsoleFontSize@@YAHPAXAAH1AAY0CA@_W@Z 1000448d f   WConsole.obj
 0001:00003513       ?apiSetConsoleFontSize@@YAHPAXHHPB_W@Z 10004513 f   WConsole.obj
 0001:000035d1       ?SetConsoleInfo@@YAHPAUHWND__@@PAUCONSOLE_INFO@@@Z 100045d1 f   WConsoleEx.obj
 0001:000037a3       ?GetConsoleSizeInfo@@YAXPAUCONSOLE_INFO@@@Z 100047a3 f   WConsoleEx.obj
 0001:00003814       ?SetConsoleFontSizeTo@@YAXPAUHWND__@@HHPB_WGG@Z 10004814 f   WConsoleEx.obj
 0001:00003b57       ?IsDotsName@@YA_NPB_W@Z    10004b57 f   WFiles.obj
 0001:00003b7e       ?IsModuleValid@@YA_NPAUHINSTANCE__@@H@Z 10004b7e f   WModuleCheck.obj
 0001:00003be7       ?CheckCallbackPtr@@YA_NPAUHINSTANCE__@@IPAP6GHXZHHH@Z 10004be7 f   WModuleCheck.obj
 0001:00003c43       ?FileExists@@YA_NPB_WPAK@Z 10004c43 f   WObjects.obj
 0001:00003d37       ?IsWinVerOrHigher@@YA_NG@Z 10004d37 f   WObjects.obj
 0001:00003db1       ?IsWin6@@YA_NXZ            10004db1 f   WObjects.obj
 0001:00003dd9       ?IsWindows64@@YA_NXZ       10004dd9 f   WObjects.obj
 0001:00003e4b       ?ExpandEnvStr@@YAPA_WPB_W@Z 10004e4b f   WObjects.obj
 0001:00003ec5       ?GetEnvVar@@YAPA_WPB_W@Z   10004ec5 f   WObjects.obj
 0001:00003f4a       ?apiThreadHelper@@YGKPAX@Z 10004f4a f   WThreads.obj
 0001:000040d6       ?apiCreateThread@@YAPAXP6GKPAX@Z0PAKPBDH@Z 100050d6 f   WThreads.obj
 0001:000041cb       ?apiTerminateThreadEx@@YAHPAXKPBDH@Z 100051cb f   WThreads.obj
 0001:0000427e       ?SetThreadName@@YAXKPAD@Z  1000527e f   WThreads.obj
 0001:000042c7       ?UpdateComspec@@YAXPAUConEmuComspec@@_N@Z 100052c7 f   WUser.obj
 0001:000044d7       ?SetEnvVarExpanded@@YAXPB_W0@Z 100054d7 f   WUser.obj
 0001:0000458a       ??$wcscpy_c@$0BAE@@@YAHAAY0BAE@_WPB_W@Z 1000558a f i WUser.obj
 0001:0000459a       ?StartupHooks@@YA_NPAUHINSTANCE__@@@Z 1000559a f   ConEmuInjects.obj
 0001:000048e1       ?ShutdownHooks@@YAXXZ      100058e1 f   ConEmuInjects.obj
 0001:00004a18       _DllMain@12                10005a18 f   ConEmuPlugin.obj
 0001:00004a3e       ?GetPluginInfo@@YGXPAX@Z   10005a3e f   ConEmuPlugin.obj
 0001:00004a7c       ?GetPluginInfoW@@YGXPAX@Z  10005a7c f   ConEmuPlugin.obj
 0001:00004a8c       ?IsConsoleActive@@YGHXZ    10005a8c f   ConEmuPlugin.obj
 0001:00004acb       ?GetFarHWND2@@YGPAUHWND__@@H@Z 10005acb f   ConEmuPlugin.obj
 0001:00004b40       ?GetFarHWND@@YGPAUHWND__@@XZ 10005b40 f   ConEmuPlugin.obj
 0001:00004b48       ?IsTerminalMode@@YGHXZ     10005b48 f   ConEmuPlugin.obj
 0001:00004b4e       ?GetFarVersion@@YGXPAUFarVersion@@@Z 10005b4e f   ConEmuPlugin.obj
 0001:00004b68       ?RegisterPanelView@@YGHPAUPanelViewInit@@@Z 10005b68 f   ConEmuPlugin.obj
 0001:00004c90       ?RegisterBackground@@YGHPAURegisterBackgroundArg@@@Z 10005c90 f   ConEmuPlugin.obj
 0001:00004cfc       ?SyncExecute@@YGHPAUHINSTANCE__@@P6GXJ@ZJ@Z 10005cfc f   ConEmuPlugin.obj
 0001:00004d3c       ?ActivateConsole@@YGHXZ    10005d3c f   ConEmuPlugin.obj
 0001:00004db2       ?SetStartupInfo@@YGXPAX@Z  10005db2 f   ConEmuPlugin.obj
 0001:00004e02       _SetStartupInfoW@4         10005e02 f   ConEmuPlugin.obj
 0001:00004e24       ?GetMinFarVersion@@YGHXZ   10005e24 f   ConEmuPlugin.obj
 0001:00004e49       _GetMinFarVersionW@0       10005e49 f   ConEmuPlugin.obj
 0001:00004e4f       _ProcessSynchroEventW@8    10005e4f f   ConEmuPlugin.obj
 0001:00004e6e       ?ProcessSynchroEventW3@@YGHPAX@Z 10005e6e f   ConEmuPlugin.obj
 0001:00004e7e       ?ProcessEditorEvent@@YGHHPAX@Z 10005e7e f   ConEmuPlugin.obj
 0001:00004e7e       _ProcessEditorEventW@8     10005e7e f   ConEmuPlugin.obj
 0001:00004e96       ?ProcessEditorEventW3@@YGHPAX@Z 10005e96 f   ConEmuPlugin.obj
 0001:00004ea6       _ProcessViewerEventW@8     10005ea6 f   ConEmuPlugin.obj
 0001:00004ea6       ?ProcessViewerEvent@@YGHHPAX@Z 10005ea6 f   ConEmuPlugin.obj
 0001:00004ebe       ?ProcessViewerEventW3@@YGHPAX@Z 10005ebe f   ConEmuPlugin.obj
 0001:00004ece       ?ProcessEditorInput@@YGHPBU_INPUT_RECORD@@@Z 10005ece f   ConEmuPlugin.obj
 0001:00004ee9       _ProcessEditorInputW@4     10005ee9 f   ConEmuPlugin.obj
 0001:00004ef9       ?OpenPlugin@@YGPAXHH@Z     10005ef9 f   ConEmuPlugin.obj
 0001:00004f14       _OpenPluginW@8             10005f14 f   ConEmuPlugin.obj
 0001:00004f41       ?OpenW@@YGPAXPBX@Z         10005f41 f   ConEmuPlugin.obj
 0001:00004f51       ?ExitFAR@@YGXXZ            10005f51 f   ConEmuPlugin.obj
 0001:00004f51       _ExitFARW@0                10005f51 f   ConEmuPlugin.obj
 0001:00004f68       ?ExitFARW3@@YGXPAX@Z       10005f68 f   ConEmuPlugin.obj
 0001:000050be       ?Color2FgIndex@Far3Color@@SAXKAAGPBK@Z 100060be f i ConEmuPlugin1900.obj
 0001:00005184       ?Color2BgIndex@Far3Color@@SAXKHAAGPBK@Z 10006184 f i ConEmuPlugin1900.obj
 0001:0000525c       ?FarColor_3_2@@YAEABUFarColor@@@Z 1000625c f i ConEmuPlugin1900.obj
 0001:000052e7       ??_GCPluginBase@@UAEPAXI@Z 100062e7 f i ConEmuPluginBase.obj
 0001:000052e7       ??_ECPluginBase@@UAEPAXI@Z 100062e7 f i * CIL library *:* CIL module *
 0001:000052e7       ??_GCPluginW995@@UAEPAXI@Z 100062e7 f i ConEmuPlugin995.obj
 0001:000052e7       ??_ECPluginW1900@@UAEPAXI@Z 100062e7 f i * CIL library *:* CIL module *
 0001:000052e7       ??_GCPluginW1900@@UAEPAXI@Z 100062e7 f i ConEmuPlugin1900.obj
 0001:000052e7       ??_GCPluginW2800@@UAEPAXI@Z 100062e7 f i ConEmuPlugin2800.obj
 0001:000052e7       ??_ECPluginW995@@UAEPAXI@Z 100062e7 f i * CIL library *:* CIL module *
 0001:000052e7       ??_ECPluginW2800@@UAEPAXI@Z 100062e7 f i * CIL library *:* CIL module *
 0001:0000530d       ??0CPluginW1900@@QAE@XZ    1000630d f   ConEmuPlugin1900.obj
 0001:0000548e       ?ProcessEditorEventPtr@CPluginW2800@@UAEHPAX@Z 1000648e f   ConEmuPlugin2800.obj
 0001:0000548e       ?ProcessEditorEventPtr@CPluginW1900@@UAEHPAX@Z 1000648e f   ConEmuPlugin1900.obj
 0001:000054a2       ?ProcessViewerEventPtr@CPluginW2800@@UAEHPAX@Z 100064a2 f   ConEmuPlugin2800.obj
 0001:000054a2       ?ProcessViewerEventPtr@CPluginW1900@@UAEHPAX@Z 100064a2 f   ConEmuPlugin1900.obj
 0001:000054b6       ?ProcessSynchroEventPtr@CPluginW2800@@UAEHPAX@Z 100064b6 f   ConEmuPlugin2800.obj
 0001:000054b6       ?ProcessSynchroEventPtr@CPluginW1900@@UAEHPAX@Z 100064b6 f   ConEmuPlugin1900.obj
 0001:000054da       ?GetPanelDir@CPluginW1900@@UAEPA_WKPA_WH@Z 100064da f   ConEmuPlugin1900.obj
 0001:000055ff       ?GetPanelInfo@CPluginW1900@@UAE_NKPAUCEPanelInfo@@@Z 100065ff f   ConEmuPlugin1900.obj
 0001:00005859       ?GetPanelItemInfo@CPluginW1900@@UAE_NABUCEPanelInfo@@_NHAAU_WIN32_FIND_DATAW@@PAPA_W@Z 10006859 f   ConEmuPlugin1900.obj
 0001:000059d7       ?PanelControlApi@CPluginW1900@@UAEHPAXHH0@Z 100069d7 f   ConEmuPlugin1900.obj
 0001:000059f4       ?GetPluginInfoPtr@CPluginW1900@@UAEXPAX@Z 100069f4 f   ConEmuPlugin1900.obj
 0001:00005a3c       ?SetStartupInfoPtr@CPluginW1900@@UAEXPAX@Z 10006a3c f   ConEmuPlugin1900.obj
 0001:00005b52       ?GetEditorModifiedState@CPluginW1900@@UAEKXZ 10006b52 f   ConEmuPlugin1900.obj
 0001:00005b90       ?ProcessEditorInputPtr@CPluginW1900@@UAEHPBX@Z 10006b90 f   ConEmuPlugin1900.obj
 0001:00005bb2       ?GetWindowCount@CPluginW1900@@UAEHXZ 10006bb2 f   ConEmuPlugin1900.obj
 0001:00005bd3       ?UpdateConEmuTabsApi@CPluginW1900@@UAE_NH@Z 10006bd3 f   ConEmuPlugin1900.obj
 0001:00005f89       ?ExitFar@CPluginW1900@@UAEXXZ 10006f89 f   ConEmuPlugin1900.obj
 0001:00005fc0       ?ShowMessage@CPluginW1900@@UAEHPB_WH_N@Z 10006fc0 f   ConEmuPlugin1900.obj
 0001:00006027       ?GetMsg@CPluginW1900@@UAEPB_WHPA_WI@Z 10007027 f   ConEmuPlugin1900.obj
 0001:0000606d       ?SetWindow@CPluginW1900@@UAEXH@Z 1000706d f   ConEmuPlugin1900.obj
 0001:000060a8       ?PostMacroApi@CPluginW1900@@UAEXPB_WPAU_INPUT_RECORD@@_N@Z 100070a8 f   ConEmuPlugin1900.obj
 0001:00006587       ?ShowPluginMenu@CPluginW1900@@UAEHPAUConEmuPluginMenuItem@@HH@Z 10007587 f   ConEmuPlugin1900.obj
 0001:000066d7       ?OpenEditor@CPluginW1900@@UAE_NPB_W_N11HH@Z 100076d7 f   ConEmuPlugin1900.obj
 0001:00006778       ?ExecuteSynchroApi@CPluginW1900@@UAE_NXZ 10007778 f   ConEmuPlugin1900.obj
 0001:0000679b       ?StopWaitEndSynchro@CPluginAnsi@@UAEXXZ 1000779b f   ConEmuPluginA.obj
 0001:0000679b       ?WaitEndSynchro@CPluginW1900@@UAEXXZ 1000779b f   ConEmuPlugin1900.obj
 0001:0000679b       ?StopWaitEndSynchro@CPluginW2800@@UAEXXZ 1000779b f   ConEmuPlugin2800.obj
 0001:0000679b       @_guard_check_icall_nop@4  1000779b f   LIBCMT:guard_support.obj
 0001:0000679b       ?WaitEndSynchro@CPluginW2800@@UAEXXZ 1000779b f   ConEmuPlugin2800.obj
 0001:0000679b       ?WaitEndSynchro@CPluginAnsi@@UAEXXZ 1000779b f   ConEmuPluginA.obj
 0001:0000679b       ?StopWaitEndSynchro@CPluginW1900@@UAEXXZ 1000779b f   ConEmuPlugin1900.obj
 0001:0000679c       ?IsMacroActive@CPluginW1900@@UAE_NXZ 1000779c f   ConEmuPlugin1900.obj
 0001:000067c5       ?GetMacroArea@CPluginW1900@@UAEHXZ 100077c5 f   ConEmuPlugin1900.obj
 0001:000067d9       ?RedrawAll@CPluginW1900@@UAEXXZ 100077d9 f   ConEmuPlugin1900.obj
 0001:000067fa       ?InputBox@CPluginW1900@@UAE_NPB_W000AAPA_W@Z 100077fa f   ConEmuPlugin1900.obj
 0001:00006881       ?ShowUserScreen@CPluginW1900@@UAEX_N@Z 10007881 f   ConEmuPlugin1900.obj
 0001:000068a6       ?LoadFarColors@CPluginW1900@@UAEXAAY0BAA@E@Z 100078a6 f   ConEmuPlugin1900.obj
 0001:00006a2a       ?LoadFarSettings@CPluginW1900@@UAEXPAUCEFarInterfaceSettings@@PAUCEFarPanelSettings@@@Z 10007a2a f   ConEmuPlugin1900.obj
 0001:00006b54       ?GetFarRect@CPluginW1900@@UAE_NAAU_SMALL_RECT@@@Z 10007b54 f   ConEmuPlugin1900.obj
 0001:00006b95       ?CheckPanelExist@CPluginW1900@@UAE_NXZ 10007b95 f   ConEmuPlugin1900.obj
 0001:00006bb8       ?GetActiveWindowType@CPluginW1900@@UAEHXZ 10007bb8 f   ConEmuPlugin1900.obj
 0001:00006c31       ?GetWindowTypeName@CPluginW995@@UAEPB_WH@Z 10007c31 f   ConEmuPlugin995.obj
 0001:00006c31       ?GetWindowTypeName@CPluginW1900@@UAEPB_WH@Z 10007c31 f   ConEmuPlugin1900.obj
 0001:00006c31       ?GetWindowTypeName@CPluginW2800@@UAEPB_WH@Z 10007c31 f   ConEmuPlugin2800.obj
 0001:00006c31       ?GetWindowTypeName@CPluginAnsi@@UAEPB_WH@Z 10007c31 f   ConEmuPluginA.obj
 0001:00006feb       ?GuiMacroDlg@CPluginW1900@@UAEXXZ 10007feb f   ConEmuPlugin1900.obj
 0001:00006ff0       ?Open@CPluginW1900@@UAEPAXPBX@Z 10007ff0 f   ConEmuPlugin1900.obj
 0001:000070bd       _GetGlobalInfoW@4          100080bd f   ConEmuPlugin2800.obj
 0001:00007152       ??0CPluginW2800@@QAE@XZ    10008152 f   ConEmuPlugin2800.obj
 0001:000072d3       ?GetPanelDir@CPluginW2800@@UAEPA_WKPA_WH@Z 100082d3 f   ConEmuPlugin2800.obj
 0001:000073f8       ?GetPanelInfo@CPluginW2800@@UAE_NKPAUCEPanelInfo@@@Z 100083f8 f   ConEmuPlugin2800.obj
 0001:00007652       ?GetPanelItemInfo@CPluginW2800@@UAE_NABUCEPanelInfo@@_NHAAU_WIN32_FIND_DATAW@@PAPA_W@Z 10008652 f   ConEmuPlugin2800.obj
 0001:000077da       ?PanelControlApi@CPluginW2800@@UAEHPAXHH0@Z 100087da f   ConEmuPlugin2800.obj
 0001:000077f7       ?GetPluginInfoPtr@CPluginW2800@@UAEXPAX@Z 100087f7 f   ConEmuPlugin2800.obj
 0001:0000783f       ?SetStartupInfoPtr@CPluginW2800@@UAEXPAX@Z 1000883f f   ConEmuPlugin2800.obj
 0001:00007955       ?GetEditorModifiedState@CPluginW2800@@UAEKXZ 10008955 f   ConEmuPlugin2800.obj
 0001:00007993       ?ProcessEditorInputPtr@CPluginW2800@@UAEHPBX@Z 10008993 f   ConEmuPlugin2800.obj
 0001:000079b5       ?GetWindowCount@CPluginW2800@@UAEHXZ 100089b5 f   ConEmuPlugin2800.obj
 0001:00007ae7       ?UpdateConEmuTabsApi@CPluginW2800@@UAE_NH@Z 10008ae7 f   ConEmuPlugin2800.obj
 0001:00007fdc       ?ExitFar@CPluginW2800@@UAEXXZ 10008fdc f   ConEmuPlugin2800.obj
 0001:00008013       ?ShowMessage@CPluginW2800@@UAEHPB_WH_N@Z 10009013 f   ConEmuPlugin2800.obj
 0001:0000807a       ?GetMsg@CPluginW2800@@UAEPB_WHPA_WI@Z 1000907a f   ConEmuPlugin2800.obj
 0001:000080c0       ?SetWindow@CPluginW2800@@UAEXH@Z 100090c0 f   ConEmuPlugin2800.obj
 0001:0000817f       ?PostMacroApi@CPluginW2800@@UAEXPB_WPAU_INPUT_RECORD@@_N@Z 1000917f f   ConEmuPlugin2800.obj
 0001:00008456       ?ShowPluginMenu@CPluginW2800@@UAEHPAUConEmuPluginMenuItem@@HH@Z 10009456 f   ConEmuPlugin2800.obj
 0001:000085a6       ?OpenEditor@CPluginW2800@@UAE_NPB_W_N11HH@Z 100095a6 f   ConEmuPlugin2800.obj
 0001:00008647       ?ExecuteSynchroApi@CPluginW2800@@UAE_NXZ 10009647 f   ConEmuPlugin2800.obj
 0001:0000866a       ?IsMacroActive@CPluginW2800@@UAE_NXZ 1000966a f   ConEmuPlugin2800.obj
 0001:00008693       ?GetMacroArea@CPluginW2800@@UAEHXZ 10009693 f   ConEmuPlugin2800.obj
 0001:000086a7       ?RedrawAll@CPluginW2800@@UAEXXZ 100096a7 f   ConEmuPlugin2800.obj
 0001:000086c8       ?InputBox@CPluginW2800@@UAE_NPB_W000AAPA_W@Z 100096c8 f   ConEmuPlugin2800.obj
 0001:0000874f       ?ShowUserScreen@CPluginW2800@@UAEX_N@Z 1000974f f   ConEmuPlugin2800.obj
 0001:00008774       ?LoadFarColors@CPluginW2800@@UAEXAAY0BAA@E@Z 10009774 f   ConEmuPlugin2800.obj
 0001:000088fb       ?LoadFarSettings@CPluginW2800@@UAEXPAUCEFarInterfaceSettings@@PAUCEFarPanelSettings@@@Z 100098fb f   ConEmuPlugin2800.obj
 0001:00008a1f       ?GetFarRect@CPluginW2800@@UAE_NAAU_SMALL_RECT@@@Z 10009a1f f   ConEmuPlugin2800.obj
 0001:00008a60       ?CheckPanelExist@CPluginW2800@@UAE_NXZ 10009a60 f   ConEmuPlugin2800.obj
 0001:00008a83       ?GetActiveWindowType@CPluginW2800@@UAEHXZ 10009a83 f   ConEmuPlugin2800.obj
 0001:00008e8f       ?GuiMacroDlg@CPluginW2800@@UAEXXZ 10009e8f f   ConEmuPlugin2800.obj
 0001:00008ea8       ?Open@CPluginW2800@@UAEPAXPBX@Z 10009ea8 f   ConEmuPlugin2800.obj
 0001:00009015       ?erase@?$MArray@UWindowInfo@@@@QAEXH@Z 1000a015 f i ConEmuPlugin2800.obj
 0001:00009069       ?insert@?$MArray@UWindowInfo@@@@QAEXHABUWindowInfo@@@Z 1000a069 f i ConEmuPlugin2800.obj
 0001:000090ca       ?push_back@?$MArray@UWindowInfo@@@@QAEHABUWindowInfo@@@Z 1000a0ca f i ConEmuPlugin2800.obj
 0001:0000911a       ??1?$MArray@UWindowInfo@@@@QAE@XZ 1000a11a f i ConEmuPlugin2800.obj
 0001:00009139       ?addsize@?$MArray@UWindowInfo@@@@QAEXH@Z 1000a139 f i ConEmuPlugin2800.obj
 0001:000091bf       ?Open@CPluginAnsi@@UAEPAXPBX@Z 1000a1bf f i ConEmuPluginA.obj
 0001:000091bf       ?Open@CPluginW995@@UAEPAXPBX@Z 1000a1bf f i ConEmuPlugin995.obj
 0001:000091c8       ?ProcessEditorEventPtr@CPluginW995@@UAEHPAX@Z 1000a1c8 f i ConEmuPlugin995.obj
 0001:000091c8       ?ProcessViewerEventPtr@CPluginW995@@UAEHPAX@Z 1000a1c8 f i ConEmuPlugin995.obj
 0001:000091c8       ?ProcessSynchroEventPtr@CPluginW995@@UAEHPAX@Z 1000a1c8 f i ConEmuPlugin995.obj
 0001:000091c8       ?ProcessEditorEventPtr@CPluginAnsi@@UAEHPAX@Z 1000a1c8 f i ConEmuPluginA.obj
 0001:000091c8       ?ProcessSynchroEventPtr@CPluginAnsi@@UAEHPAX@Z 1000a1c8 f i ConEmuPluginA.obj
 0001:000091c8       ?ProcessEditorInputPtr@CPluginAnsi@@UAEHPBX@Z 1000a1c8 f i ConEmuPluginA.obj
 0001:000091c8       ?ProcessViewerEventPtr@CPluginAnsi@@UAEHPAX@Z 1000a1c8 f i ConEmuPluginA.obj
 0001:000091cd       ??0CPluginW995@@QAE@XZ     1000a1cd f   ConEmuPlugin995.obj
 0001:0000933f       ?GetPanelDir@CPluginW995@@UAEPA_WKPA_WH@Z 1000a33f f   ConEmuPlugin995.obj
 0001:00009419       ?GetPanelInfo@CPluginW995@@UAE_NKPAUCEPanelInfo@@@Z 1000a419 f   ConEmuPlugin995.obj
 0001:000095f0       ?GetPanelItemInfo@CPluginW995@@UAE_NABUCEPanelInfo@@_NHAAU_WIN32_FIND_DATAW@@PAPA_W@Z 1000a5f0 f   ConEmuPlugin995.obj
 0001:00009759       ?PanelControlApi@CPluginW995@@UAEHPAXHH0@Z 1000a759 f   ConEmuPlugin995.obj
 0001:00009776       ?GetPluginInfoPtr@CPluginW995@@UAEXPAX@Z 1000a776 f   ConEmuPlugin995.obj
 0001:000097ce       ?SetStartupInfoPtr@CPluginW995@@UAEXPAX@Z 1000a7ce f   ConEmuPlugin995.obj
 0001:000098ce       ?GetEditorModifiedState@CPluginW995@@UAEKXZ 1000a8ce f   ConEmuPlugin995.obj
 0001:00009908       ?ProcessEditorInputPtr@CPluginW995@@UAEHPBX@Z 1000a908 f   ConEmuPlugin995.obj
 0001:00009927       ?GetWindowCount@CPluginW995@@UAEHXZ 1000a927 f   ConEmuPlugin995.obj
 0001:00009944       ?UpdateConEmuTabsApi@CPluginW995@@UAE_NH@Z 1000a944 f   ConEmuPlugin995.obj
 0001:00009b3d       ?ExitFar@CPluginW995@@UAEXXZ 1000ab3d f   ConEmuPlugin995.obj
 0001:00009b79       ?ShowMessage@CPluginW995@@UAEHPB_WH_N@Z 1000ab79 f   ConEmuPlugin995.obj
 0001:00009bc2       ?GetMsg@CPluginW995@@UAEPB_WHPA_WI@Z 1000abc2 f   ConEmuPlugin995.obj
 0001:00009c06       ?SetWindow@CPluginW995@@UAEXH@Z 1000ac06 f   ConEmuPlugin995.obj
 0001:00009c3a       ?PostMacroApi@CPluginW995@@UAEXPB_WPAU_INPUT_RECORD@@_N@Z 1000ac3a f   ConEmuPlugin995.obj
 0001:00009cd7       ?ShowPluginMenu@CPluginW995@@UAEHPAUConEmuPluginMenuItem@@HH@Z 1000acd7 f   ConEmuPlugin995.obj
 0001:00009dcc       ?OpenEditor@CPluginW995@@UAE_NPB_W_N11HH@Z 1000adcc f   ConEmuPlugin995.obj
 0001:00009e65       ?ExecuteSynchroApi@CPluginW995@@UAE_NXZ 1000ae65 f   ConEmuPlugin995.obj
 0001:00009e84       ?WaitEndSynchro@CPluginW995@@UAEXXZ 1000ae84 f   ConEmuPlugin995.obj
 0001:00009f98       ?StopWaitEndSynchro@CPluginW995@@UAEXXZ 1000af98 f   ConEmuPlugin995.obj
 0001:00009fb1       ?IsMacroActive@CPluginW995@@UAE_NXZ 1000afb1 f   ConEmuPlugin995.obj
 0001:0000a001       ?GetMacroArea@CPluginW995@@UAEHXZ 1000b001 f   ConEmuPlugin995.obj
 0001:0000a03b       ?RedrawAll@CPluginW995@@UAEXXZ 1000b03b f   ConEmuPlugin995.obj
 0001:0000a058       ?InputBox@CPluginW995@@UAE_NPB_W000AAPA_W@Z 1000b058 f   ConEmuPlugin995.obj
 0001:0000a0d3       ?ShowUserScreen@CPluginW995@@UAEX_N@Z 1000b0d3 f   ConEmuPlugin995.obj
 0001:0000a0f8       ?LoadFarColors@CPluginW995@@UAEXAAY0BAA@E@Z 1000b0f8 f   ConEmuPlugin995.obj
 0001:0000a1b1       ?LoadFarSettings@CPluginW995@@UAEXPAUCEFarInterfaceSettings@@PAUCEFarPanelSettings@@@Z 1000b1b1 f   ConEmuPlugin995.obj
 0001:0000a1e8       ?GetFarRect@CPluginW995@@UAE_NAAU_SMALL_RECT@@@Z 1000b1e8 f   ConEmuPlugin995.obj
 0001:0000a226       ?CheckPanelExist@CPluginW995@@UAE_NXZ 1000b226 f   ConEmuPlugin995.obj
 0001:0000a249       ?GetActiveWindowType@CPluginW995@@UAEHXZ 1000b249 f   ConEmuPlugin995.obj
 0001:0000a623       ?GuiMacroDlg@CPluginW995@@UAEXXZ 1000b623 f   ConEmuPlugin995.obj
 0001:0000a628       ?ExecuteSynchroApi@CPluginAnsi@@UAE_NXZ 1000b628 f i ConEmuPluginA.obj
 0001:0000a62b       ?GetFarRect@CPluginAnsi@@UAE_NAAU_SMALL_RECT@@@Z 1000b62b f i ConEmuPluginA.obj
 0001:0000a630       ??_GCPluginAnsi@@UAEPAXI@Z 1000b630 f i ConEmuPluginA.obj
 0001:0000a630       ??_ECPluginAnsi@@UAEPAXI@Z 1000b630 f i * CIL library *:* CIL module *
 0001:0000a656       ??0CPluginAnsi@@QAE@XZ     1000b656 f   ConEmuPluginA.obj
 0001:0000a799       ?GetPanelDir@CPluginAnsi@@UAEPA_WKPA_WH@Z 1000b799 f   ConEmuPluginA.obj
 0001:0000a867       ?GetPanelInfo@CPluginAnsi@@UAE_NKPAUCEPanelInfo@@@Z 1000b867 f   ConEmuPluginA.obj
 0001:0000aa29       ?GetPanelItemInfo@CPluginAnsi@@UAE_NABUCEPanelInfo@@_NHAAU_WIN32_FIND_DATAW@@PAPA_W@Z 1000ba29 f   ConEmuPluginA.obj
 0001:0000ab23       ?PanelControlApi@CPluginAnsi@@UAEHPAXHH0@Z 1000bb23 f   ConEmuPluginA.obj
 0001:0000ab4d       ?SetStartupInfoPtr@CPluginAnsi@@UAEXPAX@Z 1000bb4d f   ConEmuPluginA.obj
 0001:0000ac65       ?GetPluginInfoPtr@CPluginAnsi@@UAEXPAX@Z 1000bc65 f   ConEmuPluginA.obj
 0001:0000acd2       ?GetEditorModifiedState@CPluginAnsi@@UAEKXZ 1000bcd2 f   ConEmuPluginA.obj
 0001:0000ad0f       ?GetWindowCount@CPluginAnsi@@UAEHXZ 1000bd0f f   ConEmuPluginA.obj
 0001:0000ad32       ?UpdateConEmuTabsApi@CPluginAnsi@@UAE_NH@Z 1000bd32 f   ConEmuPluginA.obj
 0001:0000afa2       ?ExitFar@CPluginAnsi@@UAEXXZ 1000bfa2 f   ConEmuPluginA.obj
 0001:0000afd9       ?SetWindow@CPluginAnsi@@UAEXH@Z 1000bfd9 f   ConEmuPluginA.obj
 0001:0000b019       ?PostMacroApi@CPluginAnsi@@UAEXPB_WPAU_INPUT_RECORD@@_N@Z 1000c019 f   ConEmuPluginA.obj
 0001:0000b0bb       ?ShowPluginMenu@CPluginAnsi@@UAEHPAUConEmuPluginMenuItem@@HH@Z 1000c0bb f   ConEmuPluginA.obj
 0001:0000b1ea       ?OpenEditor@CPluginAnsi@@UAE_NPB_W_N11HH@Z 1000c1ea f   ConEmuPluginA.obj
 0001:0000b2ca       ?ShowMessage@CPluginAnsi@@UAEHPB_WH_N@Z 1000c2ca f   ConEmuPluginA.obj
 0001:0000b368       ?GetMsg@CPluginAnsi@@UAEPB_WHPA_WI@Z 1000c368 f   ConEmuPluginA.obj
 0001:0000b3d8       ?IsMacroActive@CPluginAnsi@@UAE_NXZ 1000c3d8 f   ConEmuPluginA.obj
 0001:0000b42e       __get_startup_argv_mode    1000c42e f   LIBCMT:argv_mode.obj
 0001:0000b42e       ?GetMacroArea@CPluginAnsi@@UAEHXZ 1000c42e f   ConEmuPluginA.obj
 0001:0000b432       ?RedrawAll@CPluginAnsi@@UAEXXZ 1000c432 f   ConEmuPluginA.obj
 0001:0000b455       ?InputBox@CPluginAnsi@@UAE_NPB_W000AAPA_W@Z 1000c455 f   ConEmuPluginA.obj
 0001:0000b57e       ?ShowUserScreen@CPluginAnsi@@UAEX_N@Z 1000c57e f   ConEmuPluginA.obj
 0001:0000b5a4       ?LoadFarColors@CPluginAnsi@@UAEXAAY0BAA@E@Z 1000c5a4 f   ConEmuPluginA.obj
 0001:0000b663       ?LoadFarSettings@CPluginAnsi@@UAEXPAUCEFarInterfaceSettings@@PAUCEFarPanelSettings@@@Z 1000c663 f   ConEmuPluginA.obj
 0001:0000b6a6       ?CheckPanelExist@CPluginAnsi@@UAE_NXZ 1000c6a6 f   ConEmuPluginA.obj
 0001:0000b6ca       ?GetActiveWindowType@CPluginAnsi@@UAEHXZ 1000c6ca f   ConEmuPluginA.obj
 0001:0000bb96       ?GuiMacroDlg@CPluginAnsi@@UAEXXZ 1000cb96 f   ConEmuPluginA.obj
 0001:0000be82       ?Plugin@@YAPAVCPluginBase@@XZ 1000ce82 f   ConEmuPluginBase.obj
 0001:0000bf1f       ??0CPluginBase@@QAE@XZ     1000cf1f f   ConEmuPluginBase.obj
 0001:0000c03d       ?DllMain_ProcessAttach@CPluginBase@@KAXPAUHINSTANCE__@@@Z 1000d03d f   ConEmuPluginBase.obj
 0001:0000c113       ?DllMain_ProcessDetach@CPluginBase@@KAXXZ 1000d113 f   ConEmuPluginBase.obj
 0001:0000c1d6       ??_GMSection@@QAEPAXI@Z    1000d1d6 f i ConEmuPluginBase.obj
 0001:0000c242       ?DllCheckUnique@CPluginBase@@KA_N_N@Z 1000d242 f   ConEmuPluginBase.obj
 0001:0000c44e       ?LoadFarVersion@CPluginBase@@SA_NXZ 1000d44e f   ConEmuPluginBase.obj
 0001:0000c4c9       ?ShowMessageBox@CPluginBase@@KAHPB_WI@Z 1000d4c9 f   ConEmuPluginBase.obj
 0001:0000c568       ?ShowMessageGui@CPluginBase@@QAEHHH@Z 1000d568 f   ConEmuPluginBase.obj
 0001:0000c5d4       ?BackgroundMacroError@CPluginBase@@SGKPAX@Z 1000d5d4 f   ConEmuPluginBase.obj
 0001:0000c5fa       ?PostMacro@CPluginBase@@QAEXPB_WPAU_INPUT_RECORD@@_N@Z 1000d5fa f   ConEmuPluginBase.obj
 0001:0000c637       ?isMacroActive@CPluginBase@@QAE_NAAH@Z 1000d637 f   ConEmuPluginBase.obj
 0001:0000c66a       ?CheckBufferEnabled@CPluginBase@@QAE_NXZ 1000d66a f   ConEmuPluginBase.obj
 0001:0000c6c5       ?PanelControl@CPluginBase@@QAEHPAXHH0@Z 1000d6c5 f   ConEmuPluginBase.obj
 0001:0000c722       ?GetPanelInfo@CPluginBase@@QAE_NKPAUBkPanelInfo@@@Z 1000d722 f   ConEmuPluginBase.obj
 0001:0000c7a4       ?FillUpdateBackground@CPluginBase@@QAEXPAUPaintBackgroundArg@@@Z 1000d7a4 f   ConEmuPluginBase.obj
 0001:0000c8f1       ?StorePanelDirs@CPluginBase@@QAE_NPB_W0@Z 1000d8f1 f   ConEmuPluginBase.obj
 0001:0000ca0f       ?UpdatePanelDirs@CPluginBase@@QAEXXZ 1000da0f f   ConEmuPluginBase.obj
 0001:0000cb95       ?RunExternalProgram@CPluginBase@@QAE_NPA_W@Z 1000db95 f   ConEmuPluginBase.obj
 0001:0000ccf0       ?ProcessCommandLine@CPluginBase@@QAE_NPA_W@Z 1000dcf0 f   ConEmuPluginBase.obj
 0001:0000cd22       ?ShowPluginMenu@CPluginBase@@QAEXW4PluginCallCommands@@@Z 1000dd22 f   ConEmuPluginBase.obj
 0001:0000cee9       ?ShowTabsList@CPluginBase@@QAEXXZ 1000dee9 f   ConEmuPluginBase.obj
 0001:0000d0f3       ?ShowPanelsList@CPluginBase@@QAEXXZ 1000e0f3 f   ConEmuPluginBase.obj
 0001:0000d203       ?EditViewConsoleOutput@CPluginBase@@QAEX_N@Z 1000e203 f   ConEmuPluginBase.obj
 0001:0000d28e       ?SwitchTabCommand@CPluginBase@@QAEXW4PluginMenuCommands@@@Z 1000e28e f   ConEmuPluginBase.obj
 0001:0000d2ff       ?ProcessSynchroEvent@CPluginBase@@QAEHHPAX@Z 1000e2ff f   ConEmuPluginBase.obj
 0001:0000d363       ?ProcessEditorInputInternal@CPluginBase@@QAEXABU_INPUT_RECORD@@@Z 1000e363 f   ConEmuPluginBase.obj
 0001:0000d387       ?ProcessEditorViewerEvent@CPluginBase@@QAEHHH@Z 1000e387 f   ConEmuPluginBase.obj
 0001:0000d42f       ?GetMainThreadId@CPluginBase@@SAKXZ 1000e42f f   ConEmuPluginBase.obj
 0001:0000d4bf       ?ShowConsoleInfo@CPluginBase@@QAEXXZ 1000e4bf f   ConEmuPluginBase.obj
 0001:0000d634       ?RunExternalProgramW@CPluginBase@@SA_NPA_W0_N@Z 1000e634 f   ConEmuPluginBase.obj
 0001:0000d85b       ?StartDebugger@CPluginBase@@QAE_NXZ 1000e85b f   ConEmuPluginBase.obj
 0001:0000daa0       ?Attach2Gui@CPluginBase@@QAE_N_N@Z 1000eaa0 f   ConEmuPluginBase.obj
 0001:0000ddec       ?FindServerCmd@CPluginBase@@QAE_NKAAK_N@Z 1000edec f   ConEmuPluginBase.obj
 0001:0000dea5       ?ShowMessage@CPluginBase@@QAEHHH@Z 1000eea5 f   ConEmuPluginBase.obj
 0001:0000df0a       ?OutDataAlloc@CPluginBase@@SA_NK@Z 1000ef0a f   ConEmuPluginBase.obj
 0001:0000df5e       ?OutDataRealloc@CPluginBase@@SA_NK@Z 1000ef5e f   ConEmuPluginBase.obj
 0001:0000e001       ?OutDataWrite@CPluginBase@@SA_NPAXK@Z 1000f001 f   ConEmuPluginBase.obj
 0001:0000e07b       ?CreateTabs@CPluginBase@@SA_NH@Z 1000f07b f   ConEmuPluginBase.obj
 0001:0000e11d       ?AddTab@CPluginBase@@QAE_NAAHH_N1HPB_W2HHHH@Z 1000f11d f   ConEmuPluginBase.obj
 0001:0000e3b6       ?SendTabs@CPluginBase@@SAXH_N@Z 1000f3b6 f   ConEmuPluginBase.obj
 0001:0000e52e       ?CloseTabs@CPluginBase@@SAXXZ 1000f52e f   ConEmuPluginBase.obj
 0001:0000e5b2       ?UpdateConEmuTabs@CPluginBase@@QAE_N_N@Z 1000f5b2 f   ConEmuPluginBase.obj
 0001:0000e78e       ?ShowProtocolWarning@CPluginBase@@KAXXZ 1000f78e f   ConEmuPluginBase.obj
 0001:0000e8e0       ?CheckResources@CPluginBase@@QAEX_N@Z 1000f8e0 f   ConEmuPluginBase.obj
 0001:0000ea78       ?InitResources@CPluginBase@@QAEXXZ 1000fa78 f   ConEmuPluginBase.obj
 0001:0000ec3d       ?OpenMapHeader@CPluginBase@@SAHXZ 1000fc3d f   ConEmuPluginBase.obj
 0001:0000ed25       ?InitRootRegKey@CPluginBase@@IAEXXZ 1000fd25 f   ConEmuPluginBase.obj
 0001:0000eddc       ?SetRootRegKey@CPluginBase@@IAEXPA_W@Z 1000fddc f   ConEmuPluginBase.obj
 0001:0000ee65       ?LoadPanelTabsFromRegistry@CPluginBase@@IAEXXZ 1000fe65 f   ConEmuPluginBase.obj
 0001:0000ef3c       ?InitHWND@CPluginBase@@SAXXZ 1000ff3c f   ConEmuPluginBase.obj
 0001:0000f157       ?CheckConEmuDetached@CPluginBase@@SAXXZ 10010157 f   ConEmuPluginBase.obj
 0001:0000f216       ?EmergencyShow@CPluginBase@@KAXXZ 10010216 f   ConEmuPluginBase.obj
 0001:0000f258       ?MonitorThreadProcW@CPluginBase@@SGKPAX@Z 10010258 f   ConEmuPluginBase.obj
 0001:0000f682       ?OpenPluginCommon@CPluginBase@@QAEPAXHH_N@Z 10010682 f   ConEmuPluginBase.obj
 0001:0000f8e8       ?ExitFarCommon@CPluginBase@@QAEX_N@Z 100108e8 f   ConEmuPluginBase.obj
 0001:0000f900       ?OnMainThreadActivated@CPluginBase@@QAEXXZ 10010900 f   ConEmuPluginBase.obj
 0001:0000fa64       ?ProcessSetWindowCommand@CPluginBase@@QAEXXZ 10010a64 f   ConEmuPluginBase.obj
 0001:0000fb4c       ?CommonPluginStartup@CPluginBase@@QAEXXZ 10010b4c f   ConEmuPluginBase.obj
 0001:0000fc2d       ?StopThread@CPluginBase@@QAEX_N@Z 10010c2d f   ConEmuPluginBase.obj
 0001:0000fe0b       ?ExecuteSynchro@CPluginBase@@QAEXXZ 10010e0b f   ConEmuPluginBase.obj
 0001:0000fe81       ?WaitPluginActivation@CPluginBase@@SAKKPAPAXHK@Z 10010e81 f   ConEmuPluginBase.obj
 0001:0000ff6b       ?ActivatePlugin@CPluginBase@@QAE_NKPAXK@Z 10010f6b f   ConEmuPluginBase.obj
 0001:000100eb       ?cmd_OpenEditorLine@CPluginBase@@QAE_NPAUCESERVER_REQ_FAREDITOR@@@Z 100110eb f   ConEmuPluginBase.obj
 0001:00010186       ?cmd_RedrawFarCall@CPluginBase@@QAE_NAAPAUCESERVER_REQ@@PAPAU2@@Z 10011186 f   ConEmuPluginBase.obj
 0001:00010223       ?cmd_SetWindow@CPluginBase@@QAE_NPAX_N@Z 10011223 f   ConEmuPluginBase.obj
 0001:00010293       ?cmd_LeftClickSync@CPluginBase@@QAEXPAX@Z 10011293 f   ConEmuPluginBase.obj
 0001:0001035b       ?cmd_EMenu@CPluginBase@@QAEXPAX@Z 1001135b f   ConEmuPluginBase.obj
 0001:00010416       ?cmd_GuiChanged@CPluginBase@@QAEXPAX@Z 10011416 f   ConEmuPluginBase.obj
 0001:0001049a       ?ProcessCommand@CPluginBase@@QAE_NKHPAXPAPAUCESERVER_REQ@@_N@Z 1001149a f   ConEmuPluginBase.obj
 0001:00010936       ?FarSetConsoleSize@CPluginBase@@SA_NFF@Z 10011936 f   ConEmuPluginBase.obj
 0001:00010a21       ?ReloadFarInfoApi@CPluginBase@@IAE_NXZ 10011a21 f   ConEmuPluginBase.obj
 0001:00010b94       ?ReloadFarInfo@CPluginBase@@QAE_N_N@Z 10011b94 f   ConEmuPluginBase.obj
 0001:00010d8a       ?pcc_Selected@CPluginBase@@SA_NW4PluginMenuCommands@@@Z 10011d8a f   ConEmuPluginBase.obj
 0001:00010dd6       ?pcc_Disabled@CPluginBase@@SA_NW4PluginMenuCommands@@@Z 10011dd6 f   ConEmuPluginBase.obj
 0001:00010e3c       ?TouchReadPeekConsoleInputs@CPluginBase@@SAXH@Z 10011e3c f   ConEmuPluginBase.obj
 0001:00010e6b       ?OnConsolePeekReadInput@CPluginBase@@SAX_N@Z 10011e6b f   ConEmuPluginBase.obj
 0001:00011013       ?UngetDummyMouseEvent@CPluginBase@@SA_N_NPAUHookCallbackArg@@@Z 10012013 f   ConEmuPluginBase.obj
 0001:00011176       ?FillLoadedParm@CPluginBase@@SAXPAUConEmuLoadedArg@@PAUHINSTANCE__@@H@Z 10012176 f   ConEmuPluginBase.obj
 0001:00011204       ?NotifyConEmuUnloaded@CPluginBase@@SAXXZ 10012204 f   ConEmuPluginBase.obj
 0001:000112f2       ?OnPanelViewCallbacks@CPluginBase@@SA_NPAUHookCallbackArg@@P6GHPAXPAU_INPUT_RECORD@@KPAKPAH@Z5@Z 100122f2 f   ConEmuPluginBase.obj
 0001:00011393       ?OnShellExecuteExW_Except@CPluginBase@@SGXPAUHookCallbackArg@@@Z 10012393 f   ConEmuPluginBase.obj
 0001:000113c4       ?OnGetNumberOfConsoleInputEventsPost@CPluginBase@@SGXPAUHookCallbackArg@@@Z 100123c4 f   ConEmuPluginBase.obj
 0001:000113f3       ?OnConsolePeekInput@CPluginBase@@SGHPAUHookCallbackArg@@@Z 100123f3 f   ConEmuPluginBase.obj
 0001:0001144e       ?OnConsolePeekInputPost@CPluginBase@@SGXPAUHookCallbackArg@@@Z 1001244e f   ConEmuPluginBase.obj
 0001:00011477       ?OnConsoleReadInput@CPluginBase@@SGHPAUHookCallbackArg@@@Z 10012477 f   ConEmuPluginBase.obj
 0001:000114e0       ?OnConsoleReadInputPost@CPluginBase@@SGXPAUHookCallbackArg@@@Z 100124e0 f   ConEmuPluginBase.obj
 0001:0001165e       ?OnWriteConsoleOutput@CPluginBase@@SGHPAUHookCallbackArg@@@Z 1001265e f   ConEmuPluginBase.obj
 0001:000116ed       ?OnConsoleDetaching@CPluginBase@@SGHPAUHookCallbackArg@@@Z 100126ed f   ConEmuPluginBase.obj
 0001:00011809       ?OnConsoleWasAttached@CPluginBase@@SGXPAUHookCallbackArg@@@Z 10012809 f   ConEmuPluginBase.obj
 0001:0001185b       ?OnCurDirChanged@CPluginBase@@SGXXZ 1001285b f   ConEmuPluginBase.obj
 0001:000118b2       ?OnLibraryLoaded@CPluginBase@@SGXPAUHINSTANCE__@@@Z 100128b2 f   ConEmuPluginBase.obj
 0001:00011908       ?ToUnicode@CPluginBase@@SAPA_WPBD@Z 10012908 f   ConEmuPluginBase.obj
 0001:00011957       ?ToOem@CPluginBase@@SAXPB_WPADH@Z 10012957 f   ConEmuPluginBase.obj
 0001:0001197b       ?ToOem@CPluginBase@@SAPADPB_W@Z 1001297b f   ConEmuPluginBase.obj
 0001:000119bf       ?ProcessDragFrom@CPluginBase@@QAEXXZ 100129bf f   ConEmuPluginBase.obj
 0001:00011e1f       ?ProcessDragTo@CPluginBase@@QAEXXZ 10012e1f f   ConEmuPluginBase.obj
 0001:0001210f       ?IsCurrentTabModal@CPluginBase@@QAE_NXZ 1001310f f   ConEmuPluginBase.obj
 0001:00012183       ?PrintText@CPluginBase@@QAE_NPB_W@Z 10013183 f   ConEmuPluginBase.obj
 0001:0001226a       ??0CPluginBackground@@QAE@XZ 1001326a f   PluginBackground.obj
 0001:0001243b       ??1CPluginBackground@@QAE@XZ 1001343b f   PluginBackground.obj
 0001:00012568       ?RegisterSubplugin@CPluginBackground@@QAEHPAURegisterBackgroundArg@@@Z 10013568 f   PluginBackground.obj
 0001:00012778       ?ReallocItems@CPluginBackground@@IAEXH@Z 10013778 f   PluginBackground.obj
 0001:000127ca       ?OnMainThreadActivated@CPluginBackground@@QAEXHH@Z 100137ca f   PluginBackground.obj
 0001:0001289e       ?IsParmChanged@CPluginBackground@@IAE_NPAUPaintBackgroundArg@@0@Z 1001389e f   PluginBackground.obj
 0001:00012aba       ?CheckPanelFolders@CPluginBackground@@IAEXH@Z 10013aba f   PluginBackground.obj
 0001:00012b70       ?SetDcPanelRect@CPluginBackground@@IAEXPAUtagRECT@@PAUBkPanelInfo@@PAUPaintBackgroundArg@@@Z 10013b70 f   PluginBackground.obj
 0001:00012c45       ?UpdateBackground@CPluginBackground@@IAEXXZ 10013c45 f   PluginBackground.obj
 0001:00013394       ?LoadThSet@CPluginBackground@@IAEHH@Z 10014394 f   PluginBackground.obj
 0001:00013551       ?InternalOpenCreate@?$MFileMapping@UPanelViewSetMapping@@@@IAEPAUPanelViewSetMapping@@HHH@Z 10014551 f i PluginBackground.obj
 0001:0001361a       ?PlugServerStart@@YA_NXZ   1001461a f   PluginSrv.obj
 0001:000136c4       ?PlugServerStop@@YAX_N@Z   100146c4 f   PluginSrv.obj
 0001:000136f5       ?cmd_FarSetChanged@@YAXPAUFAR_REQ_FARSETCHANGED@@@Z 100146f5 f   PluginSrv.obj
 0001:00013737       ?PlugServerCommand@@YGHPAXPAUCESERVER_REQ@@AAPAU1@AAK3J@Z 10014737 f   PluginSrv.obj
 0001:00013c1d       ?PlugServerFree@@YGXPAUCESERVER_REQ@@J@Z 10014c1d f   PluginSrv.obj
 0001:00013c2c       ?StopPipeServer@?$PipeServer@UCESERVER_REQ@@@@QAEX_NAA_N@Z 10014c2c f i PluginSrv.obj
 0001:00013f5e       ?StartPipeServer@?$PipeServer@UCESERVER_REQ@@@@QAE_N_NPB_WJPAU_SECURITY_ATTRIBUTES@@P6GHPAXPAUCESERVER_REQ@@AAPAU3@AAK6J@ZP6GX4J@ZP6GH3J@Z99@Z 10014f5e f i PluginSrv.obj
 0001:00014082       ?StartPipeInstance@?$PipeServer@UCESERVER_REQ@@@@IAE_NPAUPipeInst@1@@Z 10015082 f i PluginSrv.obj
 0001:000141af       ?_Disconnect@?$PipeServer@UCESERVER_REQ@@@@IAEXPAUPipeInst@1@_N11@Z 100151af f i PluginSrv.obj
 0001:00014203       ?DumpError@?$PipeServer@UCESERVER_REQ@@@@IAEXPAUPipeInst@1@PB_WH@Z 10015203 f i PluginSrv.obj
 0001:000142d8       ?_PipeServerThread@?$PipeServer@UCESERVER_REQ@@@@KGKPAX@Z 100152d8 f i PluginSrv.obj
 0001:00014321       ?PipeServerThread@?$PipeServer@UCESERVER_REQ@@@@IAEKPAUPipeInst@1@@Z 10015321 f i PluginSrv.obj
 0001:00014545       ?WriteDummyAnswer@?$PipeServer@UCESERVER_REQ@@@@IAEHPAUPipeInst@1@@Z 10015545 f i PluginSrv.obj
 0001:000145ab       ?WaitForClient@?$PipeServer@UCESERVER_REQ@@@@IAE_NPAUPipeInst@1@AAH1@Z 100155ab f i PluginSrv.obj
 0001:00014821       ?PipeServerWrite@?$PipeServer@UCESERVER_REQ@@@@IAEHPAUPipeInst@1@PBXKPAKH@Z 10015821 f i PluginSrv.obj
 0001:000148e3       ?PipeServerRead@?$PipeServer@UCESERVER_REQ@@@@IAEHPAUPipeInst@1@@Z 100158e3 f i PluginSrv.obj
 0001:00014b53       ?AllocRequestBuf@PipeInst@?$PipeServer@UCESERVER_REQ@@@@QAEPAUCESERVER_REQ@@K@Z 10015b53 f i PluginSrv.obj
 0001:00014b9e       ?WaitOverlapped@?$PipeServer@UCESERVER_REQ@@@@IAEHPAUPipeInst@1@PAK@Z 10015b9e f i PluginSrv.obj
 0001:00014ce9       @__security_check_cookie@4 10015ce9 f   LIBCMT:_secchk_.obj
 0001:00014cfa       ___raise_securityfailure   10015cfa f   LIBCMT:gs_report.obj
 0001:00014d22       ___report_gsfailure        10015d22 f   LIBCMT:gs_report.obj
 0001:00014e1d       ??3@YAXPAXI@Z              10015e1d f   LIBCMT:delete_scalar_size.obj
 0001:00014e2b       ??_Gtype_info@@UAEPAXI@Z   10015e2b f i LIBCMT:std_type_info_static.obj
 0001:00014e2b       ??_Etype_info@@UAEPAXI@Z   10015e2b f i LIBCMT:std_type_info_static.obj
 0001:00014e4e       ??$__crt_fast_encode_pointer@PAX@@YAPAXQAX@Z 10015e4e f i libvcruntime:winapi_downlevel.obj
 0001:00014e4e       ??$__crt_fast_encode_pointer@P6GXPAU_RTL_CONDITION_VARIABLE@@@Z@@YAP6GXPAU_RTL_CONDITION_VARIABLE@@@ZQ6GX0@Z@Z 10015e4e f i LIBCMT:thread_safe_statics.obj
 0001:00014e4e       ??$__crt_fast_encode_pointer@P6GHPAU_RTL_CONDITION_VARIABLE@@PAU_RTL_CRITICAL_SECTION@@K@Z@@YAP6GHPAU_RTL_CONDITION_VARIABLE@@PAU_RTL_CRITICAL_SECTION@@K@ZQ6GH01K@Z@Z 10015e4e f i LIBCMT:thread_safe_statics.obj
 0001:00014e4e       ??$__crt_fast_encode_pointer@PAP6AXXZ@@YAPAP6AXXZQAP6AXXZ@Z 10015e4e f i LIBCMT:utility.obj
 0001:00014eaf       ___scrt_acquire_startup_lock 10015eaf f   LIBCMT:utility.obj
 0001:00014ee4       ___scrt_dllmain_after_initialize_c 10015ee4 f   LIBCMT:utility.obj
 0001:00014f0f       ___scrt_dllmain_before_initialize_c 10015f0f f   LIBCMT:utility.obj
 0001:00014f1d       ___scrt_dllmain_crt_thread_attach 10015f1d f   LIBCMT:utility.obj
 0001:00014f3c       ___scrt_dllmain_crt_thread_detach 10015f3c f   LIBCMT:utility.obj
 0001:00014f49       ___scrt_dllmain_exception_filter 10015f49 f   LIBCMT:utility.obj
 0001:00014f7c       ___scrt_dllmain_uninitialize_c 10015f7c f   LIBCMT:utility.obj
 0001:00014f9f       ___scrt_dllmain_uninitialize_critical 10015f9f f   LIBCMT:utility.obj
 0001:00014fac       ___scrt_initialize_crt     10015fac f   LIBCMT:utility.obj
 0001:00014fe5       ___scrt_initialize_onexit_tables 10015fe5 f   LIBCMT:utility.obj
 0001:0001508f       ___scrt_is_nonwritable_in_current_image 1001608f f   LIBCMT:utility.obj
 0001:00015119       ___scrt_release_startup_lock 10016119 f   LIBCMT:utility.obj
 0001:00015136       ___scrt_uninitialize_crt   10016136 f   LIBCMT:utility.obj
 0001:0001515e       __onexit                   1001615e f   LIBCMT:utility.obj
 0001:00015199       _atexit                    10016199 f   LIBCMT:utility.obj
 0001:000152b1       __Init_thread_footer       100162b1 f   LIBCMT:thread_safe_statics.obj
 0001:000152f0       __Init_thread_header       100162f0 f   LIBCMT:thread_safe_statics.obj
 0001:00015336       __Init_thread_lock         10016336 f   LIBCMT:thread_safe_statics.obj
 0001:00015342       __Init_thread_notify       10016342 f   LIBCMT:thread_safe_statics.obj
 0001:00015383       __Init_thread_unlock       10016383 f   LIBCMT:thread_safe_statics.obj
 0001:0001538f       __Init_thread_wait         1001638f f   LIBCMT:thread_safe_statics.obj
 0001:000156eb       __DllMainCRTStartup@12     100166eb f   LIBCMT:dll_dllmain.obj
 0001:0001570e       ___isa_available_init      1001670e f   LIBCMT:_cpu_disp_.obj
 0001:000158ad       ___scrt_is_ucrt_dll_in_use 100168ad f   LIBCMT:ucrt_detection.obj
 0001:000158b9       ___scrt_fastfail           100168b9 f   LIBCMT:utility_desktop.obj
 0001:000159d5       __crt_debugger_hook        100169d5 f   LIBCMT:utility_desktop.obj
 0001:000159dd       @_guard_check_icall@4      100169dd f i LIBCMT:checkcfg.obj
 0001:000159f0       __SEH_prolog4              100169f0 f   LIBCMT:_sehprolg4_.obj
 0001:00015a36       __SEH_epilog4              10016a36 f   LIBCMT:_sehprolg4_.obj
 0001:00015a9a       ___security_init_cookie    10016a9a f   LIBCMT:gs_support.obj
 0001:00015aed       ?__scrt_initialize_type_info@@YAXXZ 10016aed f   LIBCMT:tncleanup.obj
 0001:00015af9       ?__scrt_uninitialize_type_info@@YAXXZ 10016af9 f   LIBCMT:tncleanup.obj
 0001:00015b05       ___local_stdio_printf_options 10016b05 f i LIBCMT:default_local_stdio_options.obj
 0001:00015b0b       ___local_stdio_scanf_options 10016b0b f i LIBCMT:default_local_stdio_options.obj
 0001:00015b11       ___scrt_initialize_default_local_stdio_options 10016b11 f   LIBCMT:default_local_stdio_options.obj
 0001:00015b2e       ___scrt_get_dyn_tls_init_callback 10016b2e f   LIBCMT:dyn_tls_init.obj
 0001:00015b34       __RTC_Initialize           10016b34 f   LIBCMT:_initsect_.obj
 0001:00015b5f       __RTC_Terminate            10016b5f f   LIBCMT:_initsect_.obj
 0001:00015b8a       ?_CallCatchBlock2@@YAPAXPAUEHRegistrationNode@@PBU_s_FuncInfo@@PAXHK@Z 10016b8a f   libvcruntime:trnsctrl.obj
 0001:00015bea       ?_CallSETranslator@@YAHPAUEHExceptionRecord@@PAUEHRegistrationNode@@PAX2PBU_s_FuncInfo@@H1@Z 10016bea f   libvcruntime:trnsctrl.obj
 0001:00015cc7       ?_GetRangeOfTrysToCheck@@YAPBU_s_TryBlockMapEntry@@PBU_s_FuncInfo@@HHPAI1@Z 10016cc7 f   libvcruntime:trnsctrl.obj
 0001:00015d3f       ?_JumpToContinuation@@YGXPAXPAUEHRegistrationNode@@@Z 10016d3f f   libvcruntime:trnsctrl.obj
 0001:00015d71       ?_UnwindNestedFrames@@YGXPAUEHRegistrationNode@@PAUEHExceptionRecord@@@Z 10016d71 f   libvcruntime:trnsctrl.obj
 0001:00015dc6       __CatchGuardHandler        10016dc6 f   libvcruntime:trnsctrl.obj
 0001:00015df7       __CreateFrameInfo          10016df7 f   libvcruntime:trnsctrl.obj
 0001:00015e1b       __FindAndUnlinkFrame       10016e1b f   libvcruntime:trnsctrl.obj
 0001:00015e65       __TranslatorGuardHandler   10016e65 f   libvcruntime:trnsctrl.obj
 0001:00015f04       ___CxxFrameHandler3        10016f04 f   libvcruntime:trnsctrl.obj
 0001:00015f40       _memmove                   10016f40 f   libvcruntime:memmove.obj
 0001:000164b4       ___DestructExceptionObject 100174b4 f   libvcruntime:ehhelpers.obj
 0001:00016548       ?_CallMemberFunction0@@YGXQAX0@Z 10017548 f i libvcruntime:ehhelpers.obj
 0001:00016555       __IsExceptionObjectToBeDestroyed 10017555 f   libvcruntime:ehhelpers.obj
 0001:0001657b       ___AdjustPointer           1001757b f   libvcruntime:ehhelpers.obj
 0001:000165a0       ___FrameUnwindFilter       100175a0 f   libvcruntime:ehhelpers.obj
 0001:000165e5       ___std_terminate           100175e5 f   libvcruntime:ehhelpers.obj
 0001:000165ea       _wcschr                    100175ea f   libvcruntime:wcschr.obj
 0001:00016698       _wcsstr                    10017698 f   libvcruntime:wcsstr.obj
 0001:0001691b       _wcsrchr                   1001791b f   libvcruntime:wcsrchr.obj
 0001:000169c0       _strrchr                   100179c0 f   libvcruntime:strrchr.obj
 0001:00016b40       __except_handler4          10017b40 f   libvcruntime:_chandler4_.obj
 0001:00016cb0       _strchr                    10017cb0 f   libvcruntime:strchr.obj
 0001:00016d1e       ___from_strstr_to_strchr   10017d1e     libvcruntime:strchr.obj
 0001:00016ddb       __get_purecall_handler     10017ddb f   libvcruntime:purevirt.obj
 0001:00016df0       __purecall                 10017df0 f   libvcruntime:purevirt.obj
 0001:00016e0b       ___vcrt_initialize         10017e0b f   libvcruntime:initialization.obj
 0001:00016e34       ___vcrt_thread_attach      10017e34 f   libvcruntime:initialization.obj
 0001:00016e3f       ___vcrt_thread_detach      10017e3f f   libvcruntime:initialization.obj
 0001:00016e4a       ___vcrt_uninitialize       10017e4a f   libvcruntime:initialization.obj
 0001:00016e69       ___vcrt_uninitialize_critical 10017e69 f   libvcruntime:initialization.obj
 0001:00016fb7       ___vcrt_FlsAlloc           10017fb7 f   libvcruntime:winapi_downlevel.obj
 0001:00016ff1       ___vcrt_FlsFree            10017ff1 f   libvcruntime:winapi_downlevel.obj
 0001:0001702b       ___vcrt_FlsGetValue        1001802b f   libvcruntime:winapi_downlevel.obj
 0001:00017065       ___vcrt_FlsSetValue        10018065 f   libvcruntime:winapi_downlevel.obj
 0001:000170a2       ___vcrt_InitializeCriticalSectionEx 100180a2 f   libvcruntime:winapi_downlevel.obj
 0001:000170e8       ___vcrt_initialize_winapi_thunks 100180e8 f   libvcruntime:winapi_downlevel.obj
 0001:00017122       ___vcrt_uninitialize_winapi_thunks 10018122 f   libvcruntime:winapi_downlevel.obj
 0001:00017160       _memset                    10018160 f   libvcruntime:memset.obj
 0001:000172ba       ___std_type_info_compare   100182ba f   libvcruntime:std_type_info.obj
 0001:000172f6       ___std_type_info_destroy_list 100182f6 f   libvcruntime:std_type_info.obj
 0001:00017319       ___vcrt_freefls@4          10018319 f   libvcruntime:per_thread_data.obj
 0001:00017335       ___vcrt_freeptd            10018335 f   libvcruntime:per_thread_data.obj
 0001:0001736b       ___vcrt_getptd             1001836b f   libvcruntime:per_thread_data.obj
 0001:00017379       ___vcrt_getptd_noexit      10018379 f   libvcruntime:per_thread_data.obj
 0001:0001740b       ___vcrt_initialize_ptd     1001840b f   libvcruntime:per_thread_data.obj
 0001:0001743e       ___vcrt_uninitialize_ptd   1001843e f   libvcruntime:per_thread_data.obj
 0001:00017460       __CallSettingFrame@12      10018460 f   libvcruntime:lowhelpr.obj
 0001:00017487       __NLG_Return               10018487     libvcruntime:lowhelpr.obj
 0001:000174ac       ??0bad_exception@std@@QAE@ABV01@@Z 100184ac f i libvcruntime:frame.obj
 0001:000174c7       ??0bad_exception@std@@QAE@XZ 100184c7 f i libvcruntime:frame.obj
 0001:000174df       ??0exception@std@@QAE@ABV01@@Z 100184df f i libvcruntime:frame.obj
 0001:0001750b       ??1bad_exception@std@@UAE@XZ 1001850b f i libvcruntime:frame.obj
 0001:0001751c       ??8type_info@@QBE_NABV0@@Z 1001851c f i libvcruntime:frame.obj
 0001:0001753b       ??_Gexception@std@@UAEPAXI@Z 1001853b f i libvcruntime:frame.obj
 0001:0001753b       ??_Eexception@std@@UAEPAXI@Z 1001853b f i libvcruntime:frame.obj
 0001:0001753b       ??_Ebad_exception@std@@UAEPAXI@Z 1001853b f i libvcruntime:frame.obj
 0001:0001753b       ??_Gbad_exception@std@@UAEPAXI@Z 1001853b f i libvcruntime:frame.obj
 0001:00017d60       ?_CallMemberFunction1@@YGXQAX00@Z 10018d60 f i libvcruntime:frame.obj
 0001:00017d70       ?_CallMemberFunction2@@YGXQAX00H@Z 10018d70 f i libvcruntime:frame.obj
 0001:00017d83       ?what@exception@std@@UBEPBDXZ 10018d83 f i libvcruntime:frame.obj
 0001:00017d90       ___BuildCatchObject        10018d90 f   libvcruntime:frame.obj
 0001:00017e1f       ___BuildCatchObjectHelper  10018e1f f   libvcruntime:frame.obj
 0001:00017f4d       ___FrameUnwindToState      10018f4d f   libvcruntime:frame.obj
 0001:00018015       ___InternalCxxFrameHandler 10019015 f   libvcruntime:frame.obj
 0001:00018111       ___TypeMatch               10019111 f   libvcruntime:frame.obj
 0001:0001819f       ___except_validate_context_record 1001919f f   libvcruntime:jbcxrval.obj
 0001:000181cf       ___except_validate_jump_buffer 100191cf f   libvcruntime:jbcxrval.obj
 0001:00018200       __local_unwind4            10019200 f   libvcruntime:_exsup4_.obj
 0001:000182d8       __seh_longjmp_unwind4@4    100192d8 f   libvcruntime:_exsup4_.obj
 0001:00018300       @_EH4_CallFilterFunc@8     10019300 f   libvcruntime:_exsup4_.obj
 0001:00018318       @_EH4_TransferToHandler@8  10019318 f   libvcruntime:_exsup4_.obj
 0001:00018334       @_EH4_GlobalUnwind2@8      10019334 f   libvcruntime:_exsup4_.obj
 0001:00018350       @_EH4_LocalUnwind@16       10019350 f   libvcruntime:_exsup4_.obj
 0001:00018367       ___vcrt_initialize_pure_virtual_call_handler 10019367 f   libvcruntime:purevirt_data.obj
 0001:00018384       ___vcrt_initialize_locks   10019384 f   libvcruntime:locks.obj
 0001:000183c0       ___vcrt_uninitialize_locks 100193c0 f   libvcruntime:locks.obj
 0001:000183f0       __global_unwind2           100193f0 f   libvcruntime:_exsup_.obj
 0001:00018456       __local_unwind2            10019456 f   libvcruntime:_exsup_.obj
 0001:000184da       __abnormal_termination     100194da f   libvcruntime:_exsup_.obj
 0001:00018500       __NLG_Notify1              10019500 f   libvcruntime:_exsup_.obj
 0001:0001850c       __NLG_Notify               1001950c f   libvcruntime:_exsup_.obj
 0001:00018523       __NLG_Dispatch             10019523     libvcruntime:_exsup_.obj
 0001:00018523       __NLG_Dispatch2            10019523     libvcruntime:_exsup_.obj
 0001:0001852b       __NLG_Call                 1001952b f   libvcruntime:_exsup_.obj
 0001:0001852d       __NLG_Return2              1001952d     libvcruntime:_exsup_.obj
 0001:0001852e       _unexpected                1001952e f   libvcruntime:unexpected.obj
 0001:0001854a       ___std_exception_copy      1001954a f   libvcruntime:std_exception.obj
 0001:000185ad       ___std_exception_destroy   100195ad f   libvcruntime:std_exception.obj
 0001:000185cc       __CxxThrowException@8      100195cc f   libvcruntime:throw.obj
 0001:0001863a       _wcsncmp                   1001963a f   libucrt:wcsncmp.obj
 0001:00018674       ??0_LocaleUpdate@@QAE@QAU__crt_locale_pointers@@@Z 10019674 f i libucrt:strtox.obj
 0001:000186f7       __seh_filter_dll           100196f7 f   libucrt:exception_filter.obj
 0001:00018717       __seh_filter_exe           10019717 f   libucrt:exception_filter.obj
 0001:00018aa5       ___acrt_initialize_thread_local_exit_callback 10019aa5 f   libucrt:exit.obj
 0001:00018ab4       __cexit                    10019ab4 f   libucrt:exit.obj
 0001:00018ac3       __exit                     10019ac3 f   libucrt:exit.obj
 0001:00018ad9       __is_c_termination_complete 10019ad9 f   libucrt:exit.obj
 0001:00018d78       ___acrt_allocate_buffer_for_argv 10019d78 f   libucrt:argv_parsing.obj
 0001:00018dcd       __configure_narrow_argv    10019dcd f   libucrt:argv_parsing.obj
 0001:00018f31       ??$uninitialize@A6AXAAPAPA_W@Z@?$dual_state_global@PAPA_W@__crt_state_management@@QAEXA6AXAAPAPA_W@Z@Z 10019f31 f i libucrt:environment_initialization.obj
 0001:00018f31       ??$uninitialize@A6AXAAPAPAD@Z@?$dual_state_global@PAPAD@__crt_state_management@@QAEXA6AXAAPAPAD@Z@Z 10019f31 f i libucrt:environment_initialization.obj
 0001:00018fa7       ___dcrt_uninitialize_environments_nolock 10019fa7 f   libucrt:environment_initialization.obj
 0001:00018fde       __initialize_narrow_environment 10019fde f   libucrt:environment_initialization.obj
 0001:00018fe3       ??$?RV<lambda_800076c951b434888f4765a74a194fcc>@@AAV<lambda_4e60a939b0d047cfe11ddc22648dfba9>@@V<lambda_6dbb1268764f43b569ce7b67e331d33a>@@@?$__crt_seh_guarded_call@H@@QAEH$$QAV<lambda_800076c951b434888f4765a74a194fcc>@@AAV<lambda_4e60a939b0d047cfe11ddc22648dfba9>@@$$QAV<lambda_6dbb1268764f43b569ce7b67e331d33a>@@@Z 10019fe3 f i libucrt:onexit.obj
 0001:00019034       ??$?RV<lambda_995298e7d72eb4c2aab26c0585b3abe5>@@AAV<lambda_275893d493268fdec8709772e3fcec0e>@@V<lambda_293819299cbf9a7022e18b56a874bb5c>@@@?$__crt_seh_guarded_call@H@@QAEH$$QAV<lambda_995298e7d72eb4c2aab26c0585b3abe5>@@AAV<lambda_275893d493268fdec8709772e3fcec0e>@@$$QAV<lambda_293819299cbf9a7022e18b56a874bb5c>@@@Z 1001a034 f i libucrt:onexit.obj
 0001:00019085       ??$__acrt_lock_and_call@V<lambda_275893d493268fdec8709772e3fcec0e>@@@@YAHW4__acrt_lock_id@@$$QAV<lambda_275893d493268fdec8709772e3fcec0e>@@@Z 1001a085 f i libucrt:onexit.obj
 0001:000190ad       ??$__acrt_lock_and_call@V<lambda_4e60a939b0d047cfe11ddc22648dfba9>@@@@YAHW4__acrt_lock_id@@$$QAV<lambda_4e60a939b0d047cfe11ddc22648dfba9>@@@Z 1001a0ad f i libucrt:onexit.obj
 0001:000190d5       ??$__crt_fast_encode_pointer@P6AHXZ@@YAP6AHXZQ6AHXZ@Z 1001a0d5 f i libucrt:onexit.obj
 0001:00019355       __crt_atexit               1001a355 f   libucrt:onexit.obj
 0001:0001936b       __execute_onexit_table     1001a36b f   libucrt:onexit.obj
 0001:00019388       __initialize_onexit_table  1001a388 f   libucrt:onexit.obj
 0001:000193c5       __register_onexit_function 1001a3c5 f   libucrt:onexit.obj
 0001:000194da       ?initialize@?$dual_state_global@P6AXH@Z@__crt_state_management@@QAEXQ6AXH@Z@Z 1001a4da f i libucrt:signal.obj
 0001:000194da       ?initialize@?$dual_state_global@PAU__crt_locale_data@@@__crt_state_management@@QAEXQAU__crt_locale_data@@@Z 1001a4da f i libucrt:initialization.obj
 0001:000194da       ?initialize@?$dual_state_global@P6AHPAU_exception@@@Z@__crt_state_management@@QAEXQ6AHPAU_exception@@@Z@Z 1001a4da f i libucrt:matherr.obj
 0001:000194da       ?initialize@?$dual_state_global@PAPAD@__crt_state_management@@QAEXQAPAD@Z 1001a4da f i libucrt:environment_initialization.obj
 0001:000194da       ?initialize@?$dual_state_global@P6AXPB_W00II@Z@__crt_state_management@@QAEXQ6AXPB_W00II@Z@Z 1001a4da f i libucrt:invalid_parameter.obj
 0001:000194da       ?initialize@?$dual_state_global@P6AHI@Z@__crt_state_management@@QAEXQ6AHI@Z@Z 1001a4da f i libucrt:new_handler.obj
 0001:0001950b       ___acrt_initialize         1001a50b f   libucrt:initialization.obj
 0001:0001951d       ___acrt_thread_attach      1001a51d f   libucrt:initialization.obj
 0001:00019528       ___acrt_thread_detach      1001a528 f   libucrt:initialization.obj
 0001:00019530       ___acrt_uninitialize       1001a530 f   libucrt:initialization.obj
 0001:00019542       ___acrt_uninitialize_critical 1001a542 f   libucrt:initialization.obj
 0001:00019554       __initterm                 1001a554 f   libucrt:initterm.obj
 0001:000195b0       __initterm_e               1001a5b0 f   libucrt:initterm.obj
 0001:000195f5       _terminate                 1001a5f5 f   libucrt:terminate.obj
 0001:00019631       _abort                     1001a631 f   libucrt:abort.obj
 0001:00019674       __free_base                1001a674 f   libucrt:free_base.obj
 0001:000196ae       __malloc_base              1001a6ae f   libucrt:malloc_base.obj
 0001:000196fc       _strcpy_s                  1001a6fc f   libucrt:strcpy_s.obj
 0001:00019756       __calloc_base              1001a756 f   libucrt:calloc_base.obj
 0001:000197b3       _free                      1001a7b3 f   libucrt:free.obj
 0001:000197b8       _malloc                    1001a7b8 f   libucrt:malloc.obj
 0001:000197c3       ___acrt_call_reportfault   1001a7c3 f   libucrt:invalid_parameter.obj
 0001:000198fe       ___acrt_initialize_invalid_parameter_handler 1001a8fe f   libucrt:invalid_parameter.obj
 0001:00019912       __invalid_parameter        1001a912 f   libucrt:invalid_parameter.obj
 0001:0001998d       __invalid_parameter_noinfo 1001a98d f   libucrt:invalid_parameter.obj
 0001:0001999d       __invoke_watson            1001a99d f   libucrt:invalid_parameter.obj
 0001:000199d0       ___acrt_errno_from_os_error 1001a9d0 f   libucrt:errno.obj
 0001:00019a13       ___acrt_errno_map_os_error 1001aa13 f   libucrt:errno.obj
 0001:00019a36       ___doserrno                1001aa36 f   libucrt:errno.obj
 0001:00019a49       __errno                    1001aa49 f   libucrt:errno.obj
 0001:00019a5c       ___pctype_func             1001aa5c f   libucrt:ctype.obj
 0001:00019a82       ??$?RV<lambda_3518db117f0e7cdb002338c5d3c47b6c>@@AAV<lambda_b2ea41f6bbb362cd97d94c6828d90b61>@@V<lambda_abdedf541bb04549bc734292b4a045d4>@@@?$__crt_seh_guarded_call@X@@QAEX$$QAV<lambda_3518db117f0e7cdb002338c5d3c47b6c>@@AAV<lambda_b2ea41f6bbb362cd97d94c6828d90b61>@@$$QAV<lambda_abdedf541bb04549bc734292b4a045d4>@@@Z 1001aa82 f i libucrt:per_thread_data.obj
 0001:00019ad2       ??$?RV<lambda_51b6e8b1eb166f2a3faf91f424b38130>@@AAV<lambda_6250bd4b2a391816dd638c3bf72b0bcb>@@V<lambda_0b5a4a3e68152e1d9b943535f5f47bed>@@@?$__crt_seh_guarded_call@X@@QAEX$$QAV<lambda_51b6e8b1eb166f2a3faf91f424b38130>@@AAV<lambda_6250bd4b2a391816dd638c3bf72b0bcb>@@$$QAV<lambda_0b5a4a3e68152e1d9b943535f5f47bed>@@@Z 1001aad2 f i libucrt:per_thread_data.obj
 0001:00019b33       ??$?RV<lambda_5b71d36f03204c0beab531769a5b5694>@@AAV<lambda_be2b3da3f62db62e9dad5dc70221a656>@@V<lambda_8f9ce462984622f9bf76b59e2aaaf805>@@@?$__crt_seh_guarded_call@X@@QAEX$$QAV<lambda_5b71d36f03204c0beab531769a5b5694>@@AAV<lambda_be2b3da3f62db62e9dad5dc70221a656>@@$$QAV<lambda_8f9ce462984622f9bf76b59e2aaaf805>@@@Z 1001ab33 f i libucrt:per_thread_data.obj
 0001:00019b7e       ??$?RV<lambda_9df27f884b057bc3edfc946cb5b7cf47>@@AAV<lambda_e69574bed617af4e071282c136b37893>@@V<lambda_cc0d902bcbbeb830f749456577db4721>@@@?$__crt_seh_guarded_call@X@@QAEX$$QAV<lambda_9df27f884b057bc3edfc946cb5b7cf47>@@AAV<lambda_e69574bed617af4e071282c136b37893>@@$$QAV<lambda_cc0d902bcbbeb830f749456577db4721>@@@Z 1001ab7e f i libucrt:per_thread_data.obj
 0001:00019bc6       ??$__acrt_lock_and_call@V<lambda_6250bd4b2a391816dd638c3bf72b0bcb>@@@@YAXW4__acrt_lock_id@@$$QAV<lambda_6250bd4b2a391816dd638c3bf72b0bcb>@@@Z 1001abc6 f i libucrt:per_thread_data.obj
 0001:00019bee       ??$__acrt_lock_and_call@V<lambda_b2ea41f6bbb362cd97d94c6828d90b61>@@@@YAXW4__acrt_lock_id@@$$QAV<lambda_b2ea41f6bbb362cd97d94c6828d90b61>@@@Z 1001abee f i libucrt:per_thread_data.obj
 0001:00019c16       ??$__acrt_lock_and_call@V<lambda_be2b3da3f62db62e9dad5dc70221a656>@@@@YAXW4__acrt_lock_id@@$$QAV<lambda_be2b3da3f62db62e9dad5dc70221a656>@@@Z 1001ac16 f i libucrt:per_thread_data.obj
 0001:00019c3e       ??$__acrt_lock_and_call@V<lambda_e69574bed617af4e071282c136b37893>@@@@YAXW4__acrt_lock_id@@$$QAV<lambda_e69574bed617af4e071282c136b37893>@@@Z 1001ac3e f i libucrt:per_thread_data.obj
 0001:00019df4       ___acrt_freeptd            1001adf4 f   libucrt:per_thread_data.obj
 0001:00019e20       ___acrt_getptd             1001ae20 f   libucrt:per_thread_data.obj
 0001:00019ea4       ___acrt_getptd_noexit      1001aea4 f   libucrt:per_thread_data.obj
 0001:00019f29       ___acrt_initialize_ptd     1001af29 f   libucrt:per_thread_data.obj
 0001:00019f55       ___acrt_uninitialize_ptd   1001af55 f   libucrt:per_thread_data.obj
 0001:00019f6f       ___acrt_update_locale_info 1001af6f f   libucrt:locale_update.obj
 0001:00019f9c       ___acrt_update_multibyte_info 1001af9c f   libucrt:locale_update.obj
 0001:00019fc9       ___acrt_set_locale_changed 1001afc9 f   libucrt:wsetlocale.obj
 0001:00019fd4       ___acrt_uninitialize_locale 1001afd4 f   libucrt:wsetlocale.obj
 0001:0001a026       ___acrt_initialize_locks   1001b026 f   libucrt:locks.obj
 0001:0001a067       ___acrt_lock               1001b067 f   libucrt:locks.obj
 0001:0001a07e       ___acrt_uninitialize_locks 1001b07e f   libucrt:locks.obj
 0001:0001a0af       ___acrt_unlock             1001b0af f   libucrt:locks.obj
 0001:0001a1dd       ___acrt_FlsAlloc@4         1001b1dd f   libucrt:winapi_thunks.obj
 0001:0001a233       ___acrt_FlsFree@4          1001b233 f   libucrt:winapi_thunks.obj
 0001:0001a289       ___acrt_FlsGetValue@4      1001b289 f   libucrt:winapi_thunks.obj
 0001:0001a2df       ___acrt_FlsSetValue@8      1001b2df f   libucrt:winapi_thunks.obj
 0001:0001a338       ___acrt_InitializeCriticalSectionEx@12 1001b338 f   libucrt:winapi_thunks.obj
 0001:0001a39a       ___acrt_LCMapStringEx@36   1001b39a f   libucrt:winapi_thunks.obj
 0001:0001a422       ___acrt_LocaleNameToLCID@8 1001b422 f   libucrt:winapi_thunks.obj
 0001:0001a47e       ___acrt_initialize_winapi_thunks 1001b47e f   libucrt:winapi_thunks.obj
 0001:0001a4a4       ___acrt_is_packaged_app    1001b4a4 f   libucrt:winapi_thunks.obj
 0001:0001a52b       ___acrt_uninitialize_winapi_thunks 1001b52b f   libucrt:winapi_thunks.obj
 0001:0001a923       ??1?$argument_list@D@?A0xb0e4b824@@QAE@XZ 1001b923 f i libucrt:argv_wildcards.obj
 0001:0001a948       ?append@?$argument_list@D@?A0xb0e4b824@@QAEHQAD@Z 1001b948 f i libucrt:argv_wildcards.obj
 0001:0001a97d       ?expand_if_necessary@?$argument_list@D@?A0xb0e4b824@@AAEHXZ 1001b97d f i libucrt:argv_wildcards.obj
 0001:0001aa04       ___acrt_expand_narrow_argv_wildcards 1001ba04 f   libucrt:argv_wildcards.obj
 0001:0001aa0f       ??$?RV<lambda_978dc153c237d78434369da87b74ff60>@@AAV<lambda_ad1ced32f4ac17aa236e5ef05d6b3b7c>@@V<lambda_4a8533e2866a575feecb8298ce776b0d>@@@?$__crt_seh_guarded_call@X@@QAEX$$QAV<lambda_978dc153c237d78434369da87b74ff60>@@AAV<lambda_ad1ced32f4ac17aa236e5ef05d6b3b7c>@@$$QAV<lambda_4a8533e2866a575feecb8298ce776b0d>@@@Z 1001ba0f f i libucrt:mbctype.obj
 0001:0001aa52       ??$__acrt_lock_and_call@V<lambda_ad1ced32f4ac17aa236e5ef05d6b3b7c>@@@@YAXW4__acrt_lock_id@@$$QAV<lambda_ad1ced32f4ac17aa236e5ef05d6b3b7c>@@@Z 1001ba52 f i libucrt:mbctype.obj
 0001:0001aee9       ___acrt_initialize_multibyte 1001bee9 f   libucrt:mbctype.obj
 0001:0001af07       ___acrt_update_thread_multibyte_data 1001bf07 f   libucrt:mbctype.obj
 0001:0001afa9       __setmbcp_nolock           1001bfa9 f   libucrt:mbctype.obj
 0001:0001b274       __ismbblead                1001c274 f   libucrt:ismbbyte.obj
 0001:0001b28c       ___acrt_initialize_command_line 1001c28c f   libucrt:argv_data.obj
 0001:0001b2a5       ___acrt_uninitialize_command_line 1001c2a5 f   libucrt:argv_data.obj
 0001:0001b2df       ___dcrt_get_narrow_environment_from_os 1001c2df f   libucrt:get_environment_from_os.obj
 0001:0001b362       __recalloc                 1001c362 f   libucrt:recalloc.obj
 0001:0001b36d       __recalloc_base            1001c36d f   libucrt:recalloc.obj
 0001:0001b3da       ___acrt_initialize_heap    1001c3da f   libucrt:heap_handle.obj
 0001:0001b3eb       ___acrt_uninitialize_heap  1001c3eb f   libucrt:heap_handle.obj
 0001:0001b561       ___acrt_initialize_lowio   1001c561 f   libucrt:ioinit.obj
 0001:0001b5b7       ___acrt_uninitialize_lowio 1001c5b7 f   libucrt:ioinit.obj
 0001:0001b5e3       ___acrt_execute_initializers 1001c5e3 f   libucrt:shared_initialization.obj
 0001:0001b666       ___acrt_execute_uninitializers 1001c666 f   libucrt:shared_initialization.obj
 0001:0001b6b3       ___acrt_initialize_new_handler 1001c6b3 f   libucrt:new_handler.obj
 0001:0001b6c7       __callnewh                 1001c6c7 f   libucrt:new_handler.obj
 0001:0001b70b       __query_new_handler        1001c70b f   libucrt:new_handler.obj
 0001:0001b75d       ??$?RV<lambda_a048d3beccc847880fc8490e18b82769>@@AAV<lambda_ec61778202f4f5fc7e7711acc23c3bca>@@V<lambda_f7496a158712204296dd6628a163878e>@@@?$__crt_seh_guarded_call@P6AXH@Z@@QAEP6AXH@Z$$QAV<lambda_a048d3beccc847880fc8490e18b82769>@@AAV<lambda_ec61778202f4f5fc7e7711acc23c3bca>@@$$QAV<lambda_f7496a158712204296dd6628a163878e>@@@Z 1001c75d f i libucrt:signal.obj
 0001:0001b7b7       ??$__acrt_lock_and_call@V<lambda_ec61778202f4f5fc7e7711acc23c3bca>@@@@YAP6AXH@ZW4__acrt_lock_id@@$$QAV<lambda_ec61778202f4f5fc7e7711acc23c3bca>@@@Z 1001c7b7 f i libucrt:signal.obj
 0001:0001b849       ___acrt_get_sigabrt_handler 1001c849 f   libucrt:signal.obj
 0001:0001b860       ___acrt_initialize_signal_handlers 1001c860 f   libucrt:signal.obj
 0001:0001b89b       ___fpecode                 1001c89b f   libucrt:signal.obj
 0001:0001b8a4       _raise                     1001c8a4 f   libucrt:signal.obj
 0001:0001baac       ___acrt_has_user_matherr   1001caac f   libucrt:matherr.obj
 0001:0001bac5       ___acrt_initialize_user_matherr 1001cac5 f   libucrt:matherr.obj
 0001:0001bad9       ___acrt_invoke_user_matherr 1001cad9 f   libucrt:matherr.obj
 0001:0001bb22       __query_new_mode           1001cb22 f   libucrt:new_mode.obj
 0001:0001bb28       __mbtowc_l                 1001cb28 f   libucrt:mbtowc.obj
 0001:0001bc22       _mbtowc                    1001cc22 f   libucrt:mbtowc.obj
 0001:0001bc3c       __fileno                   1001cc3c f   libucrt:fileno.obj
 0001:0001bc62       ___acrt_initialize_stdio   1001cc62 f   libucrt:_file.obj
 0001:0001bd2a       ___acrt_uninitialize_stdio 1001cd2a f   libucrt:_file.obj
 0001:0001bd76       __lock_file                1001cd76 f   libucrt:_file.obj
 0001:0001bd8a       __unlock_file              1001cd8a f   libucrt:_file.obj
 0001:0001bd9e       __isleadbyte_l             1001cd9e f i libucrt:_wctype.obj
 0001:0001bdd7       ___acrt_GetStringTypeA     1001cdd7 f   libucrt:getstringtypea.obj
 0001:0001bef4       __freea_crt                1001cef4 f i libucrt:getstringtypea.obj
 0001:0001bf14       ___acrt_add_locale_ref     1001cf14 f   libucrt:locale_refcounting.obj
 0001:0001bf91       ___acrt_free_locale        1001cf91 f   libucrt:locale_refcounting.obj
 0001:0001c0db       ___acrt_locale_add_lc_time_reference 1001d0db f   libucrt:locale_refcounting.obj
 0001:0001c104       ___acrt_locale_free_lc_time_if_unreferenced 1001d104 f   libucrt:locale_refcounting.obj
 0001:0001c134       ___acrt_locale_release_lc_time_reference 1001d134 f   libucrt:locale_refcounting.obj
 0001:0001c15d       ___acrt_release_locale_ref 1001d15d f   libucrt:locale_refcounting.obj
 0001:0001c1de       ___acrt_update_thread_locale_data 1001d1de f   libucrt:locale_refcounting.obj
 0001:0001c255       __updatetlocinfoEx_nolock  1001d255 f   libucrt:locale_refcounting.obj
 0001:0001c2a5       ___acrt_locale_free_monetary 1001d2a5 f   libucrt:initmon.obj
 0001:0001c3a3       ___acrt_locale_free_numeric 1001d3a3 f   libucrt:initnum.obj
 0001:0001c448       ___acrt_locale_free_time   1001d448 f   libucrt:inittime.obj
 0001:0001c5e8       ___acrt_DownlevelLocaleNameToLCID 1001d5e8 f   libucrt:lcidtoname_downlevel.obj
 0001:0001c700       _qsort                     1001d700 f   libucrt:qsort.obj
 0001:0001cb4b       _strncpy_s                 1001db4b f   libucrt:strncpy_s.obj
 0001:0001cb60       _strpbrk                   1001db60 f   libucrt:strpbrk.obj
 0001:0001cba0       __mbsdec                   1001dba0 f   libucrt:mbsdec.obj
 0001:0001cbb7       __mbsdec_l                 1001dbb7 f   libucrt:mbsdec.obj
 0001:0001ce70       ___acrt_LCMapStringA       1001de70 f   libucrt:lcmapstringa.obj
 0001:0001cebb       __msize                    1001debb f   libucrt:msize.obj
 0001:0001ceee       __realloc_base             1001deee f   libucrt:realloc_base.obj
 0001:0001cf57       ___acrt_lowio_create_handle_array 1001df57 f   libucrt:osfinfo.obj
 0001:0001cfd1       ___acrt_lowio_destroy_handle_array 1001dfd1 f   libucrt:osfinfo.obj
 0001:0001d006       ___acrt_lowio_ensure_fh_exists 1001e006 f   libucrt:osfinfo.obj
 0001:0001d09e       ___acrt_lowio_lock_fh      1001e09e f   libucrt:osfinfo.obj
 0001:0001d0c1       ___acrt_lowio_unlock_fh    1001e0c1 f   libucrt:osfinfo.obj
 0001:0001d0e4       __free_osfhnd              1001e0e4 f   libucrt:osfinfo.obj
 0001:0001d175       __get_osfhandle            1001e175 f   libucrt:osfinfo.obj
 0001:0001d1df       __isatty                   1001e1df f   libucrt:isatty.obj
 0001:0001d235       ___acrt_stdio_flush_nolock 1001e235 f   libucrt:fflush.obj
 0001:0001d29b       __fflush_nolock            1001e29b f   libucrt:fflush.obj
 0001:0001d2e2       __flushall                 1001e2e2 f   libucrt:fflush.obj
 0001:0001d3c3       __fcloseall                1001e3c3 f   libucrt:closeall.obj
 0001:0001d463       ___acrt_stdio_free_buffer_nolock 1001e463 f   libucrt:_freebuf.obj
 0001:0001d4a1       ___strncnt                 1001e4a1 f   libucrt:strncnt.obj
 0001:0001d4bd       __query_app_type           1001e4bd f   libucrt:report_runtime_error.obj
 0001:0001d4c3       ??$?RV<lambda_61cee617f5178ae960314fd4d05640a0>@@AAV<lambda_6978c1fb23f02e42e1d9e99668cc68aa>@@V<lambda_9cd88cf8ad10232537feb2133f08c833>@@@?$__crt_seh_guarded_call@H@@QAEH$$QAV<lambda_61cee617f5178ae960314fd4d05640a0>@@AAV<lambda_6978c1fb23f02e42e1d9e99668cc68aa>@@$$QAV<lambda_9cd88cf8ad10232537feb2133f08c833>@@@Z 1001e4c3 f i libucrt:commit.obj
 0001:0001d55b       ??$__acrt_lowio_lock_fh_and_call@V<lambda_6978c1fb23f02e42e1d9e99668cc68aa>@@@@YAHH$$QAV<lambda_6978c1fb23f02e42e1d9e99668cc68aa>@@@Z 1001e55b f i libucrt:commit.obj
 0001:0001d583       __commit                   1001e583 f   libucrt:commit.obj
 0001:0001db82       __write                    1001eb82 f   libucrt:write.obj
 0001:0001dc6d       __write_nolock             1001ec6d f   libucrt:write.obj
[...]
 0002:00008c5c       __unwindtable$?MonitorThreadProcW@CPluginBase@@SGKPAX@Z 1002ac5c     ConEmuPluginBase.obj
 0002:00008c64       __ehfuncinfo$?MonitorThreadProcW@CPluginBase@@SGKPAX@Z 1002ac64     ConEmuPluginBase.obj
 0002:00008c88       __unwindtable$?cmd_OpenEditorLine@CPluginBase@@QAE_NPAUCESERVER_REQ_FAREDITOR@@@Z 1002ac88     ConEmuPluginBase.obj
 0002:00008c90       __ehfuncinfo$?cmd_OpenEditorLine@CPluginBase@@QAE_NPAUCESERVER_REQ_FAREDITOR@@@Z 1002ac90     ConEmuPluginBase.obj
 0002:00008cb4       __unwindtable$?ProcessCommand@CPluginBase@@QAE_NKHPAXPAPAUCESERVER_REQ@@_N@Z 1002acb4     ConEmuPluginBase.obj
 0002:00008cb4       __unwindtable$?RegisterSubplugin@CPluginBackground@@QAEHPAURegisterBackgroundArg@@@Z 1002acb4     PluginBackground.obj
 0002:00008cbc       __ehfuncinfo$?RegisterSubplugin@CPluginBackground@@QAEHPAURegisterBackgroundArg@@@Z 1002acbc     PluginBackground.obj
 0002:00008cbc       __ehfuncinfo$?ProcessCommand@CPluginBase@@QAE_NKHPAXPAPAUCESERVER_REQ@@_N@Z 1002acbc     ConEmuPluginBase.obj
 0002:00008ce0       __unwindtable$?UpdateBackground@CPluginBackground@@IAEXXZ 1002ace0     PluginBackground.obj
 0002:00008ce8       __ehfuncinfo$?UpdateBackground@CPluginBackground@@IAEXXZ 1002ace8     PluginBackground.obj
 0002:00008d0c       __unwindtable$?LoadThSet@CPluginBackground@@IAEHH@Z 1002ad0c     PluginBackground.obj
 0002:00008d14       __ehfuncinfo$?LoadThSet@CPluginBackground@@IAEHH@Z 1002ad14     PluginBackground.obj
 0002:00008d38       __unwindtable$?PlugServerCommand@@YGHPAXPAUCESERVER_REQ@@AAPAU1@AAK3J@Z 1002ad38     PluginSrv.obj
 0002:00008d48       __ehfuncinfo$?PlugServerCommand@@YGHPAXPAUCESERVER_REQ@@AAPAU1@AAK3J@Z 1002ad48     PluginSrv.obj
 0002:00008d70       __sehtable$___scrt_is_nonwritable_in_current_image 1002ad70     LIBCMT:utility.obj
 0002:00008d90       __sehtable$?dllmain_crt_process_attach@@YAHQAUHINSTANCE__@@QAX@Z 1002ad90     LIBCMT:dll_dllmain.obj
 0002:00008db0       __sehtable$?dllmain_crt_process_detach@@YAH_N@Z 1002adb0     LIBCMT:dll_dllmain.obj
 0002:00008dd0       __sehtable$?dllmain_dispatch@@YAHQAUHINSTANCE__@@KQAX@Z 1002add0     LIBCMT:dll_dllmain.obj
 0002:00008df0       __sehtable$___DestructExceptionObject 1002adf0     libvcruntime:ehhelpers.obj
 0002:00008e10       __sehtable$___BuildCatchObject 1002ae10     libvcruntime:frame.obj
 0002:00008e30       __sehtable$___FrameUnwindToState 1002ae30     libvcruntime:frame.obj
 0002:00008e58       __sehtable$?CallCatchBlock@@YAPAXPAUEHExceptionRecord@@PAUEHRegistrationNode@@PAU_CONTEXT@@PBU_s_FuncInfo@@PAXHK@Z 1002ae58     libvcruntime:frame.obj
 0002:00008e80       __catchsym$?CallUnexpected@@YAXPBU_s_ESTypeList@@@Z$2 1002ae80     libvcruntime:frame.obj
 0002:00008e90       __unwindtable$?CallUnexpected@@YAXPBU_s_ESTypeList@@@Z 1002ae90     libvcruntime:frame.obj
 0002:00008ea0       __tryblocktable$?CallUnexpected@@YAXPBU_s_ESTypeList@@@Z 1002aea0     libvcruntime:frame.obj
 0002:00008eb4       __ehfuncinfo$?CallUnexpected@@YAXPBU_s_ESTypeList@@@Z 1002aeb4     libvcruntime:frame.obj
 0002:00008ed8       __sehtable$___BuildCatchObjectHelper 1002aed8     libvcruntime:frame.obj
 0002:00008f48       __sehtable$?common_exit@@YAXHW4_crt_exit_cleanup_mode@@W4_crt_exit_return_mode@@@Z 1002af48     libucrt:exit.obj
 0002:00008f70       __sehtable$??$?RV<lambda_800076c951b434888f4765a74a194fcc>@@AAV<lambda_4e60a939b0d047cfe11ddc22648dfba9>@@V<lambda_6dbb1268764f43b569ce7b67e331d33a>@@@?$__crt_seh_guarded_call@H@@QAEH$$QAV<lambda_800076c951b434888f4765a74a194fcc>@@AAV<lambda_4e60a939b0d047cfe11ddc22648dfba9>@@$$QAV<lambda_6dbb1268764f43b569ce7b67e331d33a>@@@Z 1002af70     libucrt:onexit.obj
 0002:00008f90       __sehtable$??$?RV<lambda_995298e7d72eb4c2aab26c0585b3abe5>@@AAV<lambda_275893d493268fdec8709772e3fcec0e>@@V<lambda_293819299cbf9a7022e18b56a874bb5c>@@@?$__crt_seh_guarded_call@H@@QAEH$$QAV<lambda_995298e7d72eb4c2aab26c0585b3abe5>@@AAV<lambda_275893d493268fdec8709772e3fcec0e>@@$$QAV<lambda_293819299cbf9a7022e18b56a874bb5c>@@@Z 1002af90     libucrt:onexit.obj
 0002:00008fb0       __sehtable$_terminate      1002afb0     libucrt:terminate.obj
 0002:00008fd0       __sehtable$??$?RV<lambda_9df27f884b057bc3edfc946cb5b7cf47>@@AAV<lambda_e69574bed617af4e071282c136b37893>@@V<lambda_cc0d902bcbbeb830f749456577db4721>@@@?$__crt_seh_guarded_call@X@@QAEX$$QAV<lambda_9df27f884b057bc3edfc946cb5b7cf47>@@AAV<lambda_e69574bed617af4e071282c136b37893>@@$$QAV<lambda_cc0d902bcbbeb830f749456577db4721>@@@Z 1002afd0     libucrt:per_thread_data.obj
 0002:00008ff0       __sehtable$??$?RV<lambda_3518db117f0e7cdb002338c5d3c47b6c>@@AAV<lambda_b2ea41f6bbb362cd97d94c6828d90b61>@@V<lambda_abdedf541bb04549bc734292b4a045d4>@@@?$__crt_seh_guarded_call@X@@QAEX$$QAV<lambda_3518db117f0e7cdb002338c5d3c47b6c>@@AAV<lambda_b2ea41f6bbb362cd97d94c6828d90b61>@@$$QAV<lambda_abdedf541bb04549bc734292b4a045d4>@@@Z 1002aff0     libucrt:per_thread_data.obj
 0002:00009010       __sehtable$??$?RV<lambda_51b6e8b1eb166f2a3faf91f424b38130>@@AAV<lambda_6250bd4b2a391816dd638c3bf72b0bcb>@@V<lambda_0b5a4a3e68152e1d9b943535f5f47bed>@@@?$__crt_seh_guarded_call@X@@QAEX$$QAV<lambda_51b6e8b1eb166f2a3faf91f424b38130>@@AAV<lambda_6250bd4b2a391816dd638c3bf72b0bcb>@@$$QAV<lambda_0b5a4a3e68152e1d9b943535f5f47bed>@@@Z 1002b010     libucrt:per_thread_data.obj
 0002:00009030       __sehtable$??$?RV<lambda_5b71d36f03204c0beab531769a5b5694>@@AAV<lambda_be2b3da3f62db62e9dad5dc70221a656>@@V<lambda_8f9ce462984622f9bf76b59e2aaaf805>@@@?$__crt_seh_guarded_call@X@@QAEX$$QAV<lambda_5b71d36f03204c0beab531769a5b5694>@@AAV<lambda_be2b3da3f62db62e9dad5dc70221a656>@@$$QAV<lambda_8f9ce462984622f9bf76b59e2aaaf805>@@@Z 1002b030     libucrt:per_thread_data.obj
 0002:00009050       __sehtable$___acrt_uninitialize_locale 1002b050     libucrt:wsetlocale.obj
 0002:00009070       __sehtable$___acrt_update_thread_multibyte_data 1002b070     libucrt:mbctype.obj
 0002:00009090       __sehtable$??$?RV<lambda_978dc153c237d78434369da87b74ff60>@@AAV<lambda_ad1ced32f4ac17aa236e5ef05d6b3b7c>@@V<lambda_4a8533e2866a575feecb8298ce776b0d>@@@?$__crt_seh_guarded_call@X@@QAEX$$QAV<lambda_978dc153c237d78434369da87b74ff60>@@AAV<lambda_ad1ced32f4ac17aa236e5ef05d6b3b7c>@@$$QAV<lambda_4a8533e2866a575feecb8298ce776b0d>@@@Z 1002b090     libucrt:mbctype.obj
 0002:000090b0       __sehtable$___acrt_initialize_lowio 1002b0b0     libucrt:ioinit.obj
 0002:000090d0       __sehtable$__query_new_handler 1002b0d0     libucrt:new_handler.obj
 0002:000090f0       __sehtable$_raise          1002b0f0     libucrt:signal.obj
 0002:00009110       __sehtable$??$?RV<lambda_a048d3beccc847880fc8490e18b82769>@@AAV<lambda_ec61778202f4f5fc7e7711acc23c3bca>@@V<lambda_f7496a158712204296dd6628a163878e>@@@?$__crt_seh_guarded_call@P6AXH@Z@@QAEP6AXH@Z$$QAV<lambda_a048d3beccc847880fc8490e18b82769>@@AAV<lambda_ec61778202f4f5fc7e7711acc23c3bca>@@$$QAV<lambda_f7496a158712204296dd6628a163878e>@@@Z 1002b110     libucrt:signal.obj
 0002:00009130       __sehtable$___acrt_update_thread_locale_data 1002b130     libucrt:locale_refcounting.obj
 0002:00009150       __sehtable$___acrt_lowio_ensure_fh_exists 1002b150     libucrt:osfinfo.obj
 0002:00009170       __sehtable$_common_flush_all 1002b170     libucrt:fflush.obj
 0002:00009198       __sehtable$__fcloseall     1002b198     libucrt:closeall.obj
 0002:000091b8       __sehtable$??$?RV<lambda_61cee617f5178ae960314fd4d05640a0>@@AAV<lambda_6978c1fb23f02e42e1d9e99668cc68aa>@@V<lambda_9cd88cf8ad10232537feb2133f08c833>@@@?$__crt_seh_guarded_call@H@@QAEH$$QAV<lambda_61cee617f5178ae960314fd4d05640a0>@@AAV<lambda_6978c1fb23f02e42e1d9e99668cc68aa>@@$$QAV<lambda_9cd88cf8ad10232537feb2133f08c833>@@@Z 1002b1b8     libucrt:commit.obj
 0002:000091d8       __sehtable$__write         1002b1d8     libucrt:write.obj
 0002:000091f8       __sehtable$_fclose         1002b1f8     libucrt:fclose.obj
 0002:00009218       __sehtable$??$?RV<lambda_123407a5e2ac06da108355a851863b7a>@@AAV<lambda_2fe9b910cf3cbf4a0ab98a02ba45b3ec>@@V<lambda_ae55bdf541ad94d75914d381c370e64d>@@@?$__crt_seh_guarded_call@H@@QAEH$$QAV<lambda_123407a5e2ac06da108355a851863b7a>@@AAV<lambda_2fe9b910cf3cbf4a0ab98a02ba45b3ec>@@$$QAV<lambda_ae55bdf541ad94d75914d381c370e64d>@@@Z 1002b218     libucrt:close.obj
 0002:00009238       __sehtable$__IsNonwritableInCurrentImage 1002b238     LIBCMT:pesect.obj
 0002:00009260       .edata                     1002b260     ConEmu.exp
 0002:00009288       rgpv                       1002b288     ConEmu.exp
 0002:000092f4       rgszName                   1002b2f4     ConEmu.exp
 0002:00009360       rgwOrd                     1002b360     ConEmu.exp
 0002:00009396       szName                     1002b396     ConEmu.exp
 0002:000093a1       $N00001                    1002b3a1     ConEmu.exp
 0002:000093b1       $N00002                    1002b3b1     ConEmu.exp
 0002:000093b9       $N00003                    1002b3b9     ConEmu.exp
 0002:000093c5       $N00004                    1002b3c5     ConEmu.exp
 0002:000093d0       $N00005                    1002b3d0     ConEmu.exp
 0002:000093de       $N00006                    1002b3de     ConEmu.exp
 0002:000093ef       $N00007                    1002b3ef     ConEmu.exp
 0002:000093fd       $N00008                    1002b3fd     ConEmu.exp
 0002:0000940c       $N00009                    1002b40c     ConEmu.exp
 0002:0000941c       $N00010                    1002b41c     ConEmu.exp
 0002:00009427       $N00011                    1002b427     ConEmu.exp
 0002:0000942d       $N00012                    1002b42d     ConEmu.exp
 0002:00009440       $N00013                    1002b440     ConEmu.exp
 0002:00009453       $N00014                    1002b453     ConEmu.exp
 0002:00009466       $N00015                    1002b466     ConEmu.exp
 0002:00009479       $N00016                    1002b479     ConEmu.exp
 0002:0000948b       $N00017                    1002b48b     ConEmu.exp
 0002:0000949a       $N00018                    1002b49a     ConEmu.exp
 0002:000094a6       $N00019                    1002b4a6     ConEmu.exp
 0002:000094af       $N00020                    1002b4af     ConEmu.exp
 0002:000094be       $N00021                    1002b4be     ConEmu.exp
 0002:000094d0       $N00022                    1002b4d0     ConEmu.exp
 0002:000094dc       $N00023                    1002b4dc     ConEmu.exp
 0002:000094f0       $N00024                    1002b4f0     ConEmu.exp
 0002:00009504       $N00025                    1002b504     ConEmu.exp
 0002:00009519       $N00026                    1002b519     ConEmu.exp
 0002:0000952d       $N00027                    1002b52d     ConEmu.exp
 0002:00009926       .idata$6                   1002b926     version:VERSION.dll
 0002:0000a152       .idata$6                   1002c152     kernel32:KERNEL32.dll
 0002:0000a358       .idata$6                   1002c358     user32:USER32.dll
 0002:0000a452       .idata$6                   1002c452     gdi32:GDI32.dll
 0002:0000a4a0       .idata$6                   1002c4a0     advapi32:ADVAPI32.dll
 0003:00000020       ?__vcrt_flsindex@@3KA      1002d020     libvcruntime:per_thread_data.obj
 0003:00000044       _errno_no_memory           1002d044     libucrt:errno.obj
 0003:00000048       _doserrno_no_memory        1002d048     libucrt:errno.obj
 0003:0000004c       ___acrt_flsindex           1002d04c     libucrt:per_thread_data.obj
 0003:00000114       ___rgctypeflag             1002d114     libucrt:mbctype.obj
 0003:00000118       ___rgcode_page_info        1002d118     libucrt:mbctype.obj
 0003:00000940       ?rc@?CE@??Open@CPluginW2800@@UAEPAXPBX@Z@4UFarMacroCall@@A 1002d940     ConEmuPlugin2800.obj
 0003:00000ad0       _GS_ExceptionRecord        1002dad0     LIBCMT:gs_report.obj
 0003:00000b20       _GS_ContextRecord          1002db20     LIBCMT:gs_report.obj
 0003:00000df4       ?module_local_atexit_table@@3U_onexit_table_t@@A 1002ddf4     LIBCMT:utility.obj
 0003:00000e00       ?module_local_at_quick_exit_table@@3U_onexit_table_t@@A 1002de00     LIBCMT:utility.obj
 0003:00000e0c       ?module_local_atexit_table_initialized@@3_NA 1002de0c     LIBCMT:utility.obj
 0003:00000e0d       ?is_initialized_as_dll@@3_NA 1002de0d     LIBCMT:utility.obj
 0003:00000e10       ?_Tss_mutex@@3U_RTL_CRITICAL_SECTION@@A 1002de10     LIBCMT:thread_safe_statics.obj
 0003:00000e28       ?_Tss_cv@@3U_RTL_CONDITION_VARIABLE@@A 1002de28     LIBCMT:thread_safe_statics.obj
 0003:00000e2c       ?_Tss_event@@3PAXA         1002de2c     LIBCMT:thread_safe_statics.obj
 0003:00000e30       ?encoded_sleep_condition_variable_cs@@3P6GHPAU_RTL_CONDITION_VARIABLE@@PAU_RTL_CRITICAL_SECTION@@K@ZA 1002de30     LIBCMT:thread_safe_statics.obj
 0003:00000e34       ?encoded_wake_all_condition_variable@@3P6GXPAU_RTL_CONDITION_VARIABLE@@@ZA 1002de34     LIBCMT:thread_safe_statics.obj
 0003:00000e38       ?__proc_attached@@3HA      1002de38     LIBCMT:dll_dllmain.obj
 0003:00000e6c       ?module_handles@@3PAPAUHINSTANCE__@@A 1002de6c     libvcruntime:winapi_downlevel.obj
 0003:00000e78       ?encoded_function_pointers@@3PAPAXA 1002de78     libvcruntime:winapi_downlevel.obj
 0003:00000e8c       ?__vcrt_startup_thread_ptd@@3U__vcrt_ptd@@A 1002de8c     libvcruntime:per_thread_data.obj
 0003:00000eb8       ___vcrt_lock_table         1002deb8     libvcruntime:locks.obj
 0003:00000ed0       ___vcrt_locks_initialized  1002ded0     libvcruntime:locks.obj
 0003:00000efc       ?heap@@3V_HeapManager@@A   1002defc     libvcruntime:undname.obj
 0003:00000f10       _c_termination_complete    1002df10     libucrt:exit.obj
 0003:00000f14       _thread_local_exit_callback_func 1002df14     libucrt:exit.obj
 0003:00000f18       ?c_exit_complete@?5??common_exit@@YAXHW4_crt_exit_cleanup_mode@@W4_crt_exit_return_mode@@@Z@4_NA 1002df18     libucrt:exit.obj
 0003:00000f20       ?program_name@?5???$common_configure_argv@D@@YAHW4_crt_argv_mode@@@Z@4PADA 1002df20     libucrt:argv_parsing.obj
 0003:00001050       ___acrt_invalid_parameter_handler 1002e050     libucrt:invalid_parameter.obj
 0003:00001060       ___acrt_lock_table         1002e060     libucrt:locks.obj
 0003:00001198       ___acrt_locks_initialized  1002e198     libucrt:locks.obj
 0003:000011a0       _module_handles            1002e1a0     libucrt:winapi_thunks.obj
 0003:000011f0       _encoded_function_pointers 1002e1f0     libucrt:winapi_thunks.obj
 0003:00001270       ?state_cache@?1??__acrt_is_packaged_app@@9@4JA 1002e270     libucrt:winapi_thunks.obj
 0003:0000128c       _fSystemSet                1002e28c     libucrt:mbctype.obj
 0003:00001290       ?initialized@?1??__acrt_initialize_multibyte@@9@4_NA 1002e290     libucrt:mbctype.obj
 0003:000014b4       ___acrt_new_handler        1002e4b4     libucrt:new_handler.obj
 0003:000014b8       _ctrlc_action              1002e4b8     libucrt:signal.obj
 0003:000014bc       _ctrlbreak_action          1002e4bc     libucrt:signal.obj
 0003:000014c0       _abort_action              1002e4c0     libucrt:signal.obj
 0003:000014c4       _term_action               1002e4c4     libucrt:signal.obj
 0003:000014c8       _user_matherr              1002e4c8     libucrt:matherr.obj
 0003:000014d4       ___acrt_global_new_mode    1002e4d4     libucrt:new_mode.obj
 0003:000014e8       ___acrt_app_type           1002e4e8     libucrt:report_runtime_error.obj
 0003:000014f0       __pmatherr_set             1002e4f0     libucrt:libm_error.obj
 0003:000014f4       ?szNil@?1??GetCommand@CESERVER_REQ_NEWCMD@@QAEPA_WXZ@4PA_WA 1002e4f4     Common.obj
 0003:00001544       ?pwList@@3PAV?$MArray@UWindowInfo@@@@A 1002e544     ConEmuPlugin2800.obj
 0003:00001558       ?ghSyncDlg@@3PAXA          1002e558     ConEmuPlugin995.obj
 0003:00001e08       ?gbTryOpenMapHeader@@3HA   1002ee08     ConEmuPluginBase.obj
 0003:00001f2c       ?gbStartupHooksAfterMap@@3HA 1002ef2c     ConEmuPluginBase.obj
 0003:00002170       ?g_Threads@@3PAUConEmuThreadInfo@@A 1002f170     WThreads.obj
 0003:00009970       ?TerminalMode@?1??isTerminalMode@@YA_NXZ@4_NA 10036970     MProcess.obj
 0003:00009971       ?TerminalChecked@?1??isTerminalMode@@YA_NXZ@4_NA 10036971     MProcess.obj
 0003:00009972       ?bFuncChecked@?1??apiGetCurrentConsoleFontEx@@YAHPAXHPAUMY_CONSOLE_FONT_INFOEX@@@Z@4_NA 10036972     WConsole.obj
 0003:00009973       ?bFuncChecked@?1??apiSetCurrentConsoleFontEx@@YAHPAXHPAUMY_CONSOLE_FONT_INFOEX@@@Z@4_NA 10036973     WConsole.obj
 0003:00009974       ?SetCurrentConsoleFontEx@?1??apiSetCurrentConsoleFontEx@@YAHPAXHPAUMY_CONSOLE_FONT_INFOEX@@@Z@4P6GH0H1@ZA 10036974     WConsole.obj
 0003:00009978       ?GetCurrentConsoleFontEx@?1??apiGetCurrentConsoleFontEx@@YAHPAXHPAUMY_CONSOLE_FONT_INFOEX@@@Z@4P6GH0H1@ZA 10036978     WConsole.obj
 0003:0000997c       ?si@?1??IsModuleValid@@YA_NPAUHINSTANCE__@@H@Z@4U_SYSTEM_INFO@@A 1003697c     WModuleCheck.obj
 0003:000099a0       ?bSysInfoRetrieved@?1??IsModuleValid@@YA_NPAUHINSTANCE__@@H@Z@4_NA 100369a0     WModuleCheck.obj
 0003:000099a1       ?is64bitOs@?1??IsWindows64@@YA_NXZ@4_NA 100369a1     WObjects.obj
 0003:000099a2       ?isOsChecked@?1??IsWindows64@@YA_NXZ@4_NA 100369a2     WObjects.obj
 0003:000099a4       ?ibIsWin6@?1??IsWin6@@YA_NXZ@4HA 100369a4     WObjects.obj
 0003:000099b8       ?dwLastTickCount@?9??OnConsolePeekReadInput@CPluginBase@@SAX_N@Z@4KA 100369b8     ConEmuPluginBase.obj
 0003:000099bc       ?siEnabled@?1??CheckBufferEnabled@CPluginBase@@QAE_NXZ@4HA 100369bc     ConEmuPluginBase.obj
 0003:000099c0       ?szFile@?1??ModuleName@@YAPB_WPB_W@Z@4PA_WA 100369c0     ConEmuCheck.obj
 0003:00009a00       ?store@?M@??GetPanelInfo@CPluginW1900@@UAE_NKPAUCEPanelInfo@@@Z@4UPanelInfo@@A 10036a00     ConEmuPlugin1900.obj
 0003:00009a50       ?szMenu1@?1??GetPluginInfoPtr@CPluginW1900@@UAEXPAX@Z@4PA_WA 10036a50     ConEmuPlugin1900.obj
 0003:00009c50       ?WLastActive@?1??UpdateConEmuTabsApi@CPluginW1900@@UAE_NH@Z@4UWindowInfo@@A 10036c50     ConEmuPlugin1900.obj
 0003:00009c78       ?szMenu@?1??GetPluginInfoPtr@CPluginW1900@@UAEXPAX@Z@4PAPA_WA 10036c78     ConEmuPlugin1900.obj
 0003:00009c80       ?val@?CE@??Open@CPluginW2800@@UAEPAXPBX@Z@4UFarMacroValue@@A 10036c80     ConEmuPlugin2800.obj
 0003:00009c90       ?szMenu@?1??GetPluginInfoPtr@CPluginW2800@@UAEXPAX@Z@4PAPA_WA 10036c90     ConEmuPlugin2800.obj
 0003:00009c98       ?WLastActive@?1??UpdateConEmuTabsApi@CPluginW2800@@UAE_NH@Z@4UWindowInfo@@A 10036c98     ConEmuPlugin2800.obj
 0003:00009cc0       ?$TSS0@?CE@??Open@CPluginW2800@@UAEPAXPBX@Z@4HA 10036cc0     ConEmuPlugin2800.obj
 0003:00009cc8       ?store@?M@??GetPanelInfo@CPluginW2800@@UAE_NKPAUCEPanelInfo@@@Z@4UPanelInfo@@A 10036cc8     ConEmuPlugin2800.obj
 0003:00009d18       ?szMenu1@?1??GetPluginInfoPtr@CPluginW2800@@UAEXPAX@Z@4PA_WA 10036d18     ConEmuPlugin2800.obj
 0003:00009f18       ?szMenu@?1??GetPluginInfoPtr@CPluginW995@@UAEXPAX@Z@4PAPA_WA 10036f18     ConEmuPlugin995.obj
 0003:00009f20       ?store@?M@??GetPanelInfo@CPluginW995@@UAE_NKPAUCEPanelInfo@@@Z@4UPanelInfo@@A 10036f20     ConEmuPlugin995.obj
 0003:00009f68       ?szMenu1@?1??GetPluginInfoPtr@CPluginW995@@UAEXPAX@Z@4PA_WA 10036f68     ConEmuPlugin995.obj
 0003:0000a168       ?szMenu@?1??GetPluginInfoPtr@CPluginAnsi@@UAEXPAX@Z@4PAPADA 10037168     ConEmuPluginA.obj
 0003:0000a170       ?szMenu1@?1??GetPluginInfoPtr@CPluginAnsi@@UAEXPAX@Z@4PADA 10037170     ConEmuPluginA.obj
 0003:0000a270       ?store@?M@??GetPanelInfo@CPluginAnsi@@UAE_NKPAUCEPanelInfo@@@Z@4UPanelInfo@@A 10037270     ConEmuPluginA.obj
 0003:0000a460       ?dwLastTickCount@?7??CheckResources@CPluginBase@@QAEX_N@Z@4KA 10037460     ConEmuPluginBase.obj
 0003:0000a464       ?$TSS0@?7??CheckResources@CPluginBase@@QAEX_N@Z@4HA 10037464     ConEmuPluginBase.obj
 0004:000000a0       $R000000                   100380a0     ConEmu.res
 0004:000003a8       $R000308                   100383a8     ConEmu.res
