 ConEmuBg.x64

 Timestamp is 59b6615d (Mon Sep 11 13:11:41 2017)

 Preferred load address is 0000000180000000

 Start         Length     Name                   Class
 0001:00000000 000148f0H .text$mn                CODE
 0001:000148f0 000000e0H .text$mn$00             CODE
 0001:000149d0 00000400H .text$x                 CODE
 0002:00000000 00000478H .idata$5                DATA
 0002:00000478 00000020H .00cfg                  DATA
 0002:00000498 00000008H .CRT$XCA                DATA
 0002:000004a0 00000008H .CRT$XCZ                DATA
 0002:000004a8 00000008H .CRT$XIA                DATA
 0002:000004b0 00000020H .CRT$XIC                DATA
 0002:000004d0 00000008H .CRT$XIZ                DATA
 0002:000004d8 00000008H .CRT$XLA                DATA
 0002:000004e0 00000008H .CRT$XLZ                DATA
 0002:000004e8 00000008H .CRT$XPA                DATA
 0002:000004f0 00000010H .CRT$XPX                DATA
 0002:00000500 00000008H .CRT$XPXA               DATA
 0002:00000508 00000008H .CRT$XPZ                DATA
 0002:00000510 00000008H .CRT$XTA                DATA
 0002:00000518 00000008H .CRT$XTZ                DATA
 0002:00000520 00000000H .gfids$x                DATA
 0002:00000520 00000000H .gfids$y                DATA
 0002:00000520 00008968H .rdata                  DATA
 0002:00008e88 00000028H .rdata$T                DATA
 0002:00008eb0 00000304H .rdata$r                DATA
 0002:000091b4 000003a4H .rdata$zzzdbg           DATA
 0002:00009558 00000008H .rtc$IAA                DATA
 0002:00009560 00000008H .rtc$IZZ                DATA
 0002:00009568 00000008H .rtc$TAA                DATA
 0002:00009570 00000008H .rtc$TZZ                DATA
 0002:00009578 00000004H .tls                    DATA
 0002:0000957c 00000004H .tls$                   DATA
 0002:00009580 00000008H .tls$ZZZ                DATA
 0002:00009588 00001070H .xdata                  DATA
 0002:0000a5f8 00000088H .xdata$x                DATA
 0002:0000a680 00000190H .edata                  DATA
 0002:0000a810 00000078H .idata$2                DATA
 0002:0000a888 00000018H .idata$3                DATA
 0002:0000a8a0 00000478H .idata$4                DATA
 0002:0000ad18 00000a00H .idata$6                DATA
 0003:00000000 000022d0H .data                   DATA
 0003:000022d0 00000100H .data$r                 DATA
 0003:000023d0 0000a418H .bss                    DATA
 0004:00000000 00001320H .pdata                  DATA
 0005:00000000 000000a0H .rsrc$01                DATA
 0005:000000a0 00000498H .rsrc$02                DATA

  Address         Publics by Value              Rva+Base               Lib:Object

 0000:00000000       __dynamic_value_reloc_table 0000000000000000     <absolute>
 0000:00000000       __guard_iat_count          0000000000000000     <absolute>
 0000:00000000       __hybrid_code_map          0000000000000000     <absolute>
 0000:00000000       __hybrid_code_map_count    0000000000000000     <absolute>
 0000:00000000       __guard_iat_table          0000000000000000     <absolute>
 0000:00000000       __hybrid_auxiliary_iat     0000000000000000     <absolute>
 0000:00000000       __guard_longjmp_table      0000000000000000     <absolute>
 0000:00000000       __guard_longjmp_count      0000000000000000     <absolute>
 0000:00000000       __guard_fids_count         0000000000000000     <absolute>
 0000:00000000       __enclave_config           0000000000000000     <absolute>
 0000:00000000       ___safe_se_handler_table   0000000000000000     <absolute>
 0000:00000000       ___safe_se_handler_count   0000000000000000     <absolute>
 0000:00000000       __guard_fids_table         0000000000000000     <absolute>
 0000:00000100       __guard_flags              0000000000000100     <absolute>
 0000:00000000       __ImageBase                0000000180000000     <linker-defined>
 0001:00000000       ??1MSectionLockSimple@@QEAA@XZ 0000000180001000 f   MSectionSimple.obj
 0001:00000028       ?Lock@MSectionLockSimple@@QEAAHPEAUMSectionSimple@@K@Z 0000000180001028 f   MSectionSimple.obj
 0001:000000a4       ?StringCchCopyW@@YAJPEA_W_KPEB_W@Z 00000001800010a4 f i MStrDup.obj
 0001:0000011c       ?lstrdup@@YAPEA_WPEB_W_K@Z 000000018000111c f   MStrDup.obj
 0001:00000194       ?lstrmerge@@YAPEA_WPEB_W00000000@Z 0000000180001194 f   MStrDup.obj
 0001:000002b4       ?apiThreadHelper@@YAKPEAX@Z 00000001800012b4 f   WThreads.obj
 0001:000004c0       ?apiCreateThread@@YAPEAXP6AKPEAX@Z0PEAKPEBDH@Z 00000001800014c0 f   WThreads.obj
 0001:0000062c       ?apiTerminateThreadEx@@YAHPEAXKPEBDH@Z 000000018000162c f   WThreads.obj
 0001:0000071c       ?SetThreadName@@YAXKPEAD@Z 000000018000171c f   WThreads.obj
 0001:00000754       ?StringCchCatW@@YAJPEA_W_KPEB_W@Z 0000000180001754 f i ConEmuBg.obj
 0001:00000824       ??1MStream@@UEAA@XZ        0000000180001824 f i ConEmuBg.obj
 0001:0000087c       ?QueryInterface@MStream@@UEAAJAEBU_GUID@@PEAPEAX@Z 000000018000187c f i ConEmuBg.obj
 0001:000008e4       ?AddRef@MStream@@UEAAKXZ   00000001800018e4 f i ConEmuBg.obj
 0001:000008f8       ?Release@MStream@@UEAAKXZ  00000001800018f8 f i ConEmuBg.obj
 0001:00000928       ?Read@MStream@@UEAAJPEAXKPEAK@Z 0000000180001928 f i ConEmuBg.obj
 0001:000009a8       ?Write@MStream@@UEAAJPEBXKPEAK@Z 00000001800019a8 f i ConEmuBg.obj
 0001:00000a70       ?Seek@MStream@@UEAAJT_LARGE_INTEGER@@KPEAT_ULARGE_INTEGER@@@Z 0000000180001a70 f i ConEmuBg.obj
 0001:00000ad4       ?SetSize@MStream@@UEAAJT_ULARGE_INTEGER@@@Z 0000000180001ad4 f i ConEmuBg.obj
 0001:00000b80       ?Revert@MStream@@UEAAJXZ   0000000180001b80 f i ConEmuBg.obj
 0001:00000b80       ?Clone@MStream@@UEAAJPEAPEAUIStream@@@Z 0000000180001b80 f i ConEmuBg.obj
 0001:00000b80       ?LockRegion@MStream@@UEAAJT_ULARGE_INTEGER@@0K@Z 0000000180001b80 f i ConEmuBg.obj
 0001:00000b80       ?UnlockRegion@MStream@@UEAAJT_ULARGE_INTEGER@@0K@Z 0000000180001b80 f i ConEmuBg.obj
 0001:00000b80       ?CopyTo@MStream@@UEAAJPEAUIStream@@T_ULARGE_INTEGER@@PEAT3@2@Z 0000000180001b80 f i ConEmuBg.obj
 0001:00000b88       ?Commit@MStream@@UEAAJK@Z  0000000180001b88 f i ConEmuBg.obj
 0001:00000b94       ?Stat@MStream@@UEAAJPEAUtagSTATSTG@@K@Z 0000000180001b94 f i ConEmuBg.obj
 0001:00000c10       ??_EMStream@@UEAAPEAXI@Z   0000000180001c10 f i * CIL library *:* CIL module *
 0001:00000c10       ??_GMStream@@UEAAPEAXI@Z   0000000180001c10 f i ConEmuBg.obj
 0001:00000fbc       GetMinFarVersionW          0000000180001fbc f   ConEmuBg.obj
 0001:00000fc4       ?GetPluginInfoWcmn@@YAXPEAX@Z 0000000180001fc4 f   ConEmuBg.obj
 0001:00001264       DllMain                    0000000180002264 f   ConEmuBg.obj
 0001:000012e4       ?LoadFarVersion@@YAHXZ     00000001800022e4 f   ConEmuBg.obj
 0001:00001358       SetStartupInfoW            0000000180002358 f   ConEmuBg.obj
 0001:000013bc       ?ReportFail@@YAXPEB_W@Z    00000001800023bc f   ConEmuBg.obj
 0001:0000146c       ?CheckXmlFile@@YA_N_N@Z    000000018000246c f   ConEmuBg.obj
 0001:00001950       ?Init@CachedImage@@QEAA_NPEB_WPEAUHDC__@@IIQEAU2@@Z 0000000180002950 f i ConEmuBg.obj
 0001:00001a80       ?Close@CachedImage@@QEAAXXZ 0000000180002a80 f i ConEmuBg.obj
 0001:00001b10       ?Init@GDIPlusDecoder@@QEAA_NXZ 0000000180002b10 f i ConEmuBg.obj
 0001:00001e08       ?FreeThreadProc@GDIPlusDecoder@@SAKPEAX@Z 0000000180002e08 f i ConEmuBg.obj
 0001:00001e28       ?Close@GDIPlusDecoder@@QEAAXXZ 0000000180002e28 f i ConEmuBg.obj
 0001:00001ee8       ?GetImage@GDIPlusDecoder@@QEAAPEAUCachedImage@@PEB_W@Z 0000000180002ee8 f i ConEmuBg.obj
 0001:000023ac       ?GdipInit@@YA_NXZ          00000001800033ac f   ConEmuBg.obj
 0001:00002470       ?GdipDone@@YAXXZ           0000000180003470 f   ConEmuBg.obj
 0001:00002644       ?CompareNames@@YA_NPEB_WPEA_W@Z 0000000180003644 f   ConEmuBg.obj
 0001:000028f0       ?ParseColors@@YAXPEB_WHAEAY0CA@KAEAH@Z 00000001800038f0 f   ConEmuBg.obj
 0001:000029cc       ?FillPanelParams@@YAHPEAUPaintBackgroundArg@@PEAUBkPanelInfo@@PEAUDrawInfo@@@Z 00000001800039cc f   ConEmuBg.obj
 0001:0000388c       ?RGB2HSV@@YAXAEBURGBColor@@AEAUHSVColor@@@Z 000000018000488c f   ConEmuBg.obj
 0001:0000396c       ?HSV2RGB@@YAXAEBUHSVColor@@AEAURGBColor@@@Z 000000018000496c f   ConEmuBg.obj
 0001:00003d4c       ?GetStatusLineCount@@YAHPEAUPaintBackgroundArg@@H@Z 0000000180004d4c f   ConEmuBg.obj
 0001:00003f70       ?FormatSize@@YAXT_ULARGE_INTEGER@@PEA_W@Z 0000000180004f70 f   ConEmuBg.obj
 0001:00004070       ?PaintPanel@@YAHPEAUPaintBackgroundArg@@HAEAKAEAH@Z 0000000180005070 f   ConEmuBg.obj
 0001:000050d0       ?PaintConEmuBackground@@YAHPEAUPaintBackgroundArg@@@Z 00000001800060d0 f   ConEmuBg.obj
 0001:00005228       ?OnConEmuLoaded@@YAXPEAUConEmuLoadedArg@@@Z 0000000180006228 f   ConEmuBg.obj
 0001:0000525c       ?SettingsLoadReg@@YAXPEB_W@Z 000000018000625c f   ConEmuBg.obj
 0001:00005418       ?SettingsSave@@YAXXZ       0000000180006418 f   ConEmuBg.obj
 0001:0000545c       ?SettingsSaveReg@@YAXPEB_W@Z 000000018000645c f   ConEmuBg.obj
 0001:00005548       ?StartPlugin@@YAXH@Z       0000000180006548 f   ConEmuBg.obj
 0001:0000573c       ?ExitPlugin@@YAXXZ         000000018000673c f   ConEmuBg.obj
 0001:00005794       ExitFARW                   0000000180006794 f   ConEmuBg.obj
 0001:00005794       ?ExitFARW3@@YAXPEAX@Z      0000000180006794 f   ConEmuBg.obj
 0001:0000582c       ?GetMsgW@@YAPEB_WH@Z       000000018000682c f   ConEmuBg.obj
 0001:000058b8       ?OpenW@@YAPEAXPEBX@Z       00000001800068b8 f   ConEmuBg.obj
 0001:00005908       ?ConfigureW3@@YAHPEAX@Z    0000000180006908 f   ConEmuBg.obj
 0001:00005908       ConfigureW                 0000000180006908 f   ConEmuBg.obj
 0001:00005978       ?SetStartupInfoW1900@@YAXPEAX@Z 0000000180006978 f   ConEmuBg1900.obj
 0001:00006010       ?SettingsLoadW1900@@YAXXZ  0000000180007010 f   ConEmuBg1900.obj
 0001:000061c8       ?SettingsSaveW1900@@YAXXZ  00000001800071c8 f   ConEmuBg1900.obj
 0001:00006318       GetGlobalInfoW             0000000180007318 f   ConEmuBg2800.obj
 0001:000063b0       ?SetStartupInfoW2800@@YAXPEAX@Z 00000001800073b0 f   ConEmuBg2800.obj
 0001:00006a98       ?SettingsLoadW2800@@YAXXZ  0000000180007a98 f   ConEmuBg2800.obj
 0001:00006c5c       ?SettingsSaveW2800@@YAXXZ  0000000180007c5c f   ConEmuBg2800.obj
 0001:00006db4       ?SetStartupInfoW995@@YAXPEAX@Z 0000000180007db4 f   ConEmuBg995.obj
 0001:00006f70       OpenPluginW                0000000180007f70 f   ConEmuBg995.obj
 0001:00006fa4       ?ExitFARW995@@YAXXZ        0000000180007fa4 f   ConEmuBg995.obj
 0001:000074e8       GetMinFarVersion           00000001800084e8 f   ConEmuBgA.obj
 0001:00007518       SetStartupInfo             0000000180008518 f   ConEmuBgA.obj
 0001:00007700       GetPluginInfo              0000000180008700 f   ConEmuBgA.obj
 0001:0000778c       ExitFAR                    000000018000878c f   ConEmuBgA.obj
 0001:00007d80       Configure                  0000000180008d80 f   ConEmuBgA.obj
 0001:00007d94       OpenPlugin                 0000000180008d94 f   ConEmuBgA.obj
 0001:00007db0       ?xf_set_tag@@YAXPEAXPEBDH_N@Z 0000000180008db0 f   Memory.obj
 0001:00007e58       ?xf_malloc@@YAPEAX_KPEBDH@Z 0000000180008e58 f   Memory.obj
 0001:00007ee0       ?xf_calloc@@YAPEAX_K0PEBDH@Z 0000000180008ee0 f   Memory.obj
 0001:00007f70       ?xf_free@@YAXPEAXPEBDH@Z   0000000180008f70 f   Memory.obj
 0001:00007fac       ??3@YAXPEAX@Z              0000000180008fac f   Memory.obj
 0001:00007fd0       __security_check_cookie    0000000180008fd0 f   LIBCMT:_amdsecgs_.obj
 0001:00007ff4       ??3@YAXPEAX_K@Z            0000000180008ff4 f   LIBCMT:delete_scalar_size.obj
 0001:00007ffc       __raise_securityfailure    0000000180008ffc f   LIBCMT:gs_report.obj
 0001:00008030       __report_gsfailure         0000000180009030 f   LIBCMT:gs_report.obj
 0001:00008104       __report_rangecheckfailure 0000000180009104 f   LIBCMT:gs_report.obj
 0001:00008118       __report_securityfailure   0000000180009118 f   LIBCMT:gs_report.obj
 0001:00008298       ??_Gtype_info@@UEAAPEAXI@Z 0000000180009298 f i LIBCMT:std_type_info_static.obj
 0001:00008298       ??_Etype_info@@UEAAPEAXI@Z 0000000180009298 f i LIBCMT:std_type_info_static.obj
 0001:00008438       _Init_thread_footer        0000000180009438 f   LIBCMT:thread_safe_statics.obj
 0001:00008498       _Init_thread_header        0000000180009498 f   LIBCMT:thread_safe_statics.obj
 0001:00008500       _Init_thread_notify        0000000180009500 f   LIBCMT:thread_safe_statics.obj
 0001:0000855c       _Init_thread_wait          000000018000955c f   LIBCMT:thread_safe_statics.obj
 0001:00008924       _DllMainCRTStartup         0000000180009924 f   LIBCMT:dll_dllmain.obj
 0001:00008964       __scrt_acquire_startup_lock 0000000180009964 f   LIBCMT:utility.obj
 0001:000089a0       __scrt_dllmain_after_initialize_c 00000001800099a0 f   LIBCMT:utility.obj
 0001:000089d4       __scrt_dllmain_before_initialize_c 00000001800099d4 f   LIBCMT:utility.obj
 0001:000089ec       __scrt_dllmain_crt_thread_attach 00000001800099ec f   LIBCMT:utility.obj
 0001:00008a14       __scrt_dllmain_crt_thread_detach 0000000180009a14 f   LIBCMT:utility.obj
 0001:00008a2c       __scrt_dllmain_exception_filter 0000000180009a2c f   LIBCMT:utility.obj
 0001:00008a90       __scrt_dllmain_uninitialize_c 0000000180009a90 f   LIBCMT:utility.obj
 0001:00008ac0       __scrt_dllmain_uninitialize_critical 0000000180009ac0 f   LIBCMT:utility.obj
 0001:00008ad4       __scrt_initialize_crt      0000000180009ad4 f   LIBCMT:utility.obj
 0001:00008b20       __scrt_initialize_onexit_tables 0000000180009b20 f   LIBCMT:utility.obj
 0001:00008c00       __scrt_is_nonwritable_in_current_image 0000000180009c00 f   LIBCMT:utility.obj
 0001:00008c9c       __scrt_release_startup_lock 0000000180009c9c f   LIBCMT:utility.obj
 0001:00008cc0       __scrt_uninitialize_crt    0000000180009cc0 f   LIBCMT:utility.obj
 0001:00008cec       _onexit                    0000000180009cec f   LIBCMT:utility.obj
 0001:00008d3c       atexit                     0000000180009d3c f   LIBCMT:utility.obj
 0001:00008d54       __crt_debugger_hook        0000000180009d54 f   LIBCMT:utility_desktop.obj
 0001:00008d5c       __scrt_fastfail            0000000180009d5c f   LIBCMT:utility_desktop.obj
 0001:00008ea8       _guard_check_icall         0000000180009ea8 f i LIBCMT:checkcfg.obj
 0001:00008eb0       __security_init_cookie     0000000180009eb0 f   LIBCMT:gs_support.obj
 0001:00008f5c       ?__scrt_initialize_type_info@@YAXXZ 0000000180009f5c f   LIBCMT:tncleanup.obj
 0001:00008f6c       ?__scrt_uninitialize_type_info@@YAXXZ 0000000180009f6c f   LIBCMT:tncleanup.obj
 0001:00008f78       __local_stdio_printf_options 0000000180009f78 f i LIBCMT:default_local_stdio_options.obj
 0001:00008f80       __local_stdio_scanf_options 0000000180009f80 f i LIBCMT:default_local_stdio_options.obj
 0001:00008f88       __scrt_initialize_default_local_stdio_options 0000000180009f88 f   LIBCMT:default_local_stdio_options.obj
 0001:00008fa4       __scrt_get_dyn_tls_init_callback 0000000180009fa4 f   LIBCMT:dyn_tls_init.obj
 0001:00008fac       _RTC_Initialize            0000000180009fac f   LIBCMT:_initsect_.obj
 0001:00008ff8       _RTC_Terminate             0000000180009ff8 f   LIBCMT:_initsect_.obj
 0001:00009044       __isa_available_init       000000018000a044 f   LIBCMT:_cpu_disp_.obj
 0001:00009200       _get_startup_argv_mode     000000018000a200 f   LIBCMT:argv_mode.obj
 0001:00009208       __scrt_is_ucrt_dll_in_use  000000018000a208 f   LIBCMT:ucrt_detection.obj
 0001:00009214       _guard_check_icall_nop     000000018000a214 f i LIBCMT:guard_support.obj
 0001:00009220       ?_ExecutionInCatch@@YAHPEAU_xDISPATCHER_CONTEXT@@PEBU_s_FuncInfo@@@Z 000000018000a220 f   libvcruntime:risctrnsctrl.obj
 0001:00009294       ?_GetEstablisherFrame@@YAPEA_KPEA_KPEAU_xDISPATCHER_CONTEXT@@PEBU_s_FuncInfo@@0@Z 000000018000a294 f   libvcruntime:risctrnsctrl.obj
 0001:00009360       ?_GetRangeOfTrysToCheck@@YAPEBU_s_TryBlockMapEntry@@PEA_KPEBU_s_FuncInfo@@HHPEAI2PEAU_xDISPATCHER_CONTEXT@@@Z 000000018000a360 f   libvcruntime:risctrnsctrl.obj
 0001:0000948c       ?__FrameUnwindToEmptyState@@YAXPEA_KPEAU_xDISPATCHER_CONTEXT@@PEBU_s_FuncInfo@@@Z 000000018000a48c f   libvcruntime:risctrnsctrl.obj
 0001:00009520       _CallSETranslator          000000018000a520 f   libvcruntime:risctrnsctrl.obj
 0001:00009578       _CreateFrameInfo           000000018000a578 f   libvcruntime:risctrnsctrl.obj
 0001:000095b4       _FindAndUnlinkFrame        000000018000a5b4 f   libvcruntime:risctrnsctrl.obj
 0001:0000960c       _GetImageBase              000000018000a60c f   libvcruntime:risctrnsctrl.obj
 0001:00009620       _GetThrowImageBase         000000018000a620 f   libvcruntime:risctrnsctrl.obj
 0001:00009634       _SetImageBase              000000018000a634 f   libvcruntime:risctrnsctrl.obj
 0001:0000964c       _SetThrowImageBase         000000018000a64c f   libvcruntime:risctrnsctrl.obj
 0001:00009664       _UnwindNestedFrames        000000018000a664 f   libvcruntime:risctrnsctrl.obj
 0001:00009788       __CxxFrameHandler3         000000018000a788 f   libvcruntime:risctrnsctrl.obj
 0001:00009808       __DestructExceptionObject  000000018000a808 f   libvcruntime:ehhelpers.obj
 0001:00009890       ?_CallMemberFunction0@@YAXQEAX0@Z 000000018000a890 f i libvcruntime:ehhelpers.obj
 0001:00009894       _IsExceptionObjectToBeDestroyed 000000018000a894 f   libvcruntime:ehhelpers.obj
 0001:000098c4       __AdjustPointer            000000018000a8c4 f   libvcruntime:ehhelpers.obj
 0001:000098e8       __FrameUnwindFilter        000000018000a8e8 f   libvcruntime:ehhelpers.obj
 0001:00009934       __C_specific_handler       000000018000a934 f   libvcruntime:_riscchandler_.obj
 0001:00009b30       strchr                     000000018000ab30 f   libvcruntime:strchr.obj
 0001:00009bbc       strrchr                    000000018000abbc f   libvcruntime:strrchr.obj
 0001:00009d10       memcpy                     000000018000ad10 f   libvcruntime:memcpy.obj
 0001:00009d10       memmove                    000000018000ad10 f   libvcruntime:memcpy.obj
 0001:0000a158       wcschr                     000000018000b158 f   libvcruntime:wcschr.obj
 0001:0000a1ec       wcsstr                     000000018000b1ec f   libvcruntime:wcsstr.obj
 0001:0000a3ec       wcsrchr                    000000018000b3ec f   libvcruntime:wcsrchr.obj
 0001:0000a674       __vcrt_FlsAlloc            000000018000b674 f   libvcruntime:winapi_downlevel.obj
 0001:0000a6c8       __vcrt_FlsFree             000000018000b6c8 f   libvcruntime:winapi_downlevel.obj
 0001:0000a71c       __vcrt_FlsGetValue         000000018000b71c f   libvcruntime:winapi_downlevel.obj
 0001:0000a770       __vcrt_FlsSetValue         000000018000b770 f   libvcruntime:winapi_downlevel.obj
 0001:0000a7d8       __vcrt_InitializeCriticalSectionEx 000000018000b7d8 f   libvcruntime:winapi_downlevel.obj
 0001:0000a850       __vcrt_initialize_winapi_thunks 000000018000b850 f   libvcruntime:winapi_downlevel.obj
 0001:0000a894       __vcrt_uninitialize_winapi_thunks 000000018000b894 f   libvcruntime:winapi_downlevel.obj
 0001:0000a8d4       __vcrt_initialize          000000018000b8d4 f   libvcruntime:initialization.obj
 0001:0000a908       __vcrt_thread_attach       000000018000b908 f   libvcruntime:initialization.obj
 0001:0000a91c       __vcrt_thread_detach       000000018000b91c f   libvcruntime:initialization.obj
 0001:0000a930       __vcrt_uninitialize        000000018000b930 f   libvcruntime:initialization.obj
 0001:0000a950       __vcrt_uninitialize_critical 000000018000b950 f   libvcruntime:initialization.obj
 0001:0000a970       memset                     000000018000b970 f   libvcruntime:memset.obj
 0001:0000ab20       __std_type_info_compare    000000018000bb20 f   libvcruntime:std_type_info.obj
 0001:0000ab48       __std_type_info_destroy_list 000000018000bb48 f   libvcruntime:std_type_info.obj
 0001:0000ab74       __vcrt_freefls             000000018000bb74 f   libvcruntime:per_thread_data.obj
 0001:0000ab94       __vcrt_freeptd             000000018000bb94 f   libvcruntime:per_thread_data.obj
 0001:0000abe4       __vcrt_getptd              000000018000bbe4 f   libvcruntime:per_thread_data.obj
 0001:0000ac00       __vcrt_getptd_noexit       000000018000bc00 f   libvcruntime:per_thread_data.obj
 0001:0000acb8       __vcrt_initialize_ptd      000000018000bcb8 f   libvcruntime:per_thread_data.obj
 0001:0000acf8       __vcrt_uninitialize_ptd    000000018000bcf8 f   libvcruntime:per_thread_data.obj
 0001:0000ad1c       ?__GetCurrentState@@YAHPEA_KPEAU_xDISPATCHER_CONTEXT@@PEBU_s_FuncInfo@@@Z 000000018000bd1c f   libvcruntime:riscehstate.obj
 0001:0000ad44       ?__GetUnwindTryBlock@@YAHPEA_KPEAU_xDISPATCHER_CONTEXT@@PEBU_s_FuncInfo@@@Z 000000018000bd44 f   libvcruntime:riscehstate.obj
 0001:0000ad70       ?__SetState@@YAXPEA_KPEAU_xDISPATCHER_CONTEXT@@PEBU_s_FuncInfo@@H@Z 000000018000bd70 f   libvcruntime:riscehstate.obj
 0001:0000ad7c       ?__SetUnwindTryBlock@@YAXPEA_KPEAU_xDISPATCHER_CONTEXT@@PEBU_s_FuncInfo@@H@Z 000000018000bd7c f   libvcruntime:riscehstate.obj
 0001:0000adb8       ?__StateFromControlPc@@YAHPEBU_s_FuncInfo@@PEAU_xDISPATCHER_CONTEXT@@@Z 000000018000bdb8 f   libvcruntime:riscehstate.obj
 0001:0000adc0       ?__StateFromIp@@YAHPEBU_s_FuncInfo@@PEAU_xDISPATCHER_CONTEXT@@_K@Z 000000018000bdc0 f   libvcruntime:riscehstate.obj
 0001:0000ae2c       ??0bad_exception@std@@QEAA@AEBV01@@Z 000000018000be2c f i libvcruntime:frame.obj
 0001:0000ae6c       ??0bad_exception@std@@QEAA@XZ 000000018000be6c f i libvcruntime:frame.obj
 0001:0000ae8c       ??0exception@std@@QEAA@AEBV01@@Z 000000018000be8c f i libvcruntime:frame.obj
 0001:0000aec4       ??1bad_exception@std@@UEAA@XZ 000000018000bec4 f i libvcruntime:frame.obj
 0001:0000aed8       ??_Eexception@std@@UEAAPEAXI@Z 000000018000bed8 f i libvcruntime:frame.obj
 0001:0000aed8       ??_Ebad_exception@std@@UEAAPEAXI@Z 000000018000bed8 f i libvcruntime:frame.obj
 0001:0000aed8       ??_Gbad_exception@std@@UEAAPEAXI@Z 000000018000bed8 f i libvcruntime:frame.obj
 0001:0000aed8       ??_Gexception@std@@UEAAPEAXI@Z 000000018000bed8 f i libvcruntime:frame.obj
 0001:0000b878       ?_CallMemberFunction1@@YAXQEAX00@Z 000000018000c878 f i libvcruntime:frame.obj
 0001:0000b884       ?_CallMemberFunction2@@YAXQEAX00H@Z 000000018000c884 f i libvcruntime:frame.obj
 0001:0000b894       ?what@exception@std@@UEBAPEBDXZ 000000018000c894 f i libvcruntime:frame.obj
 0001:0000b8a8       __BuildCatchObject         000000018000c8a8 f   libvcruntime:frame.obj
 0001:0000b96c       __BuildCatchObjectHelper   000000018000c96c f   libvcruntime:frame.obj
 0001:0000bb4c       __CxxCallCatchBlock        000000018000cb4c f   libvcruntime:frame.obj
 0001:0000bd38       __FrameUnwindToState       000000018000cd38 f   libvcruntime:frame.obj
 0001:0000becc       __InternalCxxFrameHandler  000000018000cecc f   libvcruntime:frame.obj
 0001:0000c120       __TypeMatch                000000018000d120 f   libvcruntime:frame.obj
 0001:0000c270       _local_unwind              000000018000d270 f   libvcruntime:_jmpuwind_.obj
 0001:0000c2a0       _NLG_Notify                000000018000d2a0 f   libvcruntime:_jmpuwind_.obj
 0001:0000c2c0       __NLG_Dispatch2            000000018000d2c0 f   libvcruntime:_jmpuwind_.obj
 0001:0000c2d0       __NLG_Return2              000000018000d2d0 f   libvcruntime:_jmpuwind_.obj
 0001:0000c2d4       __except_validate_context_record 000000018000d2d4 f   libvcruntime:jbcxrval.obj
 0001:0000c30c       __vcrt_initialize_locks    000000018000d30c f   libvcruntime:locks.obj
 0001:0000c354       __vcrt_uninitialize_locks  000000018000d354 f   libvcruntime:locks.obj
 0001:0000c38c       __vcrt_initialize_pure_virtual_call_handler 000000018000d38c f   libvcruntime:purevirt_data.obj
 0001:0000c3c0       _CallSettingFrame          000000018000d3c0 f   libvcruntime:handlers.obj
 0001:0000c400       __std_exception_copy       000000018000d400 f   libvcruntime:std_exception.obj
 0001:0000c490       __std_exception_destroy    000000018000d490 f   libvcruntime:std_exception.obj
 0001:0000c4b8       _CxxThrowException         000000018000d4b8 f   libvcruntime:throw.obj
 0001:0000c590       ??$is_overflow_condition@K@__crt_strtox@@YA_NIK@Z 000000018000d590 f i libucrt:strtox.obj
 0001:0000c5bc       ??$make_c_string_character_source@_WPEAPEA_W@__crt_strtox@@YA?AV?$c_string_character_source@_W@0@QEB_WQEAPEA_W@Z 000000018000d5bc f i libucrt:strtox.obj
 0001:0000c5d0       ??$parse_integer@KV?$c_string_character_source@_W@__crt_strtox@@@__crt_strtox@@YAKQEAU__crt_locale_pointers@@V?$c_string_character_source@_W@0@H_N@Z 000000018000d5d0 f i libucrt:strtox.obj
 0001:0000cca4       ??0_LocaleUpdate@@QEAA@QEAU__crt_locale_pointers@@@Z 000000018000dca4 f i libucrt:strtox.obj
 0001:0000cd34       wcstoul                    000000018000dd34 f   libucrt:strtox.obj
 0001:0000cd64       wcsncmp                    000000018000dd64 f   libucrt:wcsncmp.obj
 0001:0000cd90       _initterm                  000000018000dd90 f   libucrt:initterm.obj
 0001:0000ce08       _initterm_e                000000018000de08 f   libucrt:initterm.obj
 0001:0000ce54       _seh_filter_dll            000000018000de54 f   libucrt:exception_filter.obj
 0001:0000ce68       _seh_filter_exe            000000018000de68 f   libucrt:exception_filter.obj
 0001:0000d228       __acrt_initialize_thread_local_exit_callback 000000018000e228 f   libucrt:exit.obj
 0001:0000d230       _cexit                     000000018000e230 f   libucrt:exit.obj
 0001:0000d240       _exit                      000000018000e240 f   libucrt:exit.obj
 0001:0000d24c       _is_c_termination_complete 000000018000e24c f   libucrt:exit.obj
 0001:0000d410       __acrt_allocate_buffer_for_argv 000000018000e410 f   libucrt:argv_parsing.obj
 0001:0000d474       _configure_narrow_argv     000000018000e474 f   libucrt:argv_parsing.obj
 0001:0000d7d0       __dcrt_uninitialize_environments_nolock 000000018000e7d0 f   libucrt:environment_initialization.obj
 0001:0000d808       _initialize_narrow_environment 000000018000e808 f   libucrt:environment_initialization.obj
 0001:0000d810       ??$?RV<lambda_b8c45f8f788dd370798f47cfe8ac3a86>@@AEAV<lambda_4e60a939b0d047cfe11ddc22648dfba9>@@V<lambda_332c3edc96d0294ec56c57d38c1cdfd5>@@@?$__crt_seh_guarded_call@H@@QEAAH$$QEAV<lambda_b8c45f8f788dd370798f47cfe8ac3a86>@@AEAV<lambda_4e60a939b0d047cfe11ddc22648dfba9>@@$$QEAV<lambda_332c3edc96d0294ec56c57d38c1cdfd5>@@@Z 000000018000e810 f i libucrt:onexit.obj
 0001:0000d84c       ??$?RV<lambda_e24bbb7b643b32fcea6fa61b31d4c984>@@AEAV<lambda_275893d493268fdec8709772e3fcec0e>@@V<lambda_9d71df4d7cf3f480f8d633942495c3b0>@@@?$__crt_seh_guarded_call@H@@QEAAH$$QEAV<lambda_e24bbb7b643b32fcea6fa61b31d4c984>@@AEAV<lambda_275893d493268fdec8709772e3fcec0e>@@$$QEAV<lambda_9d71df4d7cf3f480f8d633942495c3b0>@@@Z 000000018000e84c f i libucrt:onexit.obj
 0001:0000dbc8       _crt_atexit                000000018000ebc8 f   libucrt:onexit.obj
 0001:0000dbd8       _execute_onexit_table      000000018000ebd8 f   libucrt:onexit.obj
 0001:0000dc14       _initialize_onexit_table   000000018000ec14 f   libucrt:onexit.obj
 0001:0000dc54       _register_onexit_function  000000018000ec54 f   libucrt:onexit.obj
 0001:0000dce4       __acrt_uninitialize_command_line 000000018000ece4 f   libucrt:argv_data.obj
 0001:0000ddd4       __acrt_initialize          000000018000edd4 f   libucrt:initialization.obj
 0001:0000dde8       __acrt_thread_attach       000000018000ede8 f   libucrt:initialization.obj
 0001:0000ddfc       __acrt_thread_detach       000000018000edfc f   libucrt:initialization.obj
 0001:0000de0c       __acrt_uninitialize        000000018000ee0c f   libucrt:initialization.obj
 0001:0000de20       __acrt_uninitialize_critical 000000018000ee20 f   libucrt:initialization.obj
 0001:0000de30       terminate                  000000018000ee30 f   libucrt:terminate.obj
 0001:0000de58       _free_base                 000000018000ee58 f   libucrt:free_base.obj
 0001:0000de98       _malloc_base               000000018000ee98 f   libucrt:malloc_base.obj
 0001:0000def8       strcpy_s                   000000018000eef8 f   libucrt:strcpy_s.obj
 0001:0000df58       abort                      000000018000ef58 f   libucrt:abort.obj
 0001:0000dfb0       _calloc_base               000000018000efb0 f   libucrt:calloc_base.obj
 0001:0000e028       free                       000000018000f028 f   libucrt:free.obj
 0001:0000e030       malloc                     000000018000f030 f   libucrt:malloc.obj
 0001:0000e038       __acrt_call_reportfault    000000018000f038 f   libucrt:invalid_parameter.obj
 0001:0000e194       __acrt_initialize_invalid_parameter_handler 000000018000f194 f   libucrt:invalid_parameter.obj
 0001:0000e19c       _invalid_parameter         000000018000f19c f   libucrt:invalid_parameter.obj
 0001:0000e244       _invalid_parameter_noinfo  000000018000f244 f   libucrt:invalid_parameter.obj
 0001:0000e264       _invoke_watson             000000018000f264 f   libucrt:invalid_parameter.obj
 0001:0000e2ac       __acrt_errno_from_os_error 000000018000f2ac f   libucrt:errno.obj
 0001:0000e2f4       __acrt_errno_map_os_error  000000018000f2f4 f   libucrt:errno.obj
 0001:0000e344       __doserrno                 000000018000f344 f   libucrt:errno.obj
 0001:0000e364       _errno                     000000018000f364 f   libucrt:errno.obj
 0001:0000e384       __pctype_func              000000018000f384 f   libucrt:ctype.obj
 0001:0000e3b4       iswctype                   000000018000f3b4 f   libucrt:iswctype.obj
 0001:0000e424       ??$?RV<lambda_46352004c1216016012b18bd6f87e700>@@AEAV<lambda_3bd07e1a1191394380780325891bf33f>@@V<lambda_334532d3f185bcaa59b5be82d7d22bff>@@@?$__crt_seh_guarded_call@X@@QEAAX$$QEAV<lambda_46352004c1216016012b18bd6f87e700>@@AEAV<lambda_3bd07e1a1191394380780325891bf33f>@@$$QEAV<lambda_334532d3f185bcaa59b5be82d7d22bff>@@@Z 000000018000f424 f i libucrt:per_thread_data.obj
 0001:0000e484       ??$?RV<lambda_5e887d1dcbef67a5eb4283622ba103bf>@@AEAV<lambda_4466841279450cc726390878d4a41900>@@V<lambda_341c25c0346d94847f1f3c463c57e077>@@@?$__crt_seh_guarded_call@X@@QEAAX$$QEAV<lambda_5e887d1dcbef67a5eb4283622ba103bf>@@AEAV<lambda_4466841279450cc726390878d4a41900>@@$$QEAV<lambda_341c25c0346d94847f1f3c463c57e077>@@@Z 000000018000f484 f i libucrt:per_thread_data.obj
 0001:0000e4cc       ??$?RV<lambda_72d1df2b273a38828b1ce30cbf4cdab5>@@AEAV<lambda_876a65b173b8412d3a47c70a915b0cf4>@@V<lambda_41932305e351933ebe8f8be3ed8bb5dc>@@@?$__crt_seh_guarded_call@X@@QEAAX$$QEAV<lambda_72d1df2b273a38828b1ce30cbf4cdab5>@@AEAV<lambda_876a65b173b8412d3a47c70a915b0cf4>@@$$QEAV<lambda_41932305e351933ebe8f8be3ed8bb5dc>@@@Z 000000018000f4cc f i libucrt:per_thread_data.obj
 0001:0000e50c       ??$?RV<lambda_fb3a7dec4e47f37f22dae91bb15c9095>@@AEAV<lambda_698284760c8add0bfb0756c19673e34b>@@V<lambda_dfb8eca1e75fef3034a8fb18dd509707>@@@?$__crt_seh_guarded_call@X@@QEAAX$$QEAV<lambda_fb3a7dec4e47f37f22dae91bb15c9095>@@AEAV<lambda_698284760c8add0bfb0756c19673e34b>@@$$QEAV<lambda_dfb8eca1e75fef3034a8fb18dd509707>@@@Z 000000018000f50c f i libucrt:per_thread_data.obj
 0001:0000e79c       __acrt_freeptd             000000018000f79c f   libucrt:per_thread_data.obj
 0001:0000e7e0       __acrt_getptd              000000018000f7e0 f   libucrt:per_thread_data.obj
 0001:0000e874       __acrt_getptd_noexit       000000018000f874 f   libucrt:per_thread_data.obj
 0001:0000e914       __acrt_initialize_ptd      000000018000f914 f   libucrt:per_thread_data.obj
 0001:0000e950       __acrt_uninitialize_ptd    000000018000f950 f   libucrt:per_thread_data.obj
 0001:0000e974       __acrt_update_locale_info  000000018000f974 f   libucrt:locale_update.obj
 0001:0000e9a8       __acrt_update_multibyte_info 000000018000f9a8 f   libucrt:locale_update.obj
 0001:0000e9dc       __acrt_set_locale_changed  000000018000f9dc f   libucrt:wsetlocale.obj
 0001:0000e9e8       __acrt_uninitialize_locale 000000018000f9e8 f   libucrt:wsetlocale.obj
 0001:0000ea30       __acrt_initialize_locks    000000018000fa30 f   libucrt:locks.obj
 0001:0000ea78       __acrt_lock                000000018000fa78 f   libucrt:locks.obj
 0001:0000ea94       __acrt_uninitialize_locks  000000018000fa94 f   libucrt:locks.obj
 0001:0000eacc       __acrt_unlock              000000018000facc f   libucrt:locks.obj
 0001:0000ec88       __acrt_FlsAlloc            000000018000fc88 f   libucrt:winapi_thunks.obj
 0001:0000ece0       __acrt_FlsFree             000000018000fce0 f   libucrt:winapi_thunks.obj
 0001:0000ed38       __acrt_FlsGetValue         000000018000fd38 f   libucrt:winapi_thunks.obj
 0001:0000ed90       __acrt_FlsSetValue         000000018000fd90 f   libucrt:winapi_thunks.obj
 0001:0000edf8       __acrt_InitializeCriticalSectionEx 000000018000fdf8 f   libucrt:winapi_thunks.obj
 0001:0000ee70       __acrt_LCMapStringEx       000000018000fe70 f   libucrt:winapi_thunks.obj
 0001:0000ef60       __acrt_LocaleNameToLCID    000000018000ff60 f   libucrt:winapi_thunks.obj
 0001:0000efc8       __acrt_initialize_winapi_thunks 000000018000ffc8 f   libucrt:winapi_thunks.obj
 0001:0000f000       __acrt_is_packaged_app     0000000180010000 f   libucrt:winapi_thunks.obj
 0001:0000f088       __acrt_uninitialize_winapi_thunks 0000000180010088 f   libucrt:winapi_thunks.obj
 0001:0000f5a8       ?expand_if_necessary@?$argument_list@D@?A0xca0879c4@@AEAAHXZ 00000001800105a8 f i libucrt:argv_wildcards.obj
 0001:0000f670       __acrt_expand_narrow_argv_wildcards 0000000180010670 f   libucrt:argv_wildcards.obj
 0001:0000f678       ??$?RV<lambda_99476a1ad63dd22509b5d3e65b0ffc95>@@AEAV<lambda_ad1ced32f4ac17aa236e5ef05d6b3b7c>@@V<lambda_f7424dd8d45958661754dc4f2697e9c3>@@@?$__crt_seh_guarded_call@X@@QEAAX$$QEAV<lambda_99476a1ad63dd22509b5d3e65b0ffc95>@@AEAV<lambda_ad1ced32f4ac17aa236e5ef05d6b3b7c>@@$$QEAV<lambda_f7424dd8d45958661754dc4f2697e9c3>@@@Z 0000000180010678 f i libucrt:mbctype.obj
 0001:0000fd74       __acrt_initialize_multibyte 0000000180010d74 f   libucrt:mbctype.obj
 0001:0000fd9c       __acrt_update_thread_multibyte_data 0000000180010d9c f   libucrt:mbctype.obj
 0001:0000fe5c       _setmbcp_nolock            0000000180010e5c f   libucrt:mbctype.obj
 0001:0001017c       _ismbblead                 000000018001117c f   libucrt:ismbbyte.obj
 0001:00010190       __acrt_initialize_command_line 0000000180011190 f   libucrt:argv_data.obj
 0001:000101b8       __dcrt_get_narrow_environment_from_os 00000001800111b8 f   libucrt:get_environment_from_os.obj
 0001:000102bc       _recalloc                  00000001800112bc f   libucrt:recalloc.obj
 0001:000102c4       _recalloc_base             00000001800112c4 f   libucrt:recalloc.obj
 0001:0001035c       __acrt_initialize_heap     000000018001135c f   libucrt:heap_handle.obj
 0001:00010378       __acrt_uninitialize_heap   0000000180011378 f   libucrt:heap_handle.obj
 0001:0001056c       __acrt_initialize_lowio    000000018001156c f   libucrt:ioinit.obj
 0001:000105a8       __acrt_uninitialize_lowio  00000001800115a8 f   libucrt:ioinit.obj
 0001:000105e8       __acrt_execute_initializers 00000001800115e8 f   libucrt:shared_initialization.obj
 0001:0001067c       __acrt_execute_uninitializers 000000018001167c f   libucrt:shared_initialization.obj
 0001:000106cc       __acrt_initialize_new_handler 00000001800116cc f   libucrt:new_handler.obj
 0001:000106d4       _callnewh                  00000001800116d4 f   libucrt:new_handler.obj
 0001:00010714       _query_new_handler         0000000180011714 f   libucrt:new_handler.obj
 0001:00010748       ??$?RV<lambda_c36588078e9f5dfd39652860aa6b3aaf>@@AEAV<lambda_ec61778202f4f5fc7e7711acc23c3bca>@@V<lambda_dc9d2797ccde5d239b4a0efae8ebd7db>@@@?$__crt_seh_guarded_call@P6AXH@Z@@QEAAP6AXH@Z$$QEAV<lambda_c36588078e9f5dfd39652860aa6b3aaf>@@AEAV<lambda_ec61778202f4f5fc7e7711acc23c3bca>@@$$QEAV<lambda_dc9d2797ccde5d239b4a0efae8ebd7db>@@@Z 0000000180011748 f i libucrt:signal.obj
 0001:00010790       __acrt_get_sigabrt_handler 0000000180011790 f   libucrt:signal.obj
 0001:000107c0       __acrt_initialize_signal_handlers 00000001800117c0 f   libucrt:signal.obj
 0001:000107e0       raise                      00000001800117e0 f   libucrt:signal.obj
 0001:00010a7c       __acrt_has_user_matherr    0000000180011a7c f   libucrt:matherr.obj
 0001:00010a9c       __acrt_initialize_user_matherr 0000000180011a9c f   libucrt:matherr.obj
 0001:00010aa4       __acrt_invoke_user_matherr 0000000180011aa4 f   libucrt:matherr.obj
 0001:00010aec       _query_new_mode            0000000180011aec f   libucrt:new_mode.obj
 0001:00010af4       _mbtowc_l                  0000000180011af4 f   libucrt:mbtowc.obj
 0001:00010c3c       mbtowc                     0000000180011c3c f   libucrt:mbtowc.obj
 0001:00010c44       _fileno                    0000000180011c44 f   libucrt:fileno.obj
 0001:00010c6c       __acrt_initialize_stdio    0000000180011c6c f   libucrt:_file.obj
 0001:00010d8c       __acrt_uninitialize_stdio  0000000180011d8c f   libucrt:_file.obj
 0001:00010de8       _lock_file                 0000000180011de8 f   libucrt:_file.obj
 0001:00010df4       _unlock_file               0000000180011df4 f   libucrt:_file.obj
 0001:00010e00       _isleadbyte_l              0000000180011e00 f i libucrt:_wctype.obj
 0001:00010e40       __acrt_GetStringTypeA      0000000180011e40 f   libucrt:getstringtypea.obj
 0001:00010ff4       __acrt_add_locale_ref      0000000180011ff4 f   libucrt:locale_refcounting.obj
 0001:00011080       __acrt_free_locale         0000000180012080 f   libucrt:locale_refcounting.obj
 0001:000111f8       __acrt_locale_add_lc_time_reference 00000001800121f8 f   libucrt:locale_refcounting.obj
 0001:00011220       __acrt_locale_free_lc_time_if_unreferenced 0000000180012220 f   libucrt:locale_refcounting.obj
 0001:00011258       __acrt_locale_release_lc_time_reference 0000000180012258 f   libucrt:locale_refcounting.obj
 0001:00011280       __acrt_release_locale_ref  0000000180012280 f   libucrt:locale_refcounting.obj
 0001:00011328       __acrt_update_thread_locale_data 0000000180012328 f   libucrt:locale_refcounting.obj
 0001:00011398       _updatetlocinfoEx_nolock   0000000180012398 f   libucrt:locale_refcounting.obj
 0001:00011400       __acrt_locale_free_monetary 0000000180012400 f   libucrt:initmon.obj
 0001:0001150c       __acrt_locale_free_numeric 000000018001250c f   libucrt:initnum.obj
 0001:000115d0       __acrt_locale_free_time    00000001800125d0 f   libucrt:inittime.obj
 0001:000117a0       __acrt_DownlevelLocaleNameToLCID 00000001800127a0 f   libucrt:lcidtoname_downlevel.obj
 0001:000118b0       qsort                      00000001800128b0 f   libucrt:qsort.obj
 0001:00011be4       strncpy_s                  0000000180012be4 f   libucrt:strncpy_s.obj
 0001:00011cb8       strpbrk                    0000000180012cb8 f   libucrt:strpbrk.obj
 0001:00011d58       _mbsdec                    0000000180012d58 f   libucrt:mbsdec.obj
 0001:00011d60       _mbsdec_l                  0000000180012d60 f   libucrt:mbsdec.obj
 0001:0001216c       __acrt_LCMapStringA        000000018001316c f   libucrt:lcmapstringa.obj
 0001:00012204       _msize                     0000000180013204 f   libucrt:msize.obj
 0001:00012240       _realloc_base              0000000180013240 f   libucrt:realloc_base.obj
 0001:000122c4       __acrt_lowio_create_handle_array 00000001800132c4 f   libucrt:osfinfo.obj
 0001:0001235c       __acrt_lowio_destroy_handle_array 000000018001335c f   libucrt:osfinfo.obj
 0001:000123ac       __acrt_lowio_ensure_fh_exists 00000001800133ac f   libucrt:osfinfo.obj
 0001:00012464       __acrt_lowio_lock_fh       0000000180013464 f   libucrt:osfinfo.obj
 0001:00012488       __acrt_lowio_unlock_fh     0000000180013488 f   libucrt:osfinfo.obj
 0001:000124ac       _free_osfhnd               00000001800134ac f   libucrt:osfinfo.obj
 0001:00012568       _get_osfhandle             0000000180013568 f   libucrt:osfinfo.obj
 0001:000125e0       _isatty                    00000001800135e0 f   libucrt:isatty.obj
 0001:00012640       __acrt_stdio_flush_nolock  0000000180013640 f   libucrt:fflush.obj
 0001:000126b8       _fflush_nolock             00000001800136b8 f   libucrt:fflush.obj
 0001:00012704       _flushall                  0000000180013704 f   libucrt:fflush.obj
 0001:000127f4       _fcloseall                 00000001800137f4 f   libucrt:closeall.obj
 0001:000128a8       __acrt_stdio_free_buffer_nolock 00000001800138a8 f   libucrt:_freebuf.obj
 0001:000128e8       __strncnt                  00000001800138e8 f   libucrt:strncnt.obj
 0001:00012900       _query_app_type            0000000180013900 f   libucrt:report_runtime_error.obj
 0001:00012908       ??$?RV<lambda_b521505b218e5242e90febf6bfebc422>@@AEAV<lambda_6978c1fb23f02e42e1d9e99668cc68aa>@@V<lambda_314360699dd331753a4119843814e9a7>@@@?$__crt_seh_guarded_call@H@@QEAAH$$QEAV<lambda_b521505b218e5242e90febf6bfebc422>@@AEAV<lambda_6978c1fb23f02e42e1d9e99668cc68aa>@@$$QEAV<lambda_314360699dd331753a4119843814e9a7>@@@Z 0000000180013908 f i libucrt:commit.obj
 0001:00012994       _commit                    0000000180013994 f   libucrt:commit.obj
 0001:00012fc8       _write                     0000000180013fc8 f   libucrt:write.obj
 0001:000130b4       _write_nolock              00000001800140b4 f   libucrt:write.obj
 0001:000133a0       log10                      00000001800143a0 f   libucrt:log10.obj
 0001:000139e8       _lseeki64_nolock           00000001800149e8 f   libucrt:lseek.obj
 0001:000139f0       _fclose_nolock             00000001800149f0 f   libucrt:fclose.obj
 0001:00013a74       fclose                     0000000180014a74 f   libucrt:fclose.obj
 0001:00013ae0       _putwch_nolock             0000000180014ae0 f   libucrt:putwch.obj
 0001:00013c60       _handle_error              0000000180014c60 f   libucrt:libm_error.obj
 0001:00013d90       __acrt_initialize_fma3     0000000180014d90 f   libucrt:fma3_available.obj
 0001:00013e00       _log10_special             0000000180014e00 f   libucrt:log_special.obj
 0001:00013eb8       ??$?RV<lambda_bfedae4ebbf01fab1bb6dcc6a9e276e0>@@AEAV<lambda_2fe9b910cf3cbf4a0ab98a02ba45b3ec>@@V<lambda_237c231691f317818eb88cc1d5d642d6>@@@?$__crt_seh_guarded_call@H@@QEAAH$$QEAV<lambda_bfedae4ebbf01fab1bb6dcc6a9e276e0>@@AEAV<lambda_2fe9b910cf3cbf4a0ab98a02ba45b3ec>@@$$QEAV<lambda_237c231691f317818eb88cc1d5d642d6>@@@Z 0000000180014eb8 f i libucrt:close.obj
 0001:00013f2c       _close                     0000000180014f2c f   libucrt:close.obj
 0001:00013fd0       _close_nolock              0000000180014fd0 f   libucrt:close.obj
 0001:0001408c       ?__acrt_stdio_free_stream@@YAXV__crt_stdio_stream@@@Z 000000018001508c f   libucrt:stream.obj
 0001:000140d0       __dcrt_lowio_initialize_console_output 00000001800150d0 f   libucrt:initcon.obj
 0001:0001410c       __dcrt_terminate_console_output 000000018001510c f   libucrt:initcon.obj
 0001:00014140       _get_fpsr                  0000000180015140 f   libucrt:fpsr.obj
 0001:00014150       _set_fpsr                  0000000180015150 f   libucrt:fpsr.obj
 0001:0001415a       _fclrf                     000000018001515a f   libucrt:fpsr.obj
 0001:0001416e       _frnd                      000000018001516e f   libucrt:fpsr.obj
 0001:00014190       _raise_exc                 0000000180015190 f   libucrt:fpexcept.obj
 0001:000141b8       _raise_exc_ex              00000001800151b8 f   libucrt:fpexcept.obj
 0001:000144c0       _set_errno_from_matherr    00000001800154c0 f   libucrt:fpexcept.obj
 0001:000144f0       _clrfp                     00000001800154f0 f   libucrt:fpctrl.obj
 0001:00014510       _ctrlfp                    0000000180015510 f   libucrt:fpctrl.obj
 0001:0001458c       _set_statfp                000000018001558c f   libucrt:fpctrl.obj
 0001:000145ac       _statfp                    00000001800155ac f   libucrt:fpctrl.obj
 0001:000145bd       IsProcessorFeaturePresent  00000001800155bd f   kernel32:KERNEL32.dll
 0001:000145c3       RtlUnwindEx                00000001800155c3 f   kernel32:KERNEL32.dll
 0001:000145cc       __GSHandlerCheck           00000001800155cc f   LIBCMT:_gshandler_.obj
 0001:000145ec       __GSHandlerCheckCommon     00000001800155ec f   LIBCMT:_gshandler_.obj
 0001:00014650       _FindPESection             0000000180015650 f   LIBCMT:pesect.obj
 0001:000146a0       _IsNonwritableInCurrentImage 00000001800156a0 f   LIBCMT:pesect.obj
 0001:000146f0       _ValidateImageBase         00000001800156f0 f   LIBCMT:pesect.obj
 0001:00014730       __chkstk                   0000000180015730 f   LIBCMT:_chkstk_.obj
 0001:00014730       _alloca_probe              0000000180015730 f   LIBCMT:_chkstk_.obj
 0001:000147a0       memcmp                     00000001800157a0 f   libvcruntime:memcmp.obj
 0001:00014868       __GSHandlerCheck_EH        0000000180015868 f   LIBCMT:gshandlereh.obj
 0001:00014900       _guard_dispatch_icall_nop  0000000180015900 f   LIBCMT:_guard_dispatch_.obj
 0001:00014920       __guard_ss_verify_failure  0000000180015920 f   LIBCMT:_rfgfailure_.obj
 0001:0001492b       __guard_ss_verify_failure_rcx 000000018001592b     LIBCMT:_rfgfailure_.obj
 0001:00014931       __guard_ss_verify_failure_rdx 0000000180015931     LIBCMT:_rfgfailure_.obj
 0001:00014937       __guard_ss_verify_failure_r8 0000000180015937     LIBCMT:_rfgfailure_.obj
 0001:0001493d       __guard_ss_verify_failure_r9 000000018001593d     LIBCMT:_rfgfailure_.obj
 0001:00014943       __guard_ss_verify_failure_r10 0000000180015943     LIBCMT:_rfgfailure_.obj
 0001:00014950       __guard_ss_verify_failure_default 0000000180015950 f   LIBCMT:_rfgfailure_.obj
 0001:000149b0       __guard_ss_verify_sp       00000001800159b0 f   LIBCMT:_rfgfailure_.obj
 0001:000149c0       __guard_ss_verify_sp_default 00000001800159c0 f   LIBCMT:_rfgfailure_.obj
 0002:00000000       __imp_RegCloseKey          0000000180016000     advapi32:ADVAPI32.dll
 0002:00000008       __imp_RegCreateKeyExW      0000000180016008     advapi32:ADVAPI32.dll
 0002:00000010       __imp_RegSetValueExW       0000000180016010     advapi32:ADVAPI32.dll
 0002:00000018       __imp_RegOpenKeyExW        0000000180016018     advapi32:ADVAPI32.dll
 0002:00000020       __imp_RegQueryValueExW     0000000180016020     advapi32:ADVAPI32.dll
 0002:00000028       \177ADVAPI32_NULL_THUNK_DATA 0000000180016028     advapi32:ADVAPI32.dll
 0002:00000030       __imp_BitBlt               0000000180016030     gdi32:GDI32.dll
 0002:00000038       __imp_CreateCompatibleBitmap 0000000180016038     gdi32:GDI32.dll
 0002:00000040       __imp_SelectObject         0000000180016040     gdi32:GDI32.dll
 0002:00000048       __imp_StretchBlt           0000000180016048     gdi32:GDI32.dll
 0002:00000050       __imp_DeleteDC             0000000180016050     gdi32:GDI32.dll
 0002:00000058       __imp_SetTextColor         0000000180016058     gdi32:GDI32.dll
 0002:00000060       __imp_SetBkMode            0000000180016060     gdi32:GDI32.dll
 0002:00000068       __imp_DeleteObject         0000000180016068     gdi32:GDI32.dll
 0002:00000070       __imp_CreateSolidBrush     0000000180016070     gdi32:GDI32.dll
 0002:00000078       __imp_CreateFontIndirectW  0000000180016078     gdi32:GDI32.dll
 0002:00000080       __imp_CreateCompatibleDC   0000000180016080     gdi32:GDI32.dll
 0002:00000088       \177GDI32_NULL_THUNK_DATA  0000000180016088     gdi32:GDI32.dll
 0002:00000090       __imp_ResumeThread         0000000180016090     kernel32:KERNEL32.dll
 0002:00000098       __imp_TerminateThread      0000000180016098     kernel32:KERNEL32.dll
 0002:000000a0       __imp_RaiseException       00000001800160a0     kernel32:KERNEL32.dll
 0002:000000a8       __imp_CreateThread         00000001800160a8     kernel32:KERNEL32.dll
 0002:000000b0       __imp_lstrcpynA            00000001800160b0     kernel32:KERNEL32.dll
 0002:000000b8       __imp_IsDebuggerPresent    00000001800160b8     kernel32:KERNEL32.dll
 0002:000000c0       __imp_ReadFile             00000001800160c0     kernel32:KERNEL32.dll
 0002:000000c8       __imp_VirtualProtect       00000001800160c8     kernel32:KERNEL32.dll
 0002:000000d0       __imp_GetConsoleScreenBufferInfo 00000001800160d0     kernel32:KERNEL32.dll
 0002:000000d8       __imp_HeapFree             00000001800160d8     kernel32:KERNEL32.dll
 0002:000000e0       __imp_GetStdHandle         00000001800160e0     kernel32:KERNEL32.dll
 0002:000000e8       __imp_lstrcpynW            00000001800160e8     kernel32:KERNEL32.dll
 0002:000000f0       __imp_ExpandEnvironmentStringsW 00000001800160f0     kernel32:KERNEL32.dll
 0002:000000f8       __imp_GetModuleFileNameW   00000001800160f8     kernel32:KERNEL32.dll
 0002:00000100       __imp_GetTempPathW         0000000180016100     kernel32:KERNEL32.dll
 0002:00000108       __imp_WaitForSingleObject  0000000180016108     kernel32:KERNEL32.dll
 0002:00000110       __imp_CreateFileW          0000000180016110     kernel32:KERNEL32.dll
 0002:00000118       __imp_FindFirstChangeNotificationW 0000000180016118     kernel32:KERNEL32.dll
 0002:00000120       __imp_GetFileInformationByHandle 0000000180016120     kernel32:KERNEL32.dll
 0002:00000128       __imp_OutputDebugStringW   0000000180016128     kernel32:KERNEL32.dll
 0002:00000130       __imp_GetDiskFreeSpaceExW  0000000180016130     kernel32:KERNEL32.dll
 0002:00000138       __imp_ReadConsoleOutputW   0000000180016138     kernel32:KERNEL32.dll
 0002:00000140       __imp_FindCloseChangeNotification 0000000180016140     kernel32:KERNEL32.dll
 0002:00000148       __imp_HeapReAlloc          0000000180016148     kernel32:KERNEL32.dll
 0002:00000150       __imp_CloseHandle          0000000180016150     kernel32:KERNEL32.dll
 0002:00000158       __imp_LoadLibraryW         0000000180016158     kernel32:KERNEL32.dll
 0002:00000160       __imp_HeapAlloc            0000000180016160     kernel32:KERNEL32.dll
 0002:00000168       __imp_SetLastError         0000000180016168     kernel32:KERNEL32.dll
 0002:00000170       __imp_FindNextChangeNotification 0000000180016170     kernel32:KERNEL32.dll
 0002:00000178       __imp_GetProcAddress       0000000180016178     kernel32:KERNEL32.dll
 0002:00000180       __imp_GetCurrentProcessId  0000000180016180     kernel32:KERNEL32.dll
 0002:00000188       __imp_GetProcessHeap       0000000180016188     kernel32:KERNEL32.dll
 0002:00000190       __imp_SystemTimeToFileTime 0000000180016190     kernel32:KERNEL32.dll
 0002:00000198       __imp_FreeLibrary          0000000180016198     kernel32:KERNEL32.dll
 0002:000001a0       __imp_lstrcpyW             00000001800161a0     kernel32:KERNEL32.dll
 0002:000001a8       __imp_lstrcmpiW            00000001800161a8     kernel32:KERNEL32.dll
 0002:000001b0       __imp_lstrcmpW             00000001800161b0     kernel32:KERNEL32.dll
 0002:000001b8       __imp_GetDriveTypeW        00000001800161b8     kernel32:KERNEL32.dll
 0002:000001c0       __imp_lstrcpyA             00000001800161c0     kernel32:KERNEL32.dll
 0002:000001c8       __imp_HeapCreate           00000001800161c8     kernel32:KERNEL32.dll
 0002:000001d0       __imp_HeapSize             00000001800161d0     kernel32:KERNEL32.dll
 0002:000001d8       __imp_HeapDestroy          00000001800161d8     kernel32:KERNEL32.dll
 0002:000001e0       __imp_GetConsoleCP         00000001800161e0     kernel32:KERNEL32.dll
 0002:000001e8       __imp_FlushFileBuffers     00000001800161e8     kernel32:KERNEL32.dll
 0002:000001f0       __imp_WriteFile            00000001800161f0     kernel32:KERNEL32.dll
 0002:000001f8       __imp_SetStdHandle         00000001800161f8     kernel32:KERNEL32.dll
 0002:00000200       __imp_GetFileType          0000000180016200     kernel32:KERNEL32.dll
 0002:00000208       __imp_FreeEnvironmentStringsW 0000000180016208     kernel32:KERNEL32.dll
 0002:00000210       __imp_GetEnvironmentStringsW 0000000180016210     kernel32:KERNEL32.dll
 0002:00000218       __imp_GetCommandLineW      0000000180016218     kernel32:KERNEL32.dll
 0002:00000220       __imp_WideCharToMultiByte  0000000180016220     kernel32:KERNEL32.dll
 0002:00000228       __imp_MultiByteToWideChar  0000000180016228     kernel32:KERNEL32.dll
 0002:00000230       __imp_lstrlenA             0000000180016230     kernel32:KERNEL32.dll
 0002:00000238       __imp_lstrlenW             0000000180016238     kernel32:KERNEL32.dll
 0002:00000240       __imp_GetTickCount         0000000180016240     kernel32:KERNEL32.dll
 0002:00000248       __imp_DeleteCriticalSection 0000000180016248     kernel32:KERNEL32.dll
 0002:00000250       __imp_GetLastError         0000000180016250     kernel32:KERNEL32.dll
 0002:00000258       __imp_WriteConsoleW        0000000180016258     kernel32:KERNEL32.dll
 0002:00000260       __imp_Sleep                0000000180016260     kernel32:KERNEL32.dll
 0002:00000268       __imp_InitializeCriticalSection 0000000180016268     kernel32:KERNEL32.dll
 0002:00000270       __imp_LeaveCriticalSection 0000000180016270     kernel32:KERNEL32.dll
 0002:00000278       __imp_GetCurrentThreadId   0000000180016278     kernel32:KERNEL32.dll
 0002:00000280       __imp_EnterCriticalSection 0000000180016280     kernel32:KERNEL32.dll
 0002:00000288       __imp_TryEnterCriticalSection 0000000180016288     kernel32:KERNEL32.dll
 0002:00000290       __imp_GetConsoleMode       0000000180016290     kernel32:KERNEL32.dll
 0002:00000298       __imp_SetFilePointerEx     0000000180016298     kernel32:KERNEL32.dll
 0002:000002a0       __imp_GetLocalTime         00000001800162a0     kernel32:KERNEL32.dll
 0002:000002a8       __imp_GetCommandLineA      00000001800162a8     kernel32:KERNEL32.dll
 0002:000002b0       __imp_GetCPInfo            00000001800162b0     kernel32:KERNEL32.dll
 0002:000002b8       __imp_GetOEMCP             00000001800162b8     kernel32:KERNEL32.dll
 0002:000002c0       __imp_RtlCaptureContext    00000001800162c0     kernel32:KERNEL32.dll
 0002:000002c8       __imp_RtlLookupFunctionEntry 00000001800162c8     kernel32:KERNEL32.dll
 0002:000002d0       __imp_RtlVirtualUnwind     00000001800162d0     kernel32:KERNEL32.dll
 0002:000002d8       __imp_UnhandledExceptionFilter 00000001800162d8     kernel32:KERNEL32.dll
 0002:000002e0       __imp_SetUnhandledExceptionFilter 00000001800162e0     kernel32:KERNEL32.dll
 0002:000002e8       __imp_GetCurrentProcess    00000001800162e8     kernel32:KERNEL32.dll
 0002:000002f0       __imp_TerminateProcess     00000001800162f0     kernel32:KERNEL32.dll
 0002:000002f8       __imp_IsProcessorFeaturePresent 00000001800162f8     kernel32:KERNEL32.dll
 0002:00000300       __imp_SetEvent             0000000180016300     kernel32:KERNEL32.dll
 0002:00000308       __imp_ResetEvent           0000000180016308     kernel32:KERNEL32.dll
 0002:00000310       __imp_WaitForSingleObjectEx 0000000180016310     kernel32:KERNEL32.dll
 0002:00000318       __imp_CreateEventW         0000000180016318     kernel32:KERNEL32.dll
 0002:00000320       __imp_GetModuleHandleW     0000000180016320     kernel32:KERNEL32.dll
 0002:00000328       __imp_GetStartupInfoW      0000000180016328     kernel32:KERNEL32.dll
 0002:00000330       __imp_QueryPerformanceCounter 0000000180016330     kernel32:KERNEL32.dll
 0002:00000338       __imp_GetSystemTimeAsFileTime 0000000180016338     kernel32:KERNEL32.dll
 0002:00000340       __imp_InitializeSListHead  0000000180016340     kernel32:KERNEL32.dll
 0002:00000348       __imp_RtlUnwindEx          0000000180016348     kernel32:KERNEL32.dll
 0002:00000350       __imp_InitializeCriticalSectionAndSpinCount 0000000180016350     kernel32:KERNEL32.dll
 0002:00000358       __imp_TlsAlloc             0000000180016358     kernel32:KERNEL32.dll
 0002:00000360       __imp_TlsGetValue          0000000180016360     kernel32:KERNEL32.dll
 0002:00000368       __imp_TlsSetValue          0000000180016368     kernel32:KERNEL32.dll
 0002:00000370       __imp_TlsFree              0000000180016370     kernel32:KERNEL32.dll
 0002:00000378       __imp_LoadLibraryExW       0000000180016378     kernel32:KERNEL32.dll
 0002:00000380       __imp_InterlockedFlushSList 0000000180016380     kernel32:KERNEL32.dll
 0002:00000388       __imp_EncodePointer        0000000180016388     kernel32:KERNEL32.dll
 0002:00000390       __imp_RtlPcToFileHeader    0000000180016390     kernel32:KERNEL32.dll
 0002:00000398       __imp_ExitProcess          0000000180016398     kernel32:KERNEL32.dll
 0002:000003a0       __imp_GetModuleHandleExW   00000001800163a0     kernel32:KERNEL32.dll
 0002:000003a8       __imp_GetModuleFileNameA   00000001800163a8     kernel32:KERNEL32.dll
 0002:000003b0       __imp_GetStringTypeW       00000001800163b0     kernel32:KERNEL32.dll
 0002:000003b8       __imp_GetACP               00000001800163b8     kernel32:KERNEL32.dll
 0002:000003c0       __imp_LCMapStringW         00000001800163c0     kernel32:KERNEL32.dll
 0002:000003c8       __imp_FindClose            00000001800163c8     kernel32:KERNEL32.dll
 0002:000003d0       __imp_FindFirstFileExA     00000001800163d0     kernel32:KERNEL32.dll
 0002:000003d8       __imp_FindNextFileA        00000001800163d8     kernel32:KERNEL32.dll
 0002:000003e0       __imp_IsValidCodePage      00000001800163e0     kernel32:KERNEL32.dll
 0002:000003e8       \177KERNEL32_NULL_THUNK_DATA 00000001800163e8     kernel32:KERNEL32.dll
 0002:000003f0       __imp_wsprintfA            00000001800163f0     user32:USER32.dll
 0002:000003f8       __imp_ReleaseDC            00000001800163f8     user32:USER32.dll
 0002:00000400       __imp_CharLowerBuffW       0000000180016400     user32:USER32.dll
 0002:00000408       __imp_GetDC                0000000180016408     user32:USER32.dll
 0002:00000410       __imp_MessageBoxW          0000000180016410     user32:USER32.dll
 0002:00000418       __imp_FillRect             0000000180016418     user32:USER32.dll
 0002:00000420       __imp_wsprintfW            0000000180016420     user32:USER32.dll
 0002:00000428       __imp_DrawTextW            0000000180016428     user32:USER32.dll
 0002:00000430       __imp_CharUpperBuffW       0000000180016430     user32:USER32.dll
 0002:00000438       \177USER32_NULL_THUNK_DATA 0000000180016438     user32:USER32.dll
 0002:00000440       __imp_VerQueryValueW       0000000180016440     version:VERSION.dll
 0002:00000448       __imp_GetFileVersionInfoW  0000000180016448     version:VERSION.dll
 0002:00000450       __imp_GetFileVersionInfoSizeW 0000000180016450     version:VERSION.dll
 0002:00000458       \177VERSION_NULL_THUNK_DATA 0000000180016458     version:VERSION.dll
 0002:00000460       __imp_CoUninitialize       0000000180016460     ole32:ole32.dll
 0002:00000468       __imp_CoInitialize         0000000180016468     ole32:ole32.dll
 0002:00000470       \177ole32_NULL_THUNK_DATA  0000000180016470     ole32:ole32.dll
 0002:00000478       __guard_check_icall_fptr   0000000180016478     LIBCMT:guard_support.obj
 0002:00000480       __guard_dispatch_icall_fptr 0000000180016480     LIBCMT:guard_support.obj
 0002:00000488       __guard_ss_verify_failure_fptr 0000000180016488     LIBCMT:guard_support.obj
 0002:00000490       __guard_ss_verify_sp_fptr  0000000180016490     LIBCMT:guard_support.obj
 0002:00000498       __xc_a                     0000000180016498     LIBCMT:initializers.obj
 0002:000004a0       __xc_z                     00000001800164a0     LIBCMT:initializers.obj
 0002:000004a8       __xi_a                     00000001800164a8     LIBCMT:initializers.obj
 0002:000004b8       __acrt_multibyte_initializer 00000001800164b8     libucrt:multibyte_initializer.obj
 0002:000004c0       __acrt_stdio_initializer   00000001800164c0     libucrt:stdio_initializer.obj
 0002:000004c8       __acrt_tran_fma3_initializer 00000001800164c8     libucrt:fma3_initializer.obj
 0002:000004d0       __xi_z                     00000001800164d0     LIBCMT:initializers.obj
 0002:000004d8       __xl_a                     00000001800164d8     LIBCMT:tlssup.obj
 0002:000004e0       __xl_z                     00000001800164e0     LIBCMT:tlssup.obj
 0002:000004e8       __xp_a                     00000001800164e8     LIBCMT:initializers.obj
 0002:000004f0       __acrt_locale_terminator   00000001800164f0     libucrt:locale_initializer.obj
 0002:000004f8       __dcrt_console_output_terminator 00000001800164f8     libucrt:console_output_initializer.obj
 0002:00000500       __acrt_stdio_terminator    0000000180016500     libucrt:stdio_initializer.obj
 0002:00000508       __xp_z                     0000000180016508     LIBCMT:initializers.obj
 0002:00000510       __xt_a                     0000000180016510     LIBCMT:initializers.obj
 0002:00000518       __xt_z                     0000000180016518     LIBCMT:initializers.obj
 0002:00000520       IID_ISequentialStream      0000000180016520     uuid:objidl_i.obj
 0002:00000530       IID_IStream                0000000180016530     uuid:objidl_i.obj
 0002:00000540       IID_IUnknown               0000000180016540     uuid:unknwn_i.obj
 0002:00000568       ??_7type_info@@6B@         0000000180016568     LIBCMT:std_type_info_static.obj
 0002:00000570       ??_C@_1EC@JIJBPKFM@?$AAa?$AAp?$AAi?$AA?9?$AAm?$AAs?$AA?9?$AAw?$AAi?$AAn?$AA?9?$AAc?$AAo?$AAr?$AAe?$AA?9?$AAs?$AAy?$AAn?$AAc?$AAh?$AA?9?$AAl?$AA1?$AA?9?$AA2?$AA?9?$AA0?$AA?4?$AAd?$AAl?$AAl@ 0000000180016570     LIBCMT:thread_safe_statics.obj
 0002:000005b8       ??_C@_1BK@MGMFAEKH@?$AAk?$AAe?$AAr?$AAn?$AAe?$AAl?$AA3?$AA2?$AA?4?$AAd?$AAl?$AAl?$AA?$AA@ 00000001800165b8     LIBCMT:thread_safe_statics.obj
 0002:000005d8       ??_C@_0BM@HLJJNPAH@InitializeConditionVariable?$AA@ 00000001800165d8     LIBCMT:thread_safe_statics.obj
 0002:000005f8       ??_C@_0BJ@JEBJOJFJ@SleepConditionVariableCS?$AA@ 00000001800165f8     LIBCMT:thread_safe_statics.obj
 0002:00000618       ??_C@_0BJ@PGPPEPCC@WakeAllConditionVariable?$AA@ 0000000180016618     LIBCMT:thread_safe_statics.obj
 0002:00000638       _pDefaultRawDllMain        0000000180016638     LIBCMT:dll_dllmain.obj
 0002:00000638       _pRawDllMain               0000000180016638     LIBCMT:dll_dllmain.obj
 0002:000006d8       _pDestructExceptionObject  00000001800166d8     libvcruntime:ehhelpers.obj
 0002:000006f8       ??_C@_1DM@KHCHBNEB@?$AAa?$AAp?$AAi?$AA?9?$AAm?$AAs?$AA?9?$AAw?$AAi?$AAn?$AA?9?$AAc?$AAo?$AAr?$AAe?$AA?9?$AAf?$AAi?$AAb?$AAe?$AAr?$AAs?$AA?9?$AAl?$AA1?$AA?9?$AA1?$AA?9?$AA1?$AA?$AA@ 00000001800166f8     libvcruntime:winapi_downlevel.obj
 0002:00000738       ??_C@_1DK@LPPGFMPP@?$AAa?$AAp?$AAi?$AA?9?$AAm?$AAs?$AA?9?$AAw?$AAi?$AAn?$AA?9?$AAc?$AAo?$AAr?$AAe?$AA?9?$AAs?$AAy?$AAn?$AAc?$AAh?$AA?9?$AAl?$AA1?$AA?9?$AA2?$AA?9?$AA0?$AA?$AA@ 0000000180016738     libvcruntime:winapi_downlevel.obj
 0002:00000778       ??_C@_1BC@GDMECMAK@?$AAk?$AAe?$AAr?$AAn?$AAe?$AAl?$AA3?$AA2?$AA?$AA@ 0000000180016778     libvcruntime:winapi_downlevel.obj
 0002:00000790       ??_C@_1BA@PFFKHIOG@?$AAa?$AAp?$AAi?$AA?9?$AAm?$AAs?$AA?9?$AA?$AA@ 0000000180016790     libvcruntime:winapi_downlevel.obj
 0002:000007a0       ??_C@_1BA@IAIFMGEF@?$AAe?$AAx?$AAt?$AA?9?$AAm?$AAs?$AA?9?$AA?$AA@ 00000001800167a0     libvcruntime:winapi_downlevel.obj
 0002:000007b8       ??_C@_08KNHFBNJ@FlsAlloc?$AA@ 00000001800167b8     libvcruntime:winapi_downlevel.obj
 0002:000007d0       ??_C@_07PEJMOBNF@FlsFree?$AA@ 00000001800167d0     libvcruntime:winapi_downlevel.obj
 0002:000007e0       ??_C@_0M@GDNOONDI@FlsGetValue?$AA@ 00000001800167e0     libvcruntime:winapi_downlevel.obj
 0002:000007f8       ??_C@_0M@JCPCPOEF@FlsSetValue?$AA@ 00000001800167f8     libvcruntime:winapi_downlevel.obj
 0002:00000810       ??_C@_0BM@HCFOFFN@InitializeCriticalSectionEx?$AA@ 0000000180016810     libvcruntime:winapi_downlevel.obj
 0002:00000838       ??_7exception@std@@6B@     0000000180016838     libvcruntime:frame.obj
 0002:00000848       ??_C@_0BC@EOODALEL@Unknown?5exception?$AA@ 0000000180016848     libvcruntime:frame.obj
 0002:00000868       ??_7bad_exception@std@@6B@ 0000000180016868     libvcruntime:frame.obj
 0002:00000878       ??_C@_0O@DPKOEFFH@bad?5exception?$AA@ 0000000180016878     libvcruntime:frame.obj
 0002:00000bb8       ??_C@_08EHJDFFNH@__based?$CI?$AA@ 0000000180016bb8     libvcruntime:undname.obj
 0002:00000bc8       ??_C@_07KOLFKCDI@__cdecl?$AA@ 0000000180016bc8     libvcruntime:undname.obj
 0002:00000bd0       ??_C@_08GHMPAG@__pascal?$AA@ 0000000180016bd0     libvcruntime:undname.obj
 0002:00000be0       ??_C@_09IFJBGAPI@__stdcall?$AA@ 0000000180016be0     libvcruntime:undname.obj
 0002:00000bf0       ??_C@_0L@NPHFGOKO@__thiscall?$AA@ 0000000180016bf0     libvcruntime:undname.obj
 0002:00000c00       ??_C@_0L@JMKHOMEK@__fastcall?$AA@ 0000000180016c00     libvcruntime:undname.obj
 0002:00000c10       ??_C@_0N@BCKKPABJ@__vectorcall?$AA@ 0000000180016c10     libvcruntime:undname.obj
 0002:00000c20       ??_C@_09HIJEGCPM@__clrcall?$AA@ 0000000180016c20     libvcruntime:undname.obj
 0002:00000c2c       ??_C@_06GHPCKEAG@__eabi?$AA@ 0000000180016c2c     libvcruntime:undname.obj
 0002:00000c38       ??_C@_07JOMMBBKO@__ptr64?$AA@ 0000000180016c38     libvcruntime:undname.obj
 0002:00000c40       ??_C@_0L@PILCLIHE@__restrict?$AA@ 0000000180016c40     libvcruntime:undname.obj
 0002:00000c50       ??_C@_0M@GFIIJFMG@__unaligned?$AA@ 0000000180016c50     libvcruntime:undname.obj
 0002:00000c60       ??_C@_09DHDLOLLB@restrict?$CI?$AA@ 0000000180016c60     libvcruntime:undname.obj
 0002:00000c6c       ??_C@_04NIHEBCM@?5new?$AA@ 0000000180016c6c     libvcruntime:undname.obj
 0002:00000c78       ??_C@_07FPCDHGMM@?5delete?$AA@ 0000000180016c78     libvcruntime:undname.obj
 0002:00000c80       ??_C@_01NEMOKFLO@?$DN?$AA@ 0000000180016c80     libvcruntime:undname.obj
 0002:00000c84       ??_C@_02GPIOPFAK@?$DO?$DO?$AA@ 0000000180016c84     libvcruntime:undname.obj
 0002:00000c88       ??_C@_02FODMEDOG@?$DM?$DM?$AA@ 0000000180016c88     libvcruntime:undname.obj
 0002:00000c8c       ??_C@_01DCLJPIOD@?$CB?$AA@ 0000000180016c8c     libvcruntime:undname.obj
 0002:00000c90       ??_C@_02EGOFBIJA@?$DN?$DN?$AA@ 0000000180016c90     libvcruntime:undname.obj
 0002:00000c94       ??_C@_02FDNJECIE@?$CB?$DN?$AA@ 0000000180016c94     libvcruntime:undname.obj
 0002:00000c98       ??_C@_02GPECMEKF@?$FL?$FN?$AA@ 0000000180016c98     libvcruntime:undname.obj
 0002:00000ca0       ??_C@_08LHJFAFGD@operator?$AA@ 0000000180016ca0     libvcruntime:undname.obj
 0002:00000cac       ??_C@_02HBOOOICD@?9?$DO?$AA@ 0000000180016cac     libvcruntime:undname.obj
 0002:00000cb0       ??_C@_01NBENCBCI@?$CK?$AA@ 0000000180016cb0     libvcruntime:undname.obj
 0002:00000cb4       ??_C@_02ECNGHCIF@?$CL?$CL?$AA@ 0000000180016cb4     libvcruntime:undname.obj
 0002:00000cb8       ??_C@_02BAABKJLB@?9?9?$AA@ 0000000180016cb8     libvcruntime:undname.obj
 0002:00000cbc       ??_C@_01JOAMLHOP@?9?$AA@   0000000180016cbc     libvcruntime:undname.obj
 0002:00000cc0       ??_C@_01MIFGBAGJ@?$CL?$AA@ 0000000180016cc0     libvcruntime:undname.obj
 0002:00000cc4       ??_C@_01HNPIGOCE@?$CG?$AA@ 0000000180016cc4     libvcruntime:undname.obj
 0002:00000cc8       ??_C@_03MNHNFDLC@?9?$DO?$CK?$AA@ 0000000180016cc8     libvcruntime:undname.obj
 0002:00000ccc       ??_C@_01KMDKNFGN@?1?$AA@   0000000180016ccc     libvcruntime:undname.obj
 0002:00000cd0       ??_C@_01FGNFDNOH@?$CF?$AA@ 0000000180016cd0     libvcruntime:undname.obj
 0002:00000cd4       ??_C@_01MNNFJEPP@?$DM?$AA@ 0000000180016cd4     libvcruntime:undname.obj
 0002:00000cd8       ??_C@_02EHCHHCKH@?$DM?$DN?$AA@ 0000000180016cd8     libvcruntime:undname.obj
 0002:00000cdc       ??_C@_01PPODPGHN@?$DO?$AA@ 0000000180016cdc     libvcruntime:undname.obj
 0002:00000ce0       ??_C@_02EEKDKGMJ@?$DO?$DN?$AA@ 0000000180016ce0     libvcruntime:undname.obj
 0002:00000ce4       ??_C@_01IHBHIGKO@?0?$AA@   0000000180016ce4     libvcruntime:undname.obj
 0002:00000ce8       ??_C@_02HCKGKOFO@?$CI?$CJ?$AA@ 0000000180016ce8     libvcruntime:undname.obj
 0002:00000cec       ??_C@_01PJKLJHI@?$HO?$AA@  0000000180016cec     libvcruntime:undname.obj
 0002:00000cf0       ??_C@_01JKBOJNNK@?$FO?$AA@ 0000000180016cf0     libvcruntime:undname.obj
 0002:00000cf4       ??_C@_01DNKMNLPK@?$HM?$AA@ 0000000180016cf4     libvcruntime:undname.obj
 0002:00000cf8       ??_C@_02PPKAJPJL@?$CG?$CG?$AA@ 0000000180016cf8     libvcruntime:undname.obj
 0002:00000cfc       ??_C@_02NONPIBCD@?$HM?$HM?$AA@ 0000000180016cfc     libvcruntime:undname.obj
 0002:00000d00       ??_C@_02FPIMKNGF@?$CK?$DN?$AA@ 0000000180016d00     libvcruntime:undname.obj
 0002:00000d04       ??_C@_02FOEOMHFC@?$CL?$DN?$AA@ 0000000180016d04     libvcruntime:undname.obj
 0002:00000d08       ??_C@_02FKMDLLOA@?9?$DN?$AA@ 0000000180016d08     libvcruntime:undname.obj
 0002:00000d0c       ??_C@_02FJEHGPIO@?1?$DN?$AA@ 0000000180016d0c     libvcruntime:undname.obj
 0002:00000d10       ??_C@_02FENAOKFI@?$CF?$DN?$AA@ 0000000180016d10     libvcruntime:undname.obj
 0002:00000d14       ??_C@_03IKFCCPFF@?$DO?$DO?$DN?$AA@ 0000000180016d14     libvcruntime:undname.obj
 0002:00000d18       ??_C@_03CDNPDDLA@?$DM?$DM?$DN?$AA@ 0000000180016d18     libvcruntime:undname.obj
 0002:00000d1c       ??_C@_02FGJGFEAB@?$CG?$DN?$AA@ 0000000180016d1c     libvcruntime:undname.obj
 0002:00000d20       ??_C@_02DHLNPPGH@?$HM?$DN?$AA@ 0000000180016d20     libvcruntime:undname.obj
 0002:00000d24       ??_C@_02MHEGNOJ@?$FO?$DN?$AA@ 0000000180016d24     libvcruntime:undname.obj
 0002:00000d28       ??_C@_09IFPLHPGF@?$GAvftable?8?$AA@ 0000000180016d28     libvcruntime:undname.obj
 0002:00000d38       ??_C@_09BLBHBJP@?$GAvbtable?8?$AA@ 0000000180016d38     libvcruntime:undname.obj
 0002:00000d48       ??_C@_07FEEIOKP@?$GAvcall?8?$AA@ 0000000180016d48     libvcruntime:undname.obj
 0002:00000d50       ??_C@_08LLFFHHDJ@?$GAtypeof?8?$AA@ 0000000180016d50     libvcruntime:undname.obj
 0002:00000d60       ??_C@_0BF@KDPPACIK@?$GAlocal?5static?5guard?8?$AA@ 0000000180016d60     libvcruntime:undname.obj
 0002:00000d78       ??_C@_08OBABFOLI@?$GAstring?8?$AA@ 0000000180016d78     libvcruntime:undname.obj
 0002:00000d88       ??_C@_0BD@JDLKDPAB@?$GAvbase?5destructor?8?$AA@ 0000000180016d88     libvcruntime:undname.obj
 0002:00000da0       ??_C@_0BN@DEGPLNFK@?$GAvector?5deleting?5destructor?8?$AA@ 0000000180016da0     libvcruntime:undname.obj
 0002:00000dc0       ??_C@_0BO@OBMKPJIG@?$GAdefault?5constructor?5closure?8?$AA@ 0000000180016dc0     libvcruntime:undname.obj
 0002:00000de0       ??_C@_0BN@IMDCHIKM@?$GAscalar?5deleting?5destructor?8?$AA@ 0000000180016de0     libvcruntime:undname.obj
 0002:00000e00       ??_C@_0BO@PFGOCPJJ@?$GAvector?5constructor?5iterator?8?$AA@ 0000000180016e00     libvcruntime:undname.obj
 0002:00000e20       ??_C@_0BN@LFPFMEDL@?$GAvector?5destructor?5iterator?8?$AA@ 0000000180016e20     libvcruntime:undname.obj
 0002:00000e40       ??_C@_0CE@IKBNEHA@?$GAvector?5vbase?5constructor?5iterat@ 0000000180016e40     libvcruntime:undname.obj
 0002:00000e68       ??_C@_0BL@NILFHHPC@?$GAvirtual?5displacement?5map?8?$AA@ 0000000180016e68     libvcruntime:undname.obj
 0002:00000e88       ??_C@_0CB@JONCMFFK@?$GAeh?5vector?5constructor?5iterator?8@ 0000000180016e88     libvcruntime:undname.obj
 0002:00000eb0       ??_C@_0CA@GCEOPDGL@?$GAeh?5vector?5destructor?5iterator?8?$AA@ 0000000180016eb0     libvcruntime:undname.obj
 0002:00000ed0       ??_C@_0CH@OOJPLCPH@?$GAeh?5vector?5vbase?5constructor?5ite@ 0000000180016ed0     libvcruntime:undname.obj
 0002:00000ef8       ??_C@_0BL@LLKPOHJI@?$GAcopy?5constructor?5closure?8?$AA@ 0000000180016ef8     libvcruntime:undname.obj
 0002:00000f18       ??_C@_0BA@KBCDOMBN@?$GAudt?5returning?8?$AA@ 0000000180016f18     libvcruntime:undname.obj
 0002:00000f28       ??_C@_03KLGMFNMG@?$GAEH?$AA@ 0000000180016f28     libvcruntime:undname.obj
 0002:00000f2c       ??_C@_05KHLCHHI@?$GARTTI?$AA@ 0000000180016f2c     libvcruntime:undname.obj
 0002:00000f38       ??_C@_0BA@KKLDJDLB@?$GAlocal?5vftable?8?$AA@ 0000000180016f38     libvcruntime:undname.obj
 0002:00000f48       ??_C@_0CE@IIHCMGGL@?$GAlocal?5vftable?5constructor?5closu@ 0000000180016f48     libvcruntime:undname.obj
 0002:00000f6c       ??_C@_06FHBGPFGH@?5new?$FL?$FN?$AA@ 0000000180016f6c     libvcruntime:undname.obj
 0002:00000f78       ??_C@_09LBNFPBCA@?5delete?$FL?$FN?$AA@ 0000000180016f78     libvcruntime:undname.obj
 0002:00000f88       ??_C@_0P@HJKNJFNN@?$GAomni?5callsig?8?$AA@ 0000000180016f88     libvcruntime:undname.obj
 0002:00000f98       ??_C@_0BL@CNOONJFP@?$GAplacement?5delete?5closure?8?$AA@ 0000000180016f98     libvcruntime:undname.obj
 0002:00000fb8       ??_C@_0BN@CKNJLHMB@?$GAplacement?5delete?$FL?$FN?5closure?8?$AA@ 0000000180016fb8     libvcruntime:undname.obj
 0002:00000fd8       ??_C@_0CG@CFDHKGGD@?$GAmanaged?5vector?5constructor?5iter@ 0000000180016fd8     libvcruntime:undname.obj
 0002:00001000       ??_C@_0CF@IMGKMJNO@?$GAmanaged?5vector?5destructor?5itera@ 0000000180017000     libvcruntime:undname.obj
 0002:00001028       ??_C@_0CG@HLDDJMAG@?$GAeh?5vector?5copy?5constructor?5iter@ 0000000180017028     libvcruntime:undname.obj
 0002:00001050       ??_C@_0CM@FCBBDIGB@?$GAeh?5vector?5vbase?5copy?5constructo@ 0000000180017050     libvcruntime:undname.obj
 0002:00001080       ??_C@_0BL@CLIPGLGB@?$GAdynamic?5initializer?5for?5?8?$AA@ 0000000180017080     libvcruntime:undname.obj
 0002:000010a0       ??_C@_0CB@PDBIFEP@?$GAdynamic?5atexit?5destructor?5for?5?8@ 00000001800170a0     libvcruntime:undname.obj
 0002:000010c8       ??_C@_0CD@CGAJBKEJ@?$GAvector?5copy?5constructor?5iterato@ 00000001800170c8     libvcruntime:undname.obj
 0002:000010f0       ??_C@_0CJ@GJELGAMM@?$GAvector?5vbase?5copy?5constructor?5i@ 00000001800170f0     libvcruntime:undname.obj
 0002:00001120       ??_C@_0CL@FGIJHLCE@?$GAmanaged?5vector?5copy?5constructor@ 0000000180017120     libvcruntime:undname.obj
 0002:00001150       ??_C@_0BM@PMGGMLDN@?$GAlocal?5static?5thread?5guard?8?$AA@ 0000000180017150     libvcruntime:undname.obj
 0002:00001170       ??_C@_0N@BDNMDMOL@operator?5?$CC?$CC?5?$AA@ 0000000180017170     libvcruntime:undname.obj
 0002:00001180       ??_C@_0BC@GGEBGALA@operator?5co_await?$AA@ 0000000180017180     libvcruntime:undname.obj
 0002:00001198       ??_C@_0BC@DAFEJGAK@?5Type?5Descriptor?8?$AA@ 0000000180017198     libvcruntime:undname.obj
 0002:000011b0       ??_C@_0BM@LDKODKLH@?5Base?5Class?5Descriptor?5at?5?$CI?$AA@ 00000001800171b0     libvcruntime:undname.obj
 0002:000011d0       ??_C@_0BD@LGICGFMM@?5Base?5Class?5Array?8?$AA@ 00000001800171d0     libvcruntime:undname.obj
 0002:000011e8       ??_C@_0BN@MECKDCOJ@?5Class?5Hierarchy?5Descriptor?8?$AA@ 00000001800171e8     libvcruntime:undname.obj
 0002:00001208       ??_C@_0BK@CFCOFLF@?5Complete?5Object?5Locator?8?$AA@ 0000000180017208     libvcruntime:undname.obj
 0002:00001270       __acrt_exception_action_table 0000000180017270     libucrt:exception_filter.obj
 0002:00001330       __acrt_signal_action_table_count 0000000180017330     libucrt:exception_filter.obj
 0002:00001338       __acrt_signal_action_first_fpe_index 0000000180017338     libucrt:exception_filter.obj
 0002:00001340       __acrt_signal_action_fpe_count 0000000180017340     libucrt:exception_filter.obj
 0002:00001348       ??_C@_1BI@BGOHAHKC@?$AAm?$AAs?$AAc?$AAo?$AAr?$AAe?$AAe?$AA?4?$AAd?$AAl?$AAl?$AA?$AA@ 0000000180017348     libucrt:exit.obj
 0002:00001360       ??_C@_0P@MIGLKIOC@CorExitProcess?$AA@ 0000000180017360     libucrt:exit.obj
 0002:000015d0       __newctype                 00000001800175d0     libucrt:ctype.obj
 0002:000018d0       __newclmap                 00000001800178d0     libucrt:ctype.obj
 0002:00001a50       __newcumap                 0000000180017a50     libucrt:ctype.obj
 0002:00001bd0       _wctype                    0000000180017bd0     libucrt:ctype.obj
 0002:00001de0       __lc_time_c                0000000180017de0     libucrt:nlsdata.obj
 0002:000020a0       ??_C@_03KOEHGMDN@Sun?$AA@  00000001800180a0     libucrt:nlsdata.obj
 0002:000020a4       ??_C@_03PDAGKDH@Mon?$AA@   00000001800180a4     libucrt:nlsdata.obj
 0002:000020a8       ??_C@_03NAGEINEP@Tue?$AA@  00000001800180a8     libucrt:nlsdata.obj
 0002:000020ac       ??_C@_03MHOMLAJA@Wed?$AA@  00000001800180ac     libucrt:nlsdata.obj
 0002:000020b0       ??_C@_03IOFIKPDN@Thu?$AA@  00000001800180b0     libucrt:nlsdata.obj
 0002:000020b4       ??_C@_03IDIOELNC@Fri?$AA@  00000001800180b4     libucrt:nlsdata.obj
 0002:000020b8       ??_C@_03FEFJNEK@Sat?$AA@   00000001800180b8     libucrt:nlsdata.obj
 0002:000020bc       ??_C@_06OOPIFAJ@Sunday?$AA@ 00000001800180bc     libucrt:nlsdata.obj
 0002:000020c4       ??_C@_06JLEDEDGH@Monday?$AA@ 00000001800180c4     libucrt:nlsdata.obj
 0002:000020d0       ??_C@_07BAAGCFCM@Tuesday?$AA@ 00000001800180d0     libucrt:nlsdata.obj
 0002:000020d8       ??_C@_09DLIGFAKA@Wednesday?$AA@ 00000001800180d8     libucrt:nlsdata.obj
 0002:000020e8       ??_C@_08HACCIKIA@Thursday?$AA@ 00000001800180e8     libucrt:nlsdata.obj
 0002:000020f4       ??_C@_06JECMNKMI@Friday?$AA@ 00000001800180f4     libucrt:nlsdata.obj
 0002:00002100       ??_C@_08INBOOONO@Saturday?$AA@ 0000000180018100     libucrt:nlsdata.obj
 0002:0000210c       ??_C@_03JIHJHPIE@Jan?$AA@  000000018001810c     libucrt:nlsdata.obj
 0002:00002110       ??_C@_03HJBDCHOM@Feb?$AA@  0000000180018110     libucrt:nlsdata.obj
 0002:00002114       ??_C@_03ODNJBKGA@Mar?$AA@  0000000180018114     libucrt:nlsdata.obj
 0002:00002118       ??_C@_03LEOLGMJP@Apr?$AA@  0000000180018118     libucrt:nlsdata.obj
 0002:0000211c       ??_C@_03CNMDKL@May?$AA@    000000018001811c     libucrt:nlsdata.obj
 0002:00002120       ??_C@_03IDFGHECI@Jun?$AA@  0000000180018120     libucrt:nlsdata.obj
 0002:00002124       ??_C@_03LBGABGKK@Jul?$AA@  0000000180018124     libucrt:nlsdata.obj
 0002:00002128       ??_C@_03IFJFEIGA@Aug?$AA@  0000000180018128     libucrt:nlsdata.obj
 0002:0000212c       ??_C@_03GGCAPAJC@Sep?$AA@  000000018001812c     libucrt:nlsdata.obj
 0002:00002130       ??_C@_03BMAOKBAD@Oct?$AA@  0000000180018130     libucrt:nlsdata.obj
 0002:00002134       ??_C@_03JPJOFNIA@Nov?$AA@  0000000180018134     libucrt:nlsdata.obj
 0002:00002138       ??_C@_03MKABNOCG@Dec?$AA@  0000000180018138     libucrt:nlsdata.obj
 0002:00002140       ??_C@_07CGJPFGJA@January?$AA@ 0000000180018140     libucrt:nlsdata.obj
 0002:00002148       ??_C@_08GNJGEPFN@February?$AA@ 0000000180018148     libucrt:nlsdata.obj
 0002:00002154       ??_C@_05HPCKOFNC@March?$AA@ 0000000180018154     libucrt:nlsdata.obj
 0002:0000215c       ??_C@_05DMJDNLEJ@April?$AA@ 000000018001815c     libucrt:nlsdata.obj
 0002:00002164       ??_C@_04CNLMGBGM@June?$AA@ 0000000180018164     libucrt:nlsdata.obj
 0002:0000216c       ??_C@_04MIEPOIFP@July?$AA@ 000000018001816c     libucrt:nlsdata.obj
 0002:00002174       ??_C@_06LBBHFDDG@August?$AA@ 0000000180018174     libucrt:nlsdata.obj
 0002:00002180       ??_C@_09BHHEALKD@September?$AA@ 0000000180018180     libucrt:nlsdata.obj
 0002:00002190       ??_C@_07JJNFCEND@October?$AA@ 0000000180018190     libucrt:nlsdata.obj
 0002:00002198       ??_C@_08HCHEGEOA@November?$AA@ 0000000180018198     libucrt:nlsdata.obj
 0002:000021a8       ??_C@_08EDHMEBNP@December?$AA@ 00000001800181a8     libucrt:nlsdata.obj
 0002:000021b4       ??_C@_02DEDBPAFC@AM?$AA@   00000001800181b4     libucrt:nlsdata.obj
[...]
 0004:00000c0c       $pdata$__acrt_FlsFree      000000018002fc0c     libucrt:winapi_thunks.obj
 0004:00000c18       $pdata$__acrt_FlsGetValue  000000018002fc18     libucrt:winapi_thunks.obj
 0004:00000c24       $pdata$__acrt_FlsSetValue  000000018002fc24     libucrt:winapi_thunks.obj
 0004:00000c30       $pdata$__acrt_InitializeCriticalSectionEx 000000018002fc30     libucrt:winapi_thunks.obj
 0004:00000c3c       $pdata$__acrt_LCMapStringEx 000000018002fc3c     libucrt:winapi_thunks.obj
 0004:00000c48       $pdata$__acrt_LocaleNameToLCID 000000018002fc48     libucrt:winapi_thunks.obj
 0004:00000c54       $pdata$__acrt_initialize_winapi_thunks 000000018002fc54     libucrt:winapi_thunks.obj
 0004:00000c60       $pdata$__acrt_is_packaged_app 000000018002fc60     libucrt:winapi_thunks.obj
 0004:00000c6c       $pdata$__acrt_uninitialize_winapi_thunks 000000018002fc6c     libucrt:winapi_thunks.obj
 0004:00000c78       $pdata$??$common_expand_argv_wildcards@D@@YAHQEAPEADQEAPEAPEAD@Z 000000018002fc78     libucrt:argv_wildcards.obj
 0004:00000c84       $pdata$??$copy_and_add_argument_to_buffer@D@@YAHQEBD0_KAEAV?$argument_list@D@?A0xca0879c4@@@Z 000000018002fc84     libucrt:argv_wildcards.obj
 0004:00000c90       $pdata$??$expand_argument_wildcards@D@@YAHQEAD0AEAV?$argument_list@D@?A0xca0879c4@@@Z 000000018002fc90     libucrt:argv_wildcards.obj
 0004:00000c9c       $pdata$?expand_if_necessary@?$argument_list@D@?A0xca0879c4@@AEAAHXZ 000000018002fc9c     libucrt:argv_wildcards.obj
 0004:00000ca8       $pdata$??$?RV<lambda_99476a1ad63dd22509b5d3e65b0ffc95>@@AEAV<lambda_ad1ced32f4ac17aa236e5ef05d6b3b7c>@@V<lambda_f7424dd8d45958661754dc4f2697e9c3>@@@?$__crt_seh_guarded_call@X@@QEAAX$$QEAV<lambda_99476a1ad63dd22509b5d3e65b0ffc95>@@AEAV<lambda_ad1ced32f4ac17aa236e5ef05d6b3b7c>@@$$QEAV<lambda_f7424dd8d45958661754dc4f2697e9c3>@@@Z 000000018002fca8     libucrt:mbctype.obj
 0004:00000cb4       $pdata$??R<lambda_ad1ced32f4ac17aa236e5ef05d6b3b7c>@@QEBAXXZ 000000018002fcb4     libucrt:mbctype.obj
 0004:00000cc0       $pdata$?getSystemCP@@YAHH@Z 000000018002fcc0     libucrt:mbctype.obj
 0004:00000ccc       $pdata$?setSBCS@@YAXPEAU__crt_multibyte_data@@@Z 000000018002fccc     libucrt:mbctype.obj
 0004:00000cd8       $pdata$?setSBUpLow@@YAXPEAU__crt_multibyte_data@@@Z 000000018002fcd8     libucrt:mbctype.obj
 0004:00000ce4       $pdata$?setmbcp_internal@@YAHH_N@Z 000000018002fce4     libucrt:mbctype.obj
 0004:00000cf0       $pdata$__acrt_initialize_multibyte 000000018002fcf0     libucrt:mbctype.obj
 0004:00000cfc       $pdata$__acrt_update_thread_multibyte_data 000000018002fcfc     libucrt:mbctype.obj
 0004:00000d08       $pdata$_setmbcp_nolock     000000018002fd08     libucrt:mbctype.obj
 0004:00000d14       $pdata$?x_ismbbtype_l@@YAHPEAU__crt_locale_pointers@@IHH@Z 000000018002fd14     libucrt:ismbbyte.obj
 0004:00000d20       $pdata$__acrt_initialize_command_line 000000018002fd20     libucrt:argv_data.obj
 0004:00000d2c       $pdata$__dcrt_get_narrow_environment_from_os 000000018002fd2c     libucrt:get_environment_from_os.obj
 0004:00000d38       $pdata$_recalloc_base      000000018002fd38     libucrt:recalloc.obj
 0004:00000d44       $pdata$__acrt_initialize_heap 000000018002fd44     libucrt:heap_handle.obj
 0004:00000d50       $pdata$?initialize_inherited_file_handles_nolock@@YAXXZ 000000018002fd50     libucrt:ioinit.obj
 0004:00000d5c       $pdata$?initialize_stdio_handles_nolock@@YAXXZ 000000018002fd5c     libucrt:ioinit.obj
 0004:00000d68       $pdata$__acrt_initialize_lowio 000000018002fd68     libucrt:ioinit.obj
 0004:00000d74       $pdata$__acrt_uninitialize_lowio 000000018002fd74     libucrt:ioinit.obj
 0004:00000d80       $pdata$__acrt_execute_initializers 000000018002fd80     libucrt:shared_initialization.obj
 0004:00000d8c       $pdata$__acrt_execute_uninitializers 000000018002fd8c     libucrt:shared_initialization.obj
 0004:00000d98       $pdata$_callnewh           000000018002fd98     libucrt:new_handler.obj
 0004:00000da4       $pdata$_query_new_handler  000000018002fda4     libucrt:new_handler.obj
 0004:00000db0       $pdata$??$?RV<lambda_c36588078e9f5dfd39652860aa6b3aaf>@@AEAV<lambda_ec61778202f4f5fc7e7711acc23c3bca>@@V<lambda_dc9d2797ccde5d239b4a0efae8ebd7db>@@@?$__crt_seh_guarded_call@P6AXH@Z@@QEAAP6AXH@Z$$QEAV<lambda_c36588078e9f5dfd39652860aa6b3aaf>@@AEAV<lambda_ec61778202f4f5fc7e7711acc23c3bca>@@$$QEAV<lambda_dc9d2797ccde5d239b4a0efae8ebd7db>@@@Z 000000018002fdb0     libucrt:signal.obj
 0004:00000dbc       $pdata$__acrt_get_sigabrt_handler 000000018002fdbc     libucrt:signal.obj
 0004:00000dc8       $pdata$raise               000000018002fdc8     libucrt:signal.obj
 0004:00000dd4       $pdata$__acrt_invoke_user_matherr 000000018002fdd4     libucrt:matherr.obj
 0004:00000de0       $pdata$_mbtowc_l           000000018002fde0     libucrt:mbtowc.obj
 0004:00000dec       $pdata$_fileno             000000018002fdec     libucrt:fileno.obj
 0004:00000df8       $pdata$__acrt_initialize_stdio 000000018002fdf8     libucrt:_file.obj
 0004:00000e04       $pdata$__acrt_uninitialize_stdio 000000018002fe04     libucrt:_file.obj
 0004:00000e10       $pdata$_isleadbyte_l       000000018002fe10     libucrt:_wctype.obj
 0004:00000e1c       $pdata$__acrt_GetStringTypeA 000000018002fe1c     libucrt:getstringtypea.obj
 0004:00000e28       $pdata$__acrt_free_locale  000000018002fe28     libucrt:locale_refcounting.obj
 0004:00000e34       $pdata$__acrt_locale_free_lc_time_if_unreferenced 000000018002fe34     libucrt:locale_refcounting.obj
 0004:00000e40       $pdata$__acrt_release_locale_ref 000000018002fe40     libucrt:locale_refcounting.obj
 0004:00000e4c       $pdata$__acrt_update_thread_locale_data 000000018002fe4c     libucrt:locale_refcounting.obj
 0004:00000e58       $pdata$_updatetlocinfoEx_nolock 000000018002fe58     libucrt:locale_refcounting.obj
 0004:00000e64       $pdata$__acrt_locale_free_monetary 000000018002fe64     libucrt:initmon.obj
 0004:00000e70       $pdata$__acrt_locale_free_numeric 000000018002fe70     libucrt:initnum.obj
 0004:00000e7c       $pdata$?free_crt_array_internal@@YAXQEAPEBX_K@Z 000000018002fe7c     libucrt:inittime.obj
 0004:00000e88       $pdata$__acrt_locale_free_time 000000018002fe88     libucrt:inittime.obj
 0004:00000e94       $pdata$?GetTableIndexFromLocaleName@@YAHPEB_W@Z 000000018002fe94     libucrt:lcidtoname_downlevel.obj
 0004:00000ea0       $pdata$__acrt_DownlevelLocaleNameToLCID 000000018002fea0     libucrt:lcidtoname_downlevel.obj
 0004:00000eac       $pdata$?shortsort@@YAXPEAD0_KP6AHPEBX2@Z@Z 000000018002feac     libucrt:qsort.obj
 0004:00000eb8       $pdata$2$?shortsort@@YAXPEAD0_KP6AHPEBX2@Z@Z 000000018002feb8     libucrt:qsort.obj
 0004:00000ec4       $pdata$3$?shortsort@@YAXPEAD0_KP6AHPEBX2@Z@Z 000000018002fec4     libucrt:qsort.obj
 0004:00000ed0       $pdata$qsort               000000018002fed0     libucrt:qsort.obj
 0004:00000edc       $pdata$4$qsort             000000018002fedc     libucrt:qsort.obj
 0004:00000ee8       $pdata$5$qsort             000000018002fee8     libucrt:qsort.obj
 0004:00000ef4       $pdata$strncpy_s           000000018002fef4     libucrt:strncpy_s.obj
 0004:00000f00       $pdata$strpbrk             000000018002ff00     libucrt:strpbrk.obj
 0004:00000f0c       $pdata$_mbsdec_l           000000018002ff0c     libucrt:mbsdec.obj
 0004:00000f18       $pdata$?initialize_multibyte@@YAHXZ 000000018002ff18     libucrt:multibyte_initializer.obj
 0004:00000f24       $pdata$?__acrt_LCMapStringA_stat@@YAHPEAU__crt_locale_pointers@@PEB_WKPEBDHPEADHHH@Z 000000018002ff24     libucrt:lcmapstringa.obj
 0004:00000f30       $pdata$__acrt_LCMapStringA 000000018002ff30     libucrt:lcmapstringa.obj
 0004:00000f3c       $pdata$_msize              000000018002ff3c     libucrt:msize.obj
 0004:00000f48       $pdata$_realloc_base       000000018002ff48     libucrt:realloc_base.obj
 0004:00000f54       $pdata$__acrt_lowio_create_handle_array 000000018002ff54     libucrt:osfinfo.obj
 0004:00000f60       $pdata$__acrt_lowio_destroy_handle_array 000000018002ff60     libucrt:osfinfo.obj
 0004:00000f6c       $pdata$__acrt_lowio_ensure_fh_exists 000000018002ff6c     libucrt:osfinfo.obj
 0004:00000f78       $pdata$_free_osfhnd        000000018002ff78     libucrt:osfinfo.obj
 0004:00000f84       $pdata$_get_osfhandle      000000018002ff84     libucrt:osfinfo.obj
 0004:00000f90       $pdata$_isatty             000000018002ff90     libucrt:isatty.obj
 0004:00000f9c       $pdata$__acrt_stdio_flush_nolock 000000018002ff9c     libucrt:fflush.obj
 0004:00000fa8       $pdata$_fflush_nolock      000000018002ffa8     libucrt:fflush.obj
 0004:00000fb4       $pdata$common_flush_all    000000018002ffb4     libucrt:fflush.obj
 0004:00000fc0       $pdata$_fcloseall          000000018002ffc0     libucrt:closeall.obj
 0004:00000fcc       $pdata$__acrt_stdio_free_buffer_nolock 000000018002ffcc     libucrt:_freebuf.obj
 0004:00000fd8       $pdata$??$?RV<lambda_b521505b218e5242e90febf6bfebc422>@@AEAV<lambda_6978c1fb23f02e42e1d9e99668cc68aa>@@V<lambda_314360699dd331753a4119843814e9a7>@@@?$__crt_seh_guarded_call@H@@QEAAH$$QEAV<lambda_b521505b218e5242e90febf6bfebc422>@@AEAV<lambda_6978c1fb23f02e42e1d9e99668cc68aa>@@$$QEAV<lambda_314360699dd331753a4119843814e9a7>@@@Z 000000018002ffd8     libucrt:commit.obj
 0004:00000fe4       $pdata$_commit             000000018002ffe4     libucrt:commit.obj
 0004:00000ff0       $pdata$?write_double_translated_ansi_nolock@@YA?AUwrite_result@?A0x9c548279@@HQEBDI@Z 000000018002fff0     libucrt:write.obj
 0004:00000ffc       $pdata$?write_text_ansi_nolock@@YA?AUwrite_result@?A0x9c548279@@HQEBDI@Z 000000018002fffc     libucrt:write.obj
 0004:00001008       $pdata$?write_text_utf16le_nolock@@YA?AUwrite_result@?A0x9c548279@@HQEBDI@Z 0000000180030008     libucrt:write.obj
 0004:00001014       $pdata$?write_text_utf8_nolock@@YA?AUwrite_result@?A0x9c548279@@HQEBDI@Z 0000000180030014     libucrt:write.obj
 0004:00001020       $pdata$_write              0000000180030020     libucrt:write.obj
 0004:0000102c       $pdata$_write_nolock       000000018003002c     libucrt:write.obj
 0004:00001044       $pdata$??$common_lseek_nolock@_J@@YA_JH_JH@Z 0000000180030044     libucrt:lseek.obj
 0004:00001050       $pdata$_fclose_nolock      0000000180030050     libucrt:fclose.obj
 0004:0000105c       $pdata$fclose              000000018003005c     libucrt:fclose.obj
 0004:00001068       $pdata$_putwch_nolock      0000000180030068     libucrt:putwch.obj
 0004:00001074       $pdata$_call_matherr       0000000180030074     libucrt:libm_error.obj
 0004:00001080       $pdata$_exception_enabled  0000000180030080     libucrt:libm_error.obj
 0004:0000108c       $pdata$_handle_error       000000018003008c     libucrt:libm_error.obj
 0004:00001098       $pdata$__acrt_initialize_fma3 0000000180030098     libucrt:fma3_available.obj
 0004:000010a4       $pdata$_log10_special      00000001800300a4     libucrt:log_special.obj
 0004:000010b0       $pdata$_log_special_common 00000001800300b0     libucrt:log_special.obj
 0004:000010bc       $pdata$??$?RV<lambda_bfedae4ebbf01fab1bb6dcc6a9e276e0>@@AEAV<lambda_2fe9b910cf3cbf4a0ab98a02ba45b3ec>@@V<lambda_237c231691f317818eb88cc1d5d642d6>@@@?$__crt_seh_guarded_call@H@@QEAAH$$QEAV<lambda_bfedae4ebbf01fab1bb6dcc6a9e276e0>@@AEAV<lambda_2fe9b910cf3cbf4a0ab98a02ba45b3ec>@@$$QEAV<lambda_237c231691f317818eb88cc1d5d642d6>@@@Z 00000001800300bc     libucrt:close.obj
 0004:000010c8       $pdata$_close              00000001800300c8     libucrt:close.obj
 0004:000010d4       $pdata$_close_nolock       00000001800300d4     libucrt:close.obj
 0004:000010e0       $pdata$__dcrt_lowio_initialize_console_output 00000001800300e0     libucrt:initcon.obj
 0004:000010ec       $pdata$__dcrt_terminate_console_output 00000001800300ec     libucrt:initcon.obj
 0004:00001104       $pdata$_raise_exc          0000000180030104     libucrt:fpexcept.obj
 0004:00001110       $pdata$_raise_exc_ex       0000000180030110     libucrt:fpexcept.obj
 0004:0000111c       $pdata$_set_errno_from_matherr 000000018003011c     libucrt:fpexcept.obj
 0004:00001128       $pdata$_clrfp              0000000180030128     libucrt:fpctrl.obj
 0004:00001134       $pdata$_ctrlfp             0000000180030134     libucrt:fpctrl.obj
 0004:00001140       $pdata$_set_statfp         0000000180030140     libucrt:fpctrl.obj
 0004:0000114c       $pdata$_statfp             000000018003014c     libucrt:fpctrl.obj
 0004:00001158       $pdata$__GSHandlerCheck    0000000180030158     LIBCMT:_gshandler_.obj
 0004:00001164       $pdata$__GSHandlerCheckCommon 0000000180030164     LIBCMT:_gshandler_.obj
 0004:00001170       $pdata$_IsNonwritableInCurrentImage 0000000180030170     LIBCMT:pesect.obj
 0004:00001194       $pdata$__GSHandlerCheck_EH 0000000180030194     LIBCMT:gshandlereh.obj
 0004:000011dc       $pdata$?fin$0@?0??dllmain_crt_process_attach@@YAHQEAUHINSTANCE__@@QEAX@Z@4HA 00000001800301dc     LIBCMT:dll_dllmain.obj
 0004:000011e8       $pdata$?fin$0@?0??dllmain_crt_process_detach@@YAH_N@Z@4HA 00000001800301e8     LIBCMT:dll_dllmain.obj
 0004:000011f4       $pdata$?filt$0@?0??dllmain_dispatch@@YAHQEAUHINSTANCE__@@KQEAX@Z@4HA 00000001800301f4     LIBCMT:dll_dllmain.obj
 0004:00001200       $pdata$__scrt_is_nonwritable_in_current_image$filt$0 0000000180030200     LIBCMT:utility.obj
 0004:0000120c       $pdata$_CallSETranslator$filt$0 000000018003020c     libvcruntime:risctrnsctrl.obj
 0004:00001218       $pdata$__DestructExceptionObject$filt$0 0000000180030218     libvcruntime:ehhelpers.obj
 0004:00001224       $pdata$__CxxCallCatchBlock$filt$0 0000000180030224     libvcruntime:frame.obj
 0004:00001230       $pdata$__CxxCallCatchBlock$fin$1 0000000180030230     libvcruntime:frame.obj
 0004:0000123c       $pdata$__FrameUnwindToState$filt$0 000000018003023c     libvcruntime:frame.obj
 0004:00001248       $pdata$__FrameUnwindToState$fin$1 0000000180030248     libvcruntime:frame.obj
 0004:00001254       $pdata$?filt$0@?0??common_exit@@YAXHW4_crt_exit_cleanup_mode@@W4_crt_exit_return_mode@@@Z@4HA 0000000180030254     libucrt:exit.obj
 0004:00001260       $pdata$?fin$1@?0??common_exit@@YAXHW4_crt_exit_cleanup_mode@@W4_crt_exit_return_mode@@@Z@4HA 0000000180030260     libucrt:exit.obj
 0004:0000126c       $pdata$?fin$0@?0???$?RV<lambda_e24bbb7b643b32fcea6fa61b31d4c984>@@AEAV<lambda_275893d493268fdec8709772e3fcec0e>@@V<lambda_9d71df4d7cf3f480f8d633942495c3b0>@@@?$__crt_seh_guarded_call@H@@QEAAH$$QEAV<lambda_e24bbb7b643b32fcea6fa61b31d4c984>@@AEAV<lambda_275893d493268fdec8709772e3fcec0e>@@$$QEAV<lambda_9d71df4d7cf3f480f8d633942495c3b0>@@@Z@4HA 000000018003026c     libucrt:onexit.obj
 0004:00001278       $pdata$?fin$0@?0???$?RV<lambda_46352004c1216016012b18bd6f87e700>@@AEAV<lambda_3bd07e1a1191394380780325891bf33f>@@V<lambda_334532d3f185bcaa59b5be82d7d22bff>@@@?$__crt_seh_guarded_call@X@@QEAAX$$QEAV<lambda_46352004c1216016012b18bd6f87e700>@@AEAV<lambda_3bd07e1a1191394380780325891bf33f>@@$$QEAV<lambda_334532d3f185bcaa59b5be82d7d22bff>@@@Z@4HA 0000000180030278     libucrt:per_thread_data.obj
 0004:00001278       $pdata$?fin$0@?0???$?RV<lambda_b8c45f8f788dd370798f47cfe8ac3a86>@@AEAV<lambda_4e60a939b0d047cfe11ddc22648dfba9>@@V<lambda_332c3edc96d0294ec56c57d38c1cdfd5>@@@?$__crt_seh_guarded_call@H@@QEAAH$$QEAV<lambda_b8c45f8f788dd370798f47cfe8ac3a86>@@AEAV<lambda_4e60a939b0d047cfe11ddc22648dfba9>@@$$QEAV<lambda_332c3edc96d0294ec56c57d38c1cdfd5>@@@Z@4HA 0000000180030278     libucrt:onexit.obj
 0004:00001278       $pdata$?fin$0@?0???$?RV<lambda_99476a1ad63dd22509b5d3e65b0ffc95>@@AEAV<lambda_ad1ced32f4ac17aa236e5ef05d6b3b7c>@@V<lambda_f7424dd8d45958661754dc4f2697e9c3>@@@?$__crt_seh_guarded_call@X@@QEAAX$$QEAV<lambda_99476a1ad63dd22509b5d3e65b0ffc95>@@AEAV<lambda_ad1ced32f4ac17aa236e5ef05d6b3b7c>@@$$QEAV<lambda_f7424dd8d45958661754dc4f2697e9c3>@@@Z@4HA 0000000180030278     libucrt:mbctype.obj
 0004:00001278       $pdata$?fin$0@?0???$?RV<lambda_5e887d1dcbef67a5eb4283622ba103bf>@@AEAV<lambda_4466841279450cc726390878d4a41900>@@V<lambda_341c25c0346d94847f1f3c463c57e077>@@@?$__crt_seh_guarded_call@X@@QEAAX$$QEAV<lambda_5e887d1dcbef67a5eb4283622ba103bf>@@AEAV<lambda_4466841279450cc726390878d4a41900>@@$$QEAV<lambda_341c25c0346d94847f1f3c463c57e077>@@@Z@4HA 0000000180030278     libucrt:per_thread_data.obj
 0004:00001278       $pdata$?fin$0@?0???$?RV<lambda_72d1df2b273a38828b1ce30cbf4cdab5>@@AEAV<lambda_876a65b173b8412d3a47c70a915b0cf4>@@V<lambda_41932305e351933ebe8f8be3ed8bb5dc>@@@?$__crt_seh_guarded_call@X@@QEAAX$$QEAV<lambda_72d1df2b273a38828b1ce30cbf4cdab5>@@AEAV<lambda_876a65b173b8412d3a47c70a915b0cf4>@@$$QEAV<lambda_41932305e351933ebe8f8be3ed8bb5dc>@@@Z@4HA 0000000180030278     libucrt:per_thread_data.obj
 0004:00001278       $pdata$?fin$0@?0???$?RV<lambda_fb3a7dec4e47f37f22dae91bb15c9095>@@AEAV<lambda_698284760c8add0bfb0756c19673e34b>@@V<lambda_dfb8eca1e75fef3034a8fb18dd509707>@@@?$__crt_seh_guarded_call@X@@QEAAX$$QEAV<lambda_fb3a7dec4e47f37f22dae91bb15c9095>@@AEAV<lambda_698284760c8add0bfb0756c19673e34b>@@$$QEAV<lambda_dfb8eca1e75fef3034a8fb18dd509707>@@@Z@4HA 0000000180030278     libucrt:per_thread_data.obj
 0004:00001278       $pdata$?fin$0@?0???$?RV<lambda_c36588078e9f5dfd39652860aa6b3aaf>@@AEAV<lambda_ec61778202f4f5fc7e7711acc23c3bca>@@V<lambda_dc9d2797ccde5d239b4a0efae8ebd7db>@@@?$__crt_seh_guarded_call@P6AXH@Z@@QEAAP6AXH@Z$$QEAV<lambda_c36588078e9f5dfd39652860aa6b3aaf>@@AEAV<lambda_ec61778202f4f5fc7e7711acc23c3bca>@@$$QEAV<lambda_dc9d2797ccde5d239b4a0efae8ebd7db>@@@Z@4HA 0000000180030278     libucrt:signal.obj
 0004:00001284       $pdata$__acrt_update_thread_multibyte_data$fin$0 0000000180030284     libucrt:mbctype.obj
 0004:00001290       $pdata$__acrt_lowio_ensure_fh_exists$fin$0 0000000180030290     libucrt:osfinfo.obj
 0004:00001290       $pdata$__acrt_initialize_lowio$fin$0 0000000180030290     libucrt:ioinit.obj
 0004:0000129c       $pdata$_query_new_handler$fin$0 000000018003029c     libucrt:new_handler.obj
 0004:000012a8       $pdata$raise$fin$0         00000001800302a8     libucrt:signal.obj
 0004:000012b4       $pdata$__acrt_update_thread_locale_data$fin$0 00000001800302b4     libucrt:locale_refcounting.obj
 0004:000012b4       $pdata$__acrt_uninitialize_locale$fin$0 00000001800302b4     libucrt:wsetlocale.obj
 0004:000012c0       $pdata$common_flush_all$fin$0 00000001800302c0     libucrt:fflush.obj
 0004:000012cc       $pdata$common_flush_all$fin$1 00000001800302cc     libucrt:fflush.obj
 0004:000012d8       $pdata$_fcloseall$fin$0    00000001800302d8     libucrt:closeall.obj
 0004:000012e4       $pdata$?fin$0@?0???$?RV<lambda_b521505b218e5242e90febf6bfebc422>@@AEAV<lambda_6978c1fb23f02e42e1d9e99668cc68aa>@@V<lambda_314360699dd331753a4119843814e9a7>@@@?$__crt_seh_guarded_call@H@@QEAAH$$QEAV<lambda_b521505b218e5242e90febf6bfebc422>@@AEAV<lambda_6978c1fb23f02e42e1d9e99668cc68aa>@@$$QEAV<lambda_314360699dd331753a4119843814e9a7>@@@Z@4HA 00000001800302e4     libucrt:commit.obj
 0004:000012e4       $pdata$?fin$0@?0???$?RV<lambda_bfedae4ebbf01fab1bb6dcc6a9e276e0>@@AEAV<lambda_2fe9b910cf3cbf4a0ab98a02ba45b3ec>@@V<lambda_237c231691f317818eb88cc1d5d642d6>@@@?$__crt_seh_guarded_call@H@@QEAAH$$QEAV<lambda_bfedae4ebbf01fab1bb6dcc6a9e276e0>@@AEAV<lambda_2fe9b910cf3cbf4a0ab98a02ba45b3ec>@@$$QEAV<lambda_237c231691f317818eb88cc1d5d642d6>@@@Z@4HA 00000001800302e4     libucrt:close.obj
 0004:000012f0       $pdata$_write$fin$0        00000001800302f0     libucrt:write.obj
 0004:000012fc       $pdata$fclose$fin$0        00000001800302fc     libucrt:fclose.obj
 0004:00001308       $pdata$_ctrlfp$filt$0      0000000180030308     libucrt:fpctrl.obj
 0004:00001314       $pdata$_IsNonwritableInCurrentImage$filt$0 0000000180030314     LIBCMT:pesect.obj
 0005:000000a0       $R000000                   00000001800310a0     ConEmuBg.res
 0005:000003b8       $R000318                   00000001800313b8     ConEmuBg.res
